# compile-train-graphs --read-disambig-syms=data/lang/phones/disambig.int exp/mono_ali/tree exp/mono_ali/final.mdl data/lang/L.fst "ark:utils/sym2int.pl --map-oov 2 -f 2- data/lang/words.txt data/train/split15/11/text|" ark:- | gmm-align-compiled --transition-scale=1.0 --acoustic-scale=0.1 --self-loop-scale=0.1 --beam=10 --retry-beam=40 --careful=false "gmm-boost-silence --boost=1.0 1 exp/mono_ali/final.mdl - |" ark:- "ark,s,cs:apply-cmvn  --utt2spk=ark:data/train/split15/11/utt2spk scp:data/train/split15/11/cmvn.scp scp:data/train/split15/11/feats.scp ark:- | add-deltas  ark:- ark:- |" "ark,t:|gzip -c >exp/mono_ali/ali.11.gz" 
# Started at Wed Jan 14 11:38:02 EET 2026
#
compile-train-graphs --read-disambig-syms=data/lang/phones/disambig.int exp/mono_ali/tree exp/mono_ali/final.mdl data/lang/L.fst 'ark:utils/sym2int.pl --map-oov 2 -f 2- data/lang/words.txt data/train/split15/11/text|' ark:- 
gmm-align-compiled --transition-scale=1.0 --acoustic-scale=0.1 --self-loop-scale=0.1 --beam=10 --retry-beam=40 --careful=false 'gmm-boost-silence --boost=1.0 1 exp/mono_ali/final.mdl - |' ark:- 'ark,s,cs:apply-cmvn  --utt2spk=ark:data/train/split15/11/utt2spk scp:data/train/split15/11/cmvn.scp scp:data/train/split15/11/feats.scp ark:- | add-deltas  ark:- ark:- |' 'ark,t:|gzip -c >exp/mono_ali/ali.11.gz' 
gmm-boost-silence --boost=1.0 1 exp/mono_ali/final.mdl - 
WARNING (gmm-boost-silence[5.5.1182~1-e02e3]:main():gmm-boost-silence.cc:82) The pdfs for the silence phones may be shared by other phones (note: this probably does not matter.)
LOG (gmm-boost-silence[5.5.1182~1-e02e3]:main():gmm-boost-silence.cc:93) Boosted weights for 5 pdfs, by factor of 1
LOG (gmm-boost-silence[5.5.1182~1-e02e3]:main():gmm-boost-silence.cc:103) Wrote model to -
add-deltas ark:- ark:- 
apply-cmvn --utt2spk=ark:data/train/split15/11/utt2spk scp:data/train/split15/11/cmvn.scp scp:data/train/split15/11/feats.scp ark:- 
LOG (gmm-align-compiled[5.5.1182~1-e02e3]:main():gmm-align-compiled.cc:127) common_voice_lt_37046177
LOG (gmm-align-compiled[5.5.1182~1-e02e3]:main():gmm-align-compiled.cc:127) common_voice_lt_37046178
LOG (gmm-align-compiled[5.5.1182~1-e02e3]:main():gmm-align-compiled.cc:127) common_voice_lt_37046180
LOG (gmm-align-compiled[5.5.1182~1-e02e3]:main():gmm-align-compiled.cc:127) common_voice_lt_37046181
LOG (gmm-align-compiled[5.5.1182~1-e02e3]:main():gmm-align-compiled.cc:127) common_voice_lt_37046182
LOG (gmm-align-compiled[5.5.1182~1-e02e3]:main():gmm-align-compiled.cc:127) common_voice_lt_37046184
LOG (gmm-align-compiled[5.5.1182~1-e02e3]:main():gmm-align-compiled.cc:127) common_voice_lt_37046191
LOG (gmm-align-compiled[5.5.1182~1-e02e3]:main():gmm-align-compiled.cc:127) common_voice_lt_37046192
LOG (gmm-align-compiled[5.5.1182~1-e02e3]:main():gmm-align-compiled.cc:127) common_voice_lt_37046193
LOG (gmm-align-compiled[5.5.1182~1-e02e3]:main():gmm-align-compiled.cc:127) common_voice_lt_37046194
LOG (gmm-align-compiled[5.5.1182~1-e02e3]:main():gmm-align-compiled.cc:127) common_voice_lt_37046207
LOG (gmm-align-compiled[5.5.1182~1-e02e3]:main():gmm-align-compiled.cc:127) common_voice_lt_37046211
LOG (gmm-align-compiled[5.5.1182~1-e02e3]:main():gmm-align-compiled.cc:127) common_voice_lt_37046212
LOG (gmm-align-compiled[5.5.1182~1-e02e3]:main():gmm-align-compiled.cc:127) common_voice_lt_37046213
LOG (gmm-align-compiled[5.5.1182~1-e02e3]:main():gmm-align-compiled.cc:127) common_voice_lt_37046219
LOG (gmm-align-compiled[5.5.1182~1-e02e3]:main():gmm-align-compiled.cc:127) common_voice_lt_37046220
LOG (gmm-align-compiled[5.5.1182~1-e02e3]:main():gmm-align-compiled.cc:127) common_voice_lt_37046222
LOG (gmm-align-compiled[5.5.1182~1-e02e3]:main():gmm-align-compiled.cc:127) common_voice_lt_37046223
LOG (gmm-align-compiled[5.5.1182~1-e02e3]:main():gmm-align-compiled.cc:127) common_voice_lt_37046230
LOG (gmm-align-compiled[5.5.1182~1-e02e3]:main():gmm-align-compiled.cc:127) common_voice_lt_37046231
LOG (gmm-align-compiled[5.5.1182~1-e02e3]:main():gmm-align-compiled.cc:127) common_voice_lt_37046232
LOG (gmm-align-compiled[5.5.1182~1-e02e3]:main():gmm-align-compiled.cc:127) common_voice_lt_37046233
LOG (gmm-align-compiled[5.5.1182~1-e02e3]:main():gmm-align-compiled.cc:127) common_voice_lt_37079103
LOG (gmm-align-compiled[5.5.1182~1-e02e3]:main():gmm-align-compiled.cc:127) common_voice_lt_37079104
LOG (gmm-align-compiled[5.5.1182~1-e02e3]:main():gmm-align-compiled.cc:127) common_voice_lt_37079105
LOG (gmm-align-compiled[5.5.1182~1-e02e3]:main():gmm-align-compiled.cc:127) common_voice_lt_37079106
LOG (gmm-align-compiled[5.5.1182~1-e02e3]:main():gmm-align-compiled.cc:127) common_voice_lt_37079107
LOG (gmm-align-compiled[5.5.1182~1-e02e3]:main():gmm-align-compiled.cc:127) common_voice_lt_37079127
LOG (gmm-align-compiled[5.5.1182~1-e02e3]:main():gmm-align-compiled.cc:127) common_voice_lt_37079128
LOG (gmm-align-compiled[5.5.1182~1-e02e3]:main():gmm-align-compiled.cc:127) common_voice_lt_37079129
LOG (gmm-align-compiled[5.5.1182~1-e02e3]:main():gmm-align-compiled.cc:127) common_voice_lt_37079130
LOG (gmm-align-compiled[5.5.1182~1-e02e3]:main():gmm-align-compiled.cc:127) common_voice_lt_37079131
LOG (gmm-align-compiled[5.5.1182~1-e02e3]:main():gmm-align-compiled.cc:127) common_voice_lt_37079157
LOG (gmm-align-compiled[5.5.1182~1-e02e3]:main():gmm-align-compiled.cc:127) common_voice_lt_37079158
LOG (gmm-align-compiled[5.5.1182~1-e02e3]:main():gmm-align-compiled.cc:127) common_voice_lt_37079159
LOG (gmm-align-compiled[5.5.1182~1-e02e3]:main():gmm-align-compiled.cc:127) common_voice_lt_37079160
LOG (gmm-align-compiled[5.5.1182~1-e02e3]:main():gmm-align-compiled.cc:127) common_voice_lt_37079161
LOG (gmm-align-compiled[5.5.1182~1-e02e3]:main():gmm-align-compiled.cc:127) common_voice_lt_37079182
LOG (gmm-align-compiled[5.5.1182~1-e02e3]:main():gmm-align-compiled.cc:127) common_voice_lt_37079183
LOG (gmm-align-compiled[5.5.1182~1-e02e3]:main():gmm-align-compiled.cc:127) common_voice_lt_37079184
LOG (gmm-align-compiled[5.5.1182~1-e02e3]:main():gmm-align-compiled.cc:127) common_voice_lt_37079185
LOG (gmm-align-compiled[5.5.1182~1-e02e3]:main():gmm-align-compiled.cc:127) common_voice_lt_37079186
LOG (gmm-align-compiled[5.5.1182~1-e02e3]:main():gmm-align-compiled.cc:127) common_voice_lt_37079197
LOG (gmm-align-compiled[5.5.1182~1-e02e3]:main():gmm-align-compiled.cc:127) common_voice_lt_37079198
LOG (gmm-align-compiled[5.5.1182~1-e02e3]:main():gmm-align-compiled.cc:127) common_voice_lt_37079199
LOG (gmm-align-compiled[5.5.1182~1-e02e3]:main():gmm-align-compiled.cc:127) common_voice_lt_37079215
LOG (gmm-align-compiled[5.5.1182~1-e02e3]:main():gmm-align-compiled.cc:127) common_voice_lt_37079216
LOG (gmm-align-compiled[5.5.1182~1-e02e3]:main():gmm-align-compiled.cc:127) common_voice_lt_37079217
LOG (gmm-align-compiled[5.5.1182~1-e02e3]:main():gmm-align-compiled.cc:127) common_voice_lt_37079218
LOG (gmm-align-compiled[5.5.1182~1-e02e3]:main():gmm-align-compiled.cc:127) common_voice_lt_37079219
LOG (gmm-align-compiled[5.5.1182~1-e02e3]:main():gmm-align-compiled.cc:127) common_voice_lt_37079240
LOG (gmm-align-compiled[5.5.1182~1-e02e3]:main():gmm-align-compiled.cc:127) common_voice_lt_37079241
LOG (gmm-align-compiled[5.5.1182~1-e02e3]:main():gmm-align-compiled.cc:127) common_voice_lt_37079242
LOG (gmm-align-compiled[5.5.1182~1-e02e3]:main():gmm-align-compiled.cc:127) common_voice_lt_37079244
LOG (gmm-align-compiled[5.5.1182~1-e02e3]:main():gmm-align-compiled.cc:127) common_voice_lt_37079270
LOG (gmm-align-compiled[5.5.1182~1-e02e3]:main():gmm-align-compiled.cc:127) common_voice_lt_37079272
LOG (gmm-align-compiled[5.5.1182~1-e02e3]:main():gmm-align-compiled.cc:127) common_voice_lt_37079273
LOG (gmm-align-compiled[5.5.1182~1-e02e3]:main():gmm-align-compiled.cc:127) common_voice_lt_37079274
LOG (gmm-align-compiled[5.5.1182~1-e02e3]:main():gmm-align-compiled.cc:127) common_voice_lt_37079290
LOG (gmm-align-compiled[5.5.1182~1-e02e3]:main():gmm-align-compiled.cc:127) common_voice_lt_37079291
LOG (gmm-align-compiled[5.5.1182~1-e02e3]:main():gmm-align-compiled.cc:127) common_voice_lt_37079292
LOG (gmm-align-compiled[5.5.1182~1-e02e3]:main():gmm-align-compiled.cc:127) common_voice_lt_37079293
LOG (gmm-align-compiled[5.5.1182~1-e02e3]:main():gmm-align-compiled.cc:127) common_voice_lt_37079294
LOG (gmm-align-compiled[5.5.1182~1-e02e3]:main():gmm-align-compiled.cc:127) common_voice_lt_37079305
LOG (gmm-align-compiled[5.5.1182~1-e02e3]:main():gmm-align-compiled.cc:127) common_voice_lt_37079306
LOG (gmm-align-compiled[5.5.1182~1-e02e3]:main():gmm-align-compiled.cc:127) common_voice_lt_37079307
LOG (gmm-align-compiled[5.5.1182~1-e02e3]:main():gmm-align-compiled.cc:127) common_voice_lt_37079308
LOG (gmm-align-compiled[5.5.1182~1-e02e3]:main():gmm-align-compiled.cc:127) common_voice_lt_37079324
LOG (gmm-align-compiled[5.5.1182~1-e02e3]:main():gmm-align-compiled.cc:127) common_voice_lt_37079326
LOG (gmm-align-compiled[5.5.1182~1-e02e3]:main():gmm-align-compiled.cc:127) common_voice_lt_37079328
LOG (gmm-align-compiled[5.5.1182~1-e02e3]:main():gmm-align-compiled.cc:127) common_voice_lt_37079330
LOG (gmm-align-compiled[5.5.1182~1-e02e3]:main():gmm-align-compiled.cc:127) common_voice_lt_37079332
LOG (gmm-align-compiled[5.5.1182~1-e02e3]:main():gmm-align-compiled.cc:127) common_voice_lt_37079349
LOG (gmm-align-compiled[5.5.1182~1-e02e3]:main():gmm-align-compiled.cc:127) common_voice_lt_37079350
LOG (gmm-align-compiled[5.5.1182~1-e02e3]:main():gmm-align-compiled.cc:127) common_voice_lt_37079351
LOG (gmm-align-compiled[5.5.1182~1-e02e3]:main():gmm-align-compiled.cc:127) common_voice_lt_37079353
LOG (gmm-align-compiled[5.5.1182~1-e02e3]:main():gmm-align-compiled.cc:127) common_voice_lt_37079355
LOG (gmm-align-compiled[5.5.1182~1-e02e3]:main():gmm-align-compiled.cc:127) common_voice_lt_37079384
LOG (gmm-align-compiled[5.5.1182~1-e02e3]:main():gmm-align-compiled.cc:127) common_voice_lt_37079385
LOG (gmm-align-compiled[5.5.1182~1-e02e3]:main():gmm-align-compiled.cc:127) common_voice_lt_37079386
LOG (gmm-align-compiled[5.5.1182~1-e02e3]:main():gmm-align-compiled.cc:127) common_voice_lt_37079387
LOG (gmm-align-compiled[5.5.1182~1-e02e3]:main():gmm-align-compiled.cc:127) common_voice_lt_37079388
LOG (gmm-align-compiled[5.5.1182~1-e02e3]:main():gmm-align-compiled.cc:127) common_voice_lt_37079405
LOG (gmm-align-compiled[5.5.1182~1-e02e3]:main():gmm-align-compiled.cc:127) common_voice_lt_37079407
LOG (gmm-align-compiled[5.5.1182~1-e02e3]:main():gmm-align-compiled.cc:127) common_voice_lt_37079408
LOG (gmm-align-compiled[5.5.1182~1-e02e3]:main():gmm-align-compiled.cc:127) common_voice_lt_37079414
LOG (gmm-align-compiled[5.5.1182~1-e02e3]:main():gmm-align-compiled.cc:127) common_voice_lt_37079416
LOG (gmm-align-compiled[5.5.1182~1-e02e3]:main():gmm-align-compiled.cc:127) common_voice_lt_37079417
LOG (gmm-align-compiled[5.5.1182~1-e02e3]:main():gmm-align-compiled.cc:127) common_voice_lt_37079418
LOG (gmm-align-compiled[5.5.1182~1-e02e3]:main():gmm-align-compiled.cc:127) common_voice_lt_37079434
LOG (gmm-align-compiled[5.5.1182~1-e02e3]:main():gmm-align-compiled.cc:127) common_voice_lt_37079435
LOG (gmm-align-compiled[5.5.1182~1-e02e3]:main():gmm-align-compiled.cc:127) common_voice_lt_37079437
LOG (gmm-align-compiled[5.5.1182~1-e02e3]:main():gmm-align-compiled.cc:127) common_voice_lt_37079438
LOG (gmm-align-compiled[5.5.1182~1-e02e3]:main():gmm-align-compiled.cc:127) common_voice_lt_37079466
LOG (gmm-align-compiled[5.5.1182~1-e02e3]:main():gmm-align-compiled.cc:127) common_voice_lt_37079468
LOG (gmm-align-compiled[5.5.1182~1-e02e3]:main():gmm-align-compiled.cc:127) common_voice_lt_37079469
LOG (gmm-align-compiled[5.5.1182~1-e02e3]:main():gmm-align-compiled.cc:127) common_voice_lt_37079470
LOG (gmm-align-compiled[5.5.1182~1-e02e3]:main():gmm-align-compiled.cc:127) common_voice_lt_37079471
LOG (gmm-align-compiled[5.5.1182~1-e02e3]:main():gmm-align-compiled.cc:127) common_voice_lt_37079483
LOG (gmm-align-compiled[5.5.1182~1-e02e3]:main():gmm-align-compiled.cc:127) common_voice_lt_37079484
LOG (gmm-align-compiled[5.5.1182~1-e02e3]:main():gmm-align-compiled.cc:127) common_voice_lt_37079485
LOG (gmm-align-compiled[5.5.1182~1-e02e3]:main():gmm-align-compiled.cc:127) common_voice_lt_37079486
LOG (gmm-align-compiled[5.5.1182~1-e02e3]:main():gmm-align-compiled.cc:127) common_voice_lt_37079487
LOG (gmm-align-compiled[5.5.1182~1-e02e3]:main():gmm-align-compiled.cc:127) common_voice_lt_37079488
LOG (gmm-align-compiled[5.5.1182~1-e02e3]:main():gmm-align-compiled.cc:127) common_voice_lt_37079504
LOG (gmm-align-compiled[5.5.1182~1-e02e3]:main():gmm-align-compiled.cc:127) common_voice_lt_37079505
LOG (gmm-align-compiled[5.5.1182~1-e02e3]:main():gmm-align-compiled.cc:127) common_voice_lt_37079506
LOG (gmm-align-compiled[5.5.1182~1-e02e3]:main():gmm-align-compiled.cc:127) common_voice_lt_37079507
LOG (gmm-align-compiled[5.5.1182~1-e02e3]:main():gmm-align-compiled.cc:127) common_voice_lt_37079508
LOG (gmm-align-compiled[5.5.1182~1-e02e3]:main():gmm-align-compiled.cc:127) common_voice_lt_37079534
LOG (gmm-align-compiled[5.5.1182~1-e02e3]:main():gmm-align-compiled.cc:127) common_voice_lt_37079536
LOG (gmm-align-compiled[5.5.1182~1-e02e3]:main():gmm-align-compiled.cc:127) common_voice_lt_37079537
LOG (gmm-align-compiled[5.5.1182~1-e02e3]:main():gmm-align-compiled.cc:127) common_voice_lt_37079538
LOG (gmm-align-compiled[5.5.1182~1-e02e3]:main():gmm-align-compiled.cc:127) common_voice_lt_37079577
LOG (gmm-align-compiled[5.5.1182~1-e02e3]:main():gmm-align-compiled.cc:127) common_voice_lt_37079578
LOG (gmm-align-compiled[5.5.1182~1-e02e3]:main():gmm-align-compiled.cc:127) common_voice_lt_37079579
LOG (gmm-align-compiled[5.5.1182~1-e02e3]:main():gmm-align-compiled.cc:127) common_voice_lt_37079581
LOG (gmm-align-compiled[5.5.1182~1-e02e3]:main():gmm-align-compiled.cc:127) common_voice_lt_37079592
LOG (gmm-align-compiled[5.5.1182~1-e02e3]:main():gmm-align-compiled.cc:127) common_voice_lt_37079593
LOG (gmm-align-compiled[5.5.1182~1-e02e3]:main():gmm-align-compiled.cc:127) common_voice_lt_37079594
LOG (gmm-align-compiled[5.5.1182~1-e02e3]:main():gmm-align-compiled.cc:127) common_voice_lt_37079595
LOG (gmm-align-compiled[5.5.1182~1-e02e3]:main():gmm-align-compiled.cc:127) common_voice_lt_37079596
LOG (gmm-align-compiled[5.5.1182~1-e02e3]:main():gmm-align-compiled.cc:127) common_voice_lt_37079656
LOG (gmm-align-compiled[5.5.1182~1-e02e3]:main():gmm-align-compiled.cc:127) common_voice_lt_37079657
LOG (gmm-align-compiled[5.5.1182~1-e02e3]:main():gmm-align-compiled.cc:127) common_voice_lt_37079658
LOG (gmm-align-compiled[5.5.1182~1-e02e3]:main():gmm-align-compiled.cc:127) common_voice_lt_37079659
LOG (gmm-align-compiled[5.5.1182~1-e02e3]:main():gmm-align-compiled.cc:127) common_voice_lt_37079661
LOG (gmm-align-compiled[5.5.1182~1-e02e3]:main():gmm-align-compiled.cc:127) common_voice_lt_37079680
LOG (gmm-align-compiled[5.5.1182~1-e02e3]:main():gmm-align-compiled.cc:127) common_voice_lt_37079681
LOG (gmm-align-compiled[5.5.1182~1-e02e3]:main():gmm-align-compiled.cc:127) common_voice_lt_37079682
LOG (gmm-align-compiled[5.5.1182~1-e02e3]:main():gmm-align-compiled.cc:127) common_voice_lt_37079683
LOG (gmm-align-compiled[5.5.1182~1-e02e3]:main():gmm-align-compiled.cc:127) common_voice_lt_37079684
LOG (gmm-align-compiled[5.5.1182~1-e02e3]:main():gmm-align-compiled.cc:127) common_voice_lt_37079703
LOG (gmm-align-compiled[5.5.1182~1-e02e3]:main():gmm-align-compiled.cc:127) common_voice_lt_37079704
LOG (gmm-align-compiled[5.5.1182~1-e02e3]:main():gmm-align-compiled.cc:127) common_voice_lt_37079705
LOG (gmm-align-compiled[5.5.1182~1-e02e3]:main():gmm-align-compiled.cc:127) common_voice_lt_37079706
LOG (gmm-align-compiled[5.5.1182~1-e02e3]:main():gmm-align-compiled.cc:127) common_voice_lt_37079722
LOG (gmm-align-compiled[5.5.1182~1-e02e3]:main():gmm-align-compiled.cc:127) common_voice_lt_37079723
LOG (gmm-align-compiled[5.5.1182~1-e02e3]:main():gmm-align-compiled.cc:127) common_voice_lt_37079724
LOG (gmm-align-compiled[5.5.1182~1-e02e3]:main():gmm-align-compiled.cc:127) common_voice_lt_37079725
LOG (gmm-align-compiled[5.5.1182~1-e02e3]:main():gmm-align-compiled.cc:127) common_voice_lt_37079743
LOG (gmm-align-compiled[5.5.1182~1-e02e3]:main():gmm-align-compiled.cc:127) common_voice_lt_37079744
LOG (gmm-align-compiled[5.5.1182~1-e02e3]:main():gmm-align-compiled.cc:127) common_voice_lt_37079745
LOG (gmm-align-compiled[5.5.1182~1-e02e3]:main():gmm-align-compiled.cc:127) common_voice_lt_37079746
LOG (gmm-align-compiled[5.5.1182~1-e02e3]:main():gmm-align-compiled.cc:127) common_voice_lt_37079759
LOG (gmm-align-compiled[5.5.1182~1-e02e3]:main():gmm-align-compiled.cc:127) common_voice_lt_37079761
LOG (gmm-align-compiled[5.5.1182~1-e02e3]:main():gmm-align-compiled.cc:127) common_voice_lt_37079762
LOG (gmm-align-compiled[5.5.1182~1-e02e3]:main():gmm-align-compiled.cc:127) common_voice_lt_37079763
LOG (gmm-align-compiled[5.5.1182~1-e02e3]:main():gmm-align-compiled.cc:127) common_voice_lt_37079786
LOG (gmm-align-compiled[5.5.1182~1-e02e3]:main():gmm-align-compiled.cc:127) common_voice_lt_37079787
LOG (gmm-align-compiled[5.5.1182~1-e02e3]:main():gmm-align-compiled.cc:127) common_voice_lt_37079788
LOG (gmm-align-compiled[5.5.1182~1-e02e3]:main():gmm-align-compiled.cc:127) common_voice_lt_37079789
LOG (gmm-align-compiled[5.5.1182~1-e02e3]:main():gmm-align-compiled.cc:127) common_voice_lt_37079790
LOG (gmm-align-compiled[5.5.1182~1-e02e3]:main():gmm-align-compiled.cc:127) common_voice_lt_37079807
LOG (gmm-align-compiled[5.5.1182~1-e02e3]:main():gmm-align-compiled.cc:127) common_voice_lt_37079808
LOG (gmm-align-compiled[5.5.1182~1-e02e3]:main():gmm-align-compiled.cc:127) common_voice_lt_37079809
LOG (gmm-align-compiled[5.5.1182~1-e02e3]:main():gmm-align-compiled.cc:127) common_voice_lt_37079810
LOG (gmm-align-compiled[5.5.1182~1-e02e3]:main():gmm-align-compiled.cc:127) common_voice_lt_37079811
LOG (gmm-align-compiled[5.5.1182~1-e02e3]:main():gmm-align-compiled.cc:127) common_voice_lt_37079835
LOG (gmm-align-compiled[5.5.1182~1-e02e3]:main():gmm-align-compiled.cc:127) common_voice_lt_37079836
LOG (gmm-align-compiled[5.5.1182~1-e02e3]:main():gmm-align-compiled.cc:127) common_voice_lt_37079837
LOG (gmm-align-compiled[5.5.1182~1-e02e3]:main():gmm-align-compiled.cc:127) common_voice_lt_37079839
LOG (gmm-align-compiled[5.5.1182~1-e02e3]:main():gmm-align-compiled.cc:127) common_voice_lt_37079849
LOG (gmm-align-compiled[5.5.1182~1-e02e3]:main():gmm-align-compiled.cc:127) common_voice_lt_37079850
LOG (gmm-align-compiled[5.5.1182~1-e02e3]:main():gmm-align-compiled.cc:127) common_voice_lt_37079851
LOG (gmm-align-compiled[5.5.1182~1-e02e3]:main():gmm-align-compiled.cc:127) common_voice_lt_37079852
LOG (gmm-align-compiled[5.5.1182~1-e02e3]:main():gmm-align-compiled.cc:127) common_voice_lt_37079853
LOG (gmm-align-compiled[5.5.1182~1-e02e3]:main():gmm-align-compiled.cc:127) common_voice_lt_37079869
LOG (gmm-align-compiled[5.5.1182~1-e02e3]:main():gmm-align-compiled.cc:127) common_voice_lt_37079871
LOG (gmm-align-compiled[5.5.1182~1-e02e3]:main():gmm-align-compiled.cc:127) common_voice_lt_37079873
LOG (gmm-align-compiled[5.5.1182~1-e02e3]:main():gmm-align-compiled.cc:127) common_voice_lt_37079874
LOG (gmm-align-compiled[5.5.1182~1-e02e3]:main():gmm-align-compiled.cc:127) common_voice_lt_37079875
LOG (gmm-align-compiled[5.5.1182~1-e02e3]:main():gmm-align-compiled.cc:127) common_voice_lt_37079889
LOG (gmm-align-compiled[5.5.1182~1-e02e3]:main():gmm-align-compiled.cc:127) common_voice_lt_37079890
LOG (gmm-align-compiled[5.5.1182~1-e02e3]:main():gmm-align-compiled.cc:127) common_voice_lt_37079891
LOG (gmm-align-compiled[5.5.1182~1-e02e3]:main():gmm-align-compiled.cc:127) common_voice_lt_37079892
LOG (gmm-align-compiled[5.5.1182~1-e02e3]:main():gmm-align-compiled.cc:127) common_voice_lt_37079893
LOG (gmm-align-compiled[5.5.1182~1-e02e3]:main():gmm-align-compiled.cc:127) common_voice_lt_37079908
LOG (gmm-align-compiled[5.5.1182~1-e02e3]:main():gmm-align-compiled.cc:127) common_voice_lt_37079909
LOG (gmm-align-compiled[5.5.1182~1-e02e3]:main():gmm-align-compiled.cc:127) common_voice_lt_37079910
LOG (gmm-align-compiled[5.5.1182~1-e02e3]:main():gmm-align-compiled.cc:127) common_voice_lt_37079911
LOG (gmm-align-compiled[5.5.1182~1-e02e3]:main():gmm-align-compiled.cc:127) common_voice_lt_37079912
LOG (gmm-align-compiled[5.5.1182~1-e02e3]:main():gmm-align-compiled.cc:127) common_voice_lt_37079933
LOG (gmm-align-compiled[5.5.1182~1-e02e3]:main():gmm-align-compiled.cc:127) common_voice_lt_37079934
LOG (gmm-align-compiled[5.5.1182~1-e02e3]:main():gmm-align-compiled.cc:127) common_voice_lt_37079935
LOG (gmm-align-compiled[5.5.1182~1-e02e3]:main():gmm-align-compiled.cc:127) common_voice_lt_37079936
LOG (gmm-align-compiled[5.5.1182~1-e02e3]:main():gmm-align-compiled.cc:127) common_voice_lt_37079937
LOG (gmm-align-compiled[5.5.1182~1-e02e3]:main():gmm-align-compiled.cc:127) common_voice_lt_37079952
LOG (gmm-align-compiled[5.5.1182~1-e02e3]:main():gmm-align-compiled.cc:127) common_voice_lt_37079953
LOG (gmm-align-compiled[5.5.1182~1-e02e3]:main():gmm-align-compiled.cc:127) common_voice_lt_37079954
LOG (gmm-align-compiled[5.5.1182~1-e02e3]:main():gmm-align-compiled.cc:127) common_voice_lt_37079955
LOG (gmm-align-compiled[5.5.1182~1-e02e3]:main():gmm-align-compiled.cc:127) common_voice_lt_37079956
LOG (gmm-align-compiled[5.5.1182~1-e02e3]:main():gmm-align-compiled.cc:127) common_voice_lt_37079973
LOG (gmm-align-compiled[5.5.1182~1-e02e3]:main():gmm-align-compiled.cc:127) common_voice_lt_37079974
LOG (gmm-align-compiled[5.5.1182~1-e02e3]:main():gmm-align-compiled.cc:127) common_voice_lt_37079976
LOG (gmm-align-compiled[5.5.1182~1-e02e3]:main():gmm-align-compiled.cc:127) common_voice_lt_37079985
LOG (gmm-align-compiled[5.5.1182~1-e02e3]:main():gmm-align-compiled.cc:127) common_voice_lt_37079986
LOG (gmm-align-compiled[5.5.1182~1-e02e3]:main():gmm-align-compiled.cc:127) common_voice_lt_37079987
LOG (gmm-align-compiled[5.5.1182~1-e02e3]:main():gmm-align-compiled.cc:127) common_voice_lt_37079988
LOG (gmm-align-compiled[5.5.1182~1-e02e3]:main():gmm-align-compiled.cc:127) common_voice_lt_37079989
LOG (gmm-align-compiled[5.5.1182~1-e02e3]:main():gmm-align-compiled.cc:127) common_voice_lt_37080000
LOG (gmm-align-compiled[5.5.1182~1-e02e3]:main():gmm-align-compiled.cc:127) common_voice_lt_37080001
LOG (gmm-align-compiled[5.5.1182~1-e02e3]:main():gmm-align-compiled.cc:127) common_voice_lt_37080002
LOG (gmm-align-compiled[5.5.1182~1-e02e3]:main():gmm-align-compiled.cc:127) common_voice_lt_37080003
LOG (gmm-align-compiled[5.5.1182~1-e02e3]:main():gmm-align-compiled.cc:127) common_voice_lt_37080004
LOG (gmm-align-compiled[5.5.1182~1-e02e3]:main():gmm-align-compiled.cc:127) common_voice_lt_37124928
LOG (gmm-align-compiled[5.5.1182~1-e02e3]:main():gmm-align-compiled.cc:127) common_voice_lt_37124929
LOG (gmm-align-compiled[5.5.1182~1-e02e3]:main():gmm-align-compiled.cc:127) common_voice_lt_37124930
LOG (gmm-align-compiled[5.5.1182~1-e02e3]:main():gmm-align-compiled.cc:127) common_voice_lt_37124931
LOG (gmm-align-compiled[5.5.1182~1-e02e3]:main():gmm-align-compiled.cc:127) common_voice_lt_37124932
LOG (gmm-align-compiled[5.5.1182~1-e02e3]:main():gmm-align-compiled.cc:127) common_voice_lt_37124938
LOG (gmm-align-compiled[5.5.1182~1-e02e3]:main():gmm-align-compiled.cc:127) common_voice_lt_37124939
LOG (gmm-align-compiled[5.5.1182~1-e02e3]:main():gmm-align-compiled.cc:127) common_voice_lt_37124940
LOG (gmm-align-compiled[5.5.1182~1-e02e3]:main():gmm-align-compiled.cc:127) common_voice_lt_37124941
LOG (gmm-align-compiled[5.5.1182~1-e02e3]:main():gmm-align-compiled.cc:127) common_voice_lt_37124942
LOG (gmm-align-compiled[5.5.1182~1-e02e3]:main():gmm-align-compiled.cc:127) common_voice_lt_37124949
LOG (gmm-align-compiled[5.5.1182~1-e02e3]:main():gmm-align-compiled.cc:127) common_voice_lt_37124950
LOG (gmm-align-compiled[5.5.1182~1-e02e3]:main():gmm-align-compiled.cc:127) common_voice_lt_37124951
LOG (gmm-align-compiled[5.5.1182~1-e02e3]:main():gmm-align-compiled.cc:127) common_voice_lt_37124952
LOG (gmm-align-compiled[5.5.1182~1-e02e3]:main():gmm-align-compiled.cc:127) common_voice_lt_37124968
LOG (gmm-align-compiled[5.5.1182~1-e02e3]:main():gmm-align-compiled.cc:127) common_voice_lt_37124969
LOG (gmm-align-compiled[5.5.1182~1-e02e3]:main():gmm-align-compiled.cc:127) common_voice_lt_37124970
LOG (gmm-align-compiled[5.5.1182~1-e02e3]:main():gmm-align-compiled.cc:127) common_voice_lt_37124971
LOG (gmm-align-compiled[5.5.1182~1-e02e3]:main():gmm-align-compiled.cc:127) common_voice_lt_37124972
LOG (gmm-align-compiled[5.5.1182~1-e02e3]:main():gmm-align-compiled.cc:127) common_voice_lt_37124991
LOG (gmm-align-compiled[5.5.1182~1-e02e3]:main():gmm-align-compiled.cc:127) common_voice_lt_37124992
LOG (gmm-align-compiled[5.5.1182~1-e02e3]:main():gmm-align-compiled.cc:127) common_voice_lt_37124993
LOG (gmm-align-compiled[5.5.1182~1-e02e3]:main():gmm-align-compiled.cc:127) common_voice_lt_37124996
LOG (gmm-align-compiled[5.5.1182~1-e02e3]:main():gmm-align-compiled.cc:127) common_voice_lt_37125008
LOG (gmm-align-compiled[5.5.1182~1-e02e3]:main():gmm-align-compiled.cc:127) common_voice_lt_37125009
LOG (gmm-align-compiled[5.5.1182~1-e02e3]:main():gmm-align-compiled.cc:127) common_voice_lt_37125010
LOG (gmm-align-compiled[5.5.1182~1-e02e3]:main():gmm-align-compiled.cc:127) common_voice_lt_37145142
LOG (gmm-align-compiled[5.5.1182~1-e02e3]:main():gmm-align-compiled.cc:127) common_voice_lt_37145143
LOG (gmm-align-compiled[5.5.1182~1-e02e3]:main():gmm-align-compiled.cc:127) common_voice_lt_37145144
LOG (gmm-align-compiled[5.5.1182~1-e02e3]:main():gmm-align-compiled.cc:127) common_voice_lt_37145145
LOG (gmm-align-compiled[5.5.1182~1-e02e3]:main():gmm-align-compiled.cc:127) common_voice_lt_37145146
LOG (gmm-align-compiled[5.5.1182~1-e02e3]:main():gmm-align-compiled.cc:127) common_voice_lt_37145162
LOG (gmm-align-compiled[5.5.1182~1-e02e3]:main():gmm-align-compiled.cc:127) common_voice_lt_37145163
LOG (gmm-align-compiled[5.5.1182~1-e02e3]:main():gmm-align-compiled.cc:127) common_voice_lt_37145164
LOG (gmm-align-compiled[5.5.1182~1-e02e3]:main():gmm-align-compiled.cc:127) common_voice_lt_37145167
LOG (gmm-align-compiled[5.5.1182~1-e02e3]:main():gmm-align-compiled.cc:127) common_voice_lt_37145191
LOG (gmm-align-compiled[5.5.1182~1-e02e3]:main():gmm-align-compiled.cc:127) common_voice_lt_37145192
LOG (gmm-align-compiled[5.5.1182~1-e02e3]:main():gmm-align-compiled.cc:127) common_voice_lt_37145193
LOG (gmm-align-compiled[5.5.1182~1-e02e3]:main():gmm-align-compiled.cc:127) common_voice_lt_37145195
LOG (gmm-align-compiled[5.5.1182~1-e02e3]:main():gmm-align-compiled.cc:127) common_voice_lt_37145196
LOG (gmm-align-compiled[5.5.1182~1-e02e3]:main():gmm-align-compiled.cc:127) common_voice_lt_37145207
LOG (gmm-align-compiled[5.5.1182~1-e02e3]:main():gmm-align-compiled.cc:127) common_voice_lt_37145208
LOG (gmm-align-compiled[5.5.1182~1-e02e3]:main():gmm-align-compiled.cc:127) common_voice_lt_37145209
LOG (gmm-align-compiled[5.5.1182~1-e02e3]:main():gmm-align-compiled.cc:127) common_voice_lt_37145210
LOG (gmm-align-compiled[5.5.1182~1-e02e3]:main():gmm-align-compiled.cc:127) common_voice_lt_37145211
LOG (gmm-align-compiled[5.5.1182~1-e02e3]:main():gmm-align-compiled.cc:127) common_voice_lt_37145212
LOG (gmm-align-compiled[5.5.1182~1-e02e3]:main():gmm-align-compiled.cc:127) common_voice_lt_37145213
LOG (gmm-align-compiled[5.5.1182~1-e02e3]:main():gmm-align-compiled.cc:127) common_voice_lt_37145234
LOG (gmm-align-compiled[5.5.1182~1-e02e3]:main():gmm-align-compiled.cc:127) common_voice_lt_37145235
LOG (gmm-align-compiled[5.5.1182~1-e02e3]:main():gmm-align-compiled.cc:127) common_voice_lt_37145236
LOG (gmm-align-compiled[5.5.1182~1-e02e3]:main():gmm-align-compiled.cc:127) common_voice_lt_37145237
LOG (gmm-align-compiled[5.5.1182~1-e02e3]:main():gmm-align-compiled.cc:127) common_voice_lt_37145238
LOG (gmm-align-compiled[5.5.1182~1-e02e3]:main():gmm-align-compiled.cc:127) common_voice_lt_37145259
LOG (gmm-align-compiled[5.5.1182~1-e02e3]:main():gmm-align-compiled.cc:127) common_voice_lt_37145260
LOG (gmm-align-compiled[5.5.1182~1-e02e3]:main():gmm-align-compiled.cc:127) common_voice_lt_37145261
LOG (gmm-align-compiled[5.5.1182~1-e02e3]:main():gmm-align-compiled.cc:127) common_voice_lt_37145263
LOG (gmm-align-compiled[5.5.1182~1-e02e3]:main():gmm-align-compiled.cc:127) common_voice_lt_37145274
LOG (gmm-align-compiled[5.5.1182~1-e02e3]:main():gmm-align-compiled.cc:127) common_voice_lt_37145276
LOG (gmm-align-compiled[5.5.1182~1-e02e3]:main():gmm-align-compiled.cc:127) common_voice_lt_37145277
LOG (gmm-align-compiled[5.5.1182~1-e02e3]:main():gmm-align-compiled.cc:127) common_voice_lt_37145279
LOG (gmm-align-compiled[5.5.1182~1-e02e3]:main():gmm-align-compiled.cc:127) common_voice_lt_37145304
LOG (gmm-align-compiled[5.5.1182~1-e02e3]:main():gmm-align-compiled.cc:127) common_voice_lt_37145305
LOG (gmm-align-compiled[5.5.1182~1-e02e3]:main():gmm-align-compiled.cc:127) common_voice_lt_37145306
LOG (gmm-align-compiled[5.5.1182~1-e02e3]:main():gmm-align-compiled.cc:127) common_voice_lt_37145307
LOG (gmm-align-compiled[5.5.1182~1-e02e3]:main():gmm-align-compiled.cc:127) common_voice_lt_37145308
LOG (gmm-align-compiled[5.5.1182~1-e02e3]:main():gmm-align-compiled.cc:127) common_voice_lt_37145319
LOG (gmm-align-compiled[5.5.1182~1-e02e3]:main():gmm-align-compiled.cc:127) common_voice_lt_37145320
LOG (gmm-align-compiled[5.5.1182~1-e02e3]:main():gmm-align-compiled.cc:127) common_voice_lt_37145321
LOG (gmm-align-compiled[5.5.1182~1-e02e3]:main():gmm-align-compiled.cc:127) common_voice_lt_37145342
LOG (gmm-align-compiled[5.5.1182~1-e02e3]:main():gmm-align-compiled.cc:127) common_voice_lt_37145343
LOG (gmm-align-compiled[5.5.1182~1-e02e3]:main():gmm-align-compiled.cc:127) common_voice_lt_37145344
LOG (gmm-align-compiled[5.5.1182~1-e02e3]:main():gmm-align-compiled.cc:127) common_voice_lt_37145345
LOG (gmm-align-compiled[5.5.1182~1-e02e3]:main():gmm-align-compiled.cc:127) common_voice_lt_37145346
LOG (gmm-align-compiled[5.5.1182~1-e02e3]:main():gmm-align-compiled.cc:127) common_voice_lt_37145362
LOG (gmm-align-compiled[5.5.1182~1-e02e3]:main():gmm-align-compiled.cc:127) common_voice_lt_37145363
LOG (gmm-align-compiled[5.5.1182~1-e02e3]:main():gmm-align-compiled.cc:127) common_voice_lt_37145364
LOG (gmm-align-compiled[5.5.1182~1-e02e3]:main():gmm-align-compiled.cc:127) common_voice_lt_37145365
LOG (gmm-align-compiled[5.5.1182~1-e02e3]:main():gmm-align-compiled.cc:127) common_voice_lt_37145366
LOG (gmm-align-compiled[5.5.1182~1-e02e3]:main():gmm-align-compiled.cc:127) common_voice_lt_37145417
LOG (gmm-align-compiled[5.5.1182~1-e02e3]:main():gmm-align-compiled.cc:127) common_voice_lt_37145418
LOG (gmm-align-compiled[5.5.1182~1-e02e3]:main():gmm-align-compiled.cc:127) common_voice_lt_37145419
LOG (gmm-align-compiled[5.5.1182~1-e02e3]:main():gmm-align-compiled.cc:127) common_voice_lt_37145420
LOG (gmm-align-compiled[5.5.1182~1-e02e3]:main():gmm-align-compiled.cc:127) common_voice_lt_37145421
LOG (gmm-align-compiled[5.5.1182~1-e02e3]:main():gmm-align-compiled.cc:127) common_voice_lt_37145445
LOG (gmm-align-compiled[5.5.1182~1-e02e3]:main():gmm-align-compiled.cc:127) common_voice_lt_37145446
LOG (gmm-align-compiled[5.5.1182~1-e02e3]:main():gmm-align-compiled.cc:127) common_voice_lt_37145447
LOG (gmm-align-compiled[5.5.1182~1-e02e3]:main():gmm-align-compiled.cc:127) common_voice_lt_37145448
LOG (gmm-align-compiled[5.5.1182~1-e02e3]:main():gmm-align-compiled.cc:127) common_voice_lt_37145461
LOG (gmm-align-compiled[5.5.1182~1-e02e3]:main():gmm-align-compiled.cc:127) common_voice_lt_37145462
LOG (gmm-align-compiled[5.5.1182~1-e02e3]:main():gmm-align-compiled.cc:127) common_voice_lt_37145463
LOG (gmm-align-compiled[5.5.1182~1-e02e3]:main():gmm-align-compiled.cc:127) common_voice_lt_37145464
LOG (gmm-align-compiled[5.5.1182~1-e02e3]:main():gmm-align-compiled.cc:127) common_voice_lt_37145465
LOG (gmm-align-compiled[5.5.1182~1-e02e3]:main():gmm-align-compiled.cc:127) common_voice_lt_37145471
LOG (gmm-align-compiled[5.5.1182~1-e02e3]:main():gmm-align-compiled.cc:127) common_voice_lt_37145472
LOG (gmm-align-compiled[5.5.1182~1-e02e3]:main():gmm-align-compiled.cc:127) common_voice_lt_37145473
LOG (gmm-align-compiled[5.5.1182~1-e02e3]:main():gmm-align-compiled.cc:127) common_voice_lt_37145475
LOG (gmm-align-compiled[5.5.1182~1-e02e3]:main():gmm-align-compiled.cc:127) common_voice_lt_37145486
LOG (gmm-align-compiled[5.5.1182~1-e02e3]:main():gmm-align-compiled.cc:127) common_voice_lt_37145487
LOG (gmm-align-compiled[5.5.1182~1-e02e3]:main():gmm-align-compiled.cc:127) common_voice_lt_37145488
LOG (gmm-align-compiled[5.5.1182~1-e02e3]:main():gmm-align-compiled.cc:127) common_voice_lt_37145489
LOG (gmm-align-compiled[5.5.1182~1-e02e3]:main():gmm-align-compiled.cc:127) common_voice_lt_37145490
LOG (gmm-align-compiled[5.5.1182~1-e02e3]:main():gmm-align-compiled.cc:127) common_voice_lt_37145497
LOG (gmm-align-compiled[5.5.1182~1-e02e3]:main():gmm-align-compiled.cc:127) common_voice_lt_37145498
LOG (gmm-align-compiled[5.5.1182~1-e02e3]:main():gmm-align-compiled.cc:127) common_voice_lt_37145499
LOG (gmm-align-compiled[5.5.1182~1-e02e3]:main():gmm-align-compiled.cc:127) common_voice_lt_37145511
LOG (gmm-align-compiled[5.5.1182~1-e02e3]:main():gmm-align-compiled.cc:127) common_voice_lt_37145513
LOG (gmm-align-compiled[5.5.1182~1-e02e3]:main():gmm-align-compiled.cc:127) common_voice_lt_37145514
LOG (gmm-align-compiled[5.5.1182~1-e02e3]:main():gmm-align-compiled.cc:127) common_voice_lt_37145521
LOG (gmm-align-compiled[5.5.1182~1-e02e3]:main():gmm-align-compiled.cc:127) common_voice_lt_37145522
LOG (gmm-align-compiled[5.5.1182~1-e02e3]:main():gmm-align-compiled.cc:127) common_voice_lt_37145523
LOG (gmm-align-compiled[5.5.1182~1-e02e3]:main():gmm-align-compiled.cc:127) common_voice_lt_37145524
LOG (gmm-align-compiled[5.5.1182~1-e02e3]:main():gmm-align-compiled.cc:127) common_voice_lt_37145529
LOG (gmm-align-compiled[5.5.1182~1-e02e3]:main():gmm-align-compiled.cc:127) common_voice_lt_37145530
LOG (gmm-align-compiled[5.5.1182~1-e02e3]:main():gmm-align-compiled.cc:127) common_voice_lt_37145531
LOG (gmm-align-compiled[5.5.1182~1-e02e3]:main():gmm-align-compiled.cc:127) common_voice_lt_37145532
LOG (gmm-align-compiled[5.5.1182~1-e02e3]:main():gmm-align-compiled.cc:127) common_voice_lt_37145533
LOG (gmm-align-compiled[5.5.1182~1-e02e3]:main():gmm-align-compiled.cc:127) common_voice_lt_37145534
LOG (gmm-align-compiled[5.5.1182~1-e02e3]:main():gmm-align-compiled.cc:127) common_voice_lt_37145535
LOG (gmm-align-compiled[5.5.1182~1-e02e3]:main():gmm-align-compiled.cc:127) common_voice_lt_37145536
LOG (gmm-align-compiled[5.5.1182~1-e02e3]:main():gmm-align-compiled.cc:127) common_voice_lt_37145537
LOG (gmm-align-compiled[5.5.1182~1-e02e3]:main():gmm-align-compiled.cc:127) common_voice_lt_37151179
LOG (gmm-align-compiled[5.5.1182~1-e02e3]:main():gmm-align-compiled.cc:127) common_voice_lt_37151180
LOG (gmm-align-compiled[5.5.1182~1-e02e3]:main():gmm-align-compiled.cc:127) common_voice_lt_37151181
LOG (gmm-align-compiled[5.5.1182~1-e02e3]:main():gmm-align-compiled.cc:127) common_voice_lt_37151183
LOG (gmm-align-compiled[5.5.1182~1-e02e3]:main():gmm-align-compiled.cc:127) common_voice_lt_37151194
LOG (gmm-align-compiled[5.5.1182~1-e02e3]:main():gmm-align-compiled.cc:127) common_voice_lt_37151195
LOG (gmm-align-compiled[5.5.1182~1-e02e3]:main():gmm-align-compiled.cc:127) common_voice_lt_37151196
LOG (gmm-align-compiled[5.5.1182~1-e02e3]:main():gmm-align-compiled.cc:127) common_voice_lt_37151197
LOG (gmm-align-compiled[5.5.1182~1-e02e3]:main():gmm-align-compiled.cc:127) common_voice_lt_37151198
LOG (gmm-align-compiled[5.5.1182~1-e02e3]:main():gmm-align-compiled.cc:127) common_voice_lt_37151209
LOG (gmm-align-compiled[5.5.1182~1-e02e3]:main():gmm-align-compiled.cc:127) common_voice_lt_37151210
LOG (gmm-align-compiled[5.5.1182~1-e02e3]:main():gmm-align-compiled.cc:127) common_voice_lt_37151211
LOG (gmm-align-compiled[5.5.1182~1-e02e3]:main():gmm-align-compiled.cc:127) common_voice_lt_37151212
LOG (gmm-align-compiled[5.5.1182~1-e02e3]:main():gmm-align-compiled.cc:127) common_voice_lt_37151213
LOG (gmm-align-compiled[5.5.1182~1-e02e3]:main():gmm-align-compiled.cc:127) common_voice_lt_37151240
LOG (gmm-align-compiled[5.5.1182~1-e02e3]:main():gmm-align-compiled.cc:127) common_voice_lt_37151241
LOG (gmm-align-compiled[5.5.1182~1-e02e3]:main():gmm-align-compiled.cc:127) common_voice_lt_37151242
LOG (gmm-align-compiled[5.5.1182~1-e02e3]:main():gmm-align-compiled.cc:127) common_voice_lt_37151243
LOG (gmm-align-compiled[5.5.1182~1-e02e3]:main():gmm-align-compiled.cc:127) common_voice_lt_37151254
LOG (gmm-align-compiled[5.5.1182~1-e02e3]:main():gmm-align-compiled.cc:127) common_voice_lt_37151255
LOG (gmm-align-compiled[5.5.1182~1-e02e3]:main():gmm-align-compiled.cc:127) common_voice_lt_37151256
LOG (gmm-align-compiled[5.5.1182~1-e02e3]:main():gmm-align-compiled.cc:127) common_voice_lt_37151257
LOG (gmm-align-compiled[5.5.1182~1-e02e3]:main():gmm-align-compiled.cc:127) common_voice_lt_37151283
LOG (gmm-align-compiled[5.5.1182~1-e02e3]:main():gmm-align-compiled.cc:127) common_voice_lt_37151285
LOG (gmm-align-compiled[5.5.1182~1-e02e3]:main():gmm-align-compiled.cc:127) common_voice_lt_37151286
LOG (gmm-align-compiled[5.5.1182~1-e02e3]:main():gmm-align-compiled.cc:127) common_voice_lt_37151287
LOG (gmm-align-compiled[5.5.1182~1-e02e3]:main():gmm-align-compiled.cc:127) common_voice_lt_37151326
LOG (gmm-align-compiled[5.5.1182~1-e02e3]:main():gmm-align-compiled.cc:127) common_voice_lt_37151327
LOG (gmm-align-compiled[5.5.1182~1-e02e3]:main():gmm-align-compiled.cc:127) common_voice_lt_37151328
LOG (gmm-align-compiled[5.5.1182~1-e02e3]:main():gmm-align-compiled.cc:127) common_voice_lt_37151329
LOG (gmm-align-compiled[5.5.1182~1-e02e3]:main():gmm-align-compiled.cc:127) common_voice_lt_37151344
LOG (gmm-align-compiled[5.5.1182~1-e02e3]:main():gmm-align-compiled.cc:127) common_voice_lt_37151345
LOG (gmm-align-compiled[5.5.1182~1-e02e3]:main():gmm-align-compiled.cc:127) common_voice_lt_37151346
LOG (gmm-align-compiled[5.5.1182~1-e02e3]:main():gmm-align-compiled.cc:127) common_voice_lt_37151348
LOG (gmm-align-compiled[5.5.1182~1-e02e3]:main():gmm-align-compiled.cc:127) common_voice_lt_37151370
LOG (gmm-align-compiled[5.5.1182~1-e02e3]:main():gmm-align-compiled.cc:127) common_voice_lt_37151373
LOG (gmm-align-compiled[5.5.1182~1-e02e3]:main():gmm-align-compiled.cc:127) common_voice_lt_37151375
LOG (gmm-align-compiled[5.5.1182~1-e02e3]:main():gmm-align-compiled.cc:127) common_voice_lt_37151377
LOG (gmm-align-compiled[5.5.1182~1-e02e3]:main():gmm-align-compiled.cc:127) common_voice_lt_37151458
LOG (gmm-align-compiled[5.5.1182~1-e02e3]:main():gmm-align-compiled.cc:127) common_voice_lt_37151460
LOG (gmm-align-compiled[5.5.1182~1-e02e3]:main():gmm-align-compiled.cc:127) common_voice_lt_37151461
LOG (gmm-align-compiled[5.5.1182~1-e02e3]:main():gmm-align-compiled.cc:127) common_voice_lt_37151487
LOG (gmm-align-compiled[5.5.1182~1-e02e3]:main():gmm-align-compiled.cc:127) common_voice_lt_37151488
LOG (gmm-align-compiled[5.5.1182~1-e02e3]:main():gmm-align-compiled.cc:127) common_voice_lt_37151489
LOG (gmm-align-compiled[5.5.1182~1-e02e3]:main():gmm-align-compiled.cc:127) common_voice_lt_37151490
LOG (gmm-align-compiled[5.5.1182~1-e02e3]:main():gmm-align-compiled.cc:127) common_voice_lt_37151491
LOG (gmm-align-compiled[5.5.1182~1-e02e3]:main():gmm-align-compiled.cc:127) common_voice_lt_37151507
LOG (gmm-align-compiled[5.5.1182~1-e02e3]:main():gmm-align-compiled.cc:127) common_voice_lt_37151536
LOG (gmm-align-compiled[5.5.1182~1-e02e3]:main():gmm-align-compiled.cc:127) common_voice_lt_37151537
LOG (gmm-align-compiled[5.5.1182~1-e02e3]:main():gmm-align-compiled.cc:127) common_voice_lt_37151538
LOG (gmm-align-compiled[5.5.1182~1-e02e3]:main():gmm-align-compiled.cc:127) common_voice_lt_37151539
LOG (gmm-align-compiled[5.5.1182~1-e02e3]:main():gmm-align-compiled.cc:127) common_voice_lt_37151540
LOG (gmm-align-compiled[5.5.1182~1-e02e3]:main():gmm-align-compiled.cc:127) common_voice_lt_37151555
LOG (gmm-align-compiled[5.5.1182~1-e02e3]:main():gmm-align-compiled.cc:127) common_voice_lt_37151556
LOG (gmm-align-compiled[5.5.1182~1-e02e3]:main():gmm-align-compiled.cc:127) common_voice_lt_37151557
LOG (gmm-align-compiled[5.5.1182~1-e02e3]:main():gmm-align-compiled.cc:127) common_voice_lt_37151558
LOG (gmm-align-compiled[5.5.1182~1-e02e3]:main():gmm-align-compiled.cc:127) common_voice_lt_37151559
LOG (gmm-align-compiled[5.5.1182~1-e02e3]:main():gmm-align-compiled.cc:127) common_voice_lt_37151570
LOG (gmm-align-compiled[5.5.1182~1-e02e3]:main():gmm-align-compiled.cc:127) common_voice_lt_37151571
LOG (gmm-align-compiled[5.5.1182~1-e02e3]:main():gmm-align-compiled.cc:127) common_voice_lt_37151573
LOG (gmm-align-compiled[5.5.1182~1-e02e3]:main():gmm-align-compiled.cc:127) common_voice_lt_37151574
LOG (gmm-align-compiled[5.5.1182~1-e02e3]:main():gmm-align-compiled.cc:127) common_voice_lt_37151575
LOG (gmm-align-compiled[5.5.1182~1-e02e3]:main():gmm-align-compiled.cc:127) common_voice_lt_37151591
LOG (gmm-align-compiled[5.5.1182~1-e02e3]:main():gmm-align-compiled.cc:127) common_voice_lt_37151592
LOG (gmm-align-compiled[5.5.1182~1-e02e3]:main():gmm-align-compiled.cc:127) common_voice_lt_37151593
LOG (gmm-align-compiled[5.5.1182~1-e02e3]:main():gmm-align-compiled.cc:127) common_voice_lt_37151594
LOG (gmm-align-compiled[5.5.1182~1-e02e3]:main():gmm-align-compiled.cc:127) common_voice_lt_37151595
LOG (gmm-align-compiled[5.5.1182~1-e02e3]:main():gmm-align-compiled.cc:127) common_voice_lt_37151599
LOG (gmm-align-compiled[5.5.1182~1-e02e3]:main():gmm-align-compiled.cc:127) common_voice_lt_37151600
LOG (gmm-align-compiled[5.5.1182~1-e02e3]:main():gmm-align-compiled.cc:127) common_voice_lt_37151612
LOG (gmm-align-compiled[5.5.1182~1-e02e3]:main():gmm-align-compiled.cc:127) common_voice_lt_37151614
LOG (gmm-align-compiled[5.5.1182~1-e02e3]:main():gmm-align-compiled.cc:127) common_voice_lt_37151616
LOG (gmm-align-compiled[5.5.1182~1-e02e3]:main():gmm-align-compiled.cc:127) common_voice_lt_37151619
LOG (gmm-align-compiled[5.5.1182~1-e02e3]:main():gmm-align-compiled.cc:127) common_voice_lt_37151639
LOG (gmm-align-compiled[5.5.1182~1-e02e3]:main():gmm-align-compiled.cc:127) common_voice_lt_37151641
LOG (gmm-align-compiled[5.5.1182~1-e02e3]:main():gmm-align-compiled.cc:127) common_voice_lt_37151642
LOG (gmm-align-compiled[5.5.1182~1-e02e3]:main():gmm-align-compiled.cc:127) common_voice_lt_37151644
LOG (gmm-align-compiled[5.5.1182~1-e02e3]:main():gmm-align-compiled.cc:127) common_voice_lt_37151645
LOG (gmm-align-compiled[5.5.1182~1-e02e3]:main():gmm-align-compiled.cc:127) common_voice_lt_40720554
LOG (gmm-align-compiled[5.5.1182~1-e02e3]:main():gmm-align-compiled.cc:127) common_voice_lt_40720556
LOG (gmm-align-compiled[5.5.1182~1-e02e3]:main():gmm-align-compiled.cc:127) common_voice_lt_40720557
LOG (gmm-align-compiled[5.5.1182~1-e02e3]:main():gmm-align-compiled.cc:127) common_voice_lt_40720559
LOG (gmm-align-compiled[5.5.1182~1-e02e3]:main():gmm-align-compiled.cc:127) common_voice_lt_40720560
LOG (gmm-align-compiled[5.5.1182~1-e02e3]:main():gmm-align-compiled.cc:127) common_voice_lt_40720561
LOG (gmm-align-compiled[5.5.1182~1-e02e3]:main():gmm-align-compiled.cc:127) common_voice_lt_40720562
LOG (gmm-align-compiled[5.5.1182~1-e02e3]:main():gmm-align-compiled.cc:127) common_voice_lt_40720564
LOG (gmm-align-compiled[5.5.1182~1-e02e3]:main():gmm-align-compiled.cc:127) common_voice_lt_40720565
LOG (gmm-align-compiled[5.5.1182~1-e02e3]:main():gmm-align-compiled.cc:127) common_voice_lt_40720567
LOG (gmm-align-compiled[5.5.1182~1-e02e3]:main():gmm-align-compiled.cc:127) common_voice_lt_40720568
LOG (gmm-align-compiled[5.5.1182~1-e02e3]:main():gmm-align-compiled.cc:127) common_voice_lt_40720572
LOG (gmm-align-compiled[5.5.1182~1-e02e3]:main():gmm-align-compiled.cc:127) common_voice_lt_40720573
LOG (gmm-align-compiled[5.5.1182~1-e02e3]:main():gmm-align-compiled.cc:127) common_voice_lt_40720576
LOG (gmm-align-compiled[5.5.1182~1-e02e3]:main():gmm-align-compiled.cc:127) common_voice_lt_40720577
LOG (gmm-align-compiled[5.5.1182~1-e02e3]:main():gmm-align-compiled.cc:127) common_voice_lt_40720579
LOG (gmm-align-compiled[5.5.1182~1-e02e3]:main():gmm-align-compiled.cc:127) common_voice_lt_40720580
LOG (gmm-align-compiled[5.5.1182~1-e02e3]:main():gmm-align-compiled.cc:127) common_voice_lt_40720581
LOG (gmm-align-compiled[5.5.1182~1-e02e3]:main():gmm-align-compiled.cc:127) common_voice_lt_40720583
LOG (gmm-align-compiled[5.5.1182~1-e02e3]:main():gmm-align-compiled.cc:127) common_voice_lt_40720584
LOG (gmm-align-compiled[5.5.1182~1-e02e3]:main():gmm-align-compiled.cc:127) common_voice_lt_40720586
LOG (gmm-align-compiled[5.5.1182~1-e02e3]:main():gmm-align-compiled.cc:127) common_voice_lt_40720588
LOG (gmm-align-compiled[5.5.1182~1-e02e3]:main():gmm-align-compiled.cc:127) common_voice_lt_40720589
LOG (gmm-align-compiled[5.5.1182~1-e02e3]:main():gmm-align-compiled.cc:127) common_voice_lt_40720590
LOG (gmm-align-compiled[5.5.1182~1-e02e3]:main():gmm-align-compiled.cc:127) common_voice_lt_40720592
LOG (gmm-align-compiled[5.5.1182~1-e02e3]:main():gmm-align-compiled.cc:127) common_voice_lt_40720596
LOG (gmm-align-compiled[5.5.1182~1-e02e3]:main():gmm-align-compiled.cc:127) common_voice_lt_40720598
LOG (gmm-align-compiled[5.5.1182~1-e02e3]:main():gmm-align-compiled.cc:127) common_voice_lt_40720599
LOG (gmm-align-compiled[5.5.1182~1-e02e3]:main():gmm-align-compiled.cc:127) common_voice_lt_40720600
LOG (gmm-align-compiled[5.5.1182~1-e02e3]:main():gmm-align-compiled.cc:127) common_voice_lt_40720604
LOG (gmm-align-compiled[5.5.1182~1-e02e3]:main():gmm-align-compiled.cc:127) common_voice_lt_40720605
LOG (gmm-align-compiled[5.5.1182~1-e02e3]:main():gmm-align-compiled.cc:127) common_voice_lt_40720606
LOG (gmm-align-compiled[5.5.1182~1-e02e3]:main():gmm-align-compiled.cc:127) common_voice_lt_40720607
LOG (gmm-align-compiled[5.5.1182~1-e02e3]:main():gmm-align-compiled.cc:127) common_voice_lt_40720608
LOG (gmm-align-compiled[5.5.1182~1-e02e3]:main():gmm-align-compiled.cc:127) common_voice_lt_40720609
LOG (gmm-align-compiled[5.5.1182~1-e02e3]:main():gmm-align-compiled.cc:127) common_voice_lt_40720611
LOG (gmm-align-compiled[5.5.1182~1-e02e3]:main():gmm-align-compiled.cc:127) common_voice_lt_40720612
LOG (gmm-align-compiled[5.5.1182~1-e02e3]:main():gmm-align-compiled.cc:127) common_voice_lt_40720613
LOG (gmm-align-compiled[5.5.1182~1-e02e3]:main():gmm-align-compiled.cc:127) common_voice_lt_40720616
LOG (gmm-align-compiled[5.5.1182~1-e02e3]:main():gmm-align-compiled.cc:127) common_voice_lt_40720617
LOG (gmm-align-compiled[5.5.1182~1-e02e3]:main():gmm-align-compiled.cc:127) common_voice_lt_40720618
LOG (gmm-align-compiled[5.5.1182~1-e02e3]:main():gmm-align-compiled.cc:127) common_voice_lt_40720623
LOG (gmm-align-compiled[5.5.1182~1-e02e3]:main():gmm-align-compiled.cc:127) common_voice_lt_40720624
LOG (gmm-align-compiled[5.5.1182~1-e02e3]:main():gmm-align-compiled.cc:127) common_voice_lt_40720625
LOG (gmm-align-compiled[5.5.1182~1-e02e3]:main():gmm-align-compiled.cc:127) common_voice_lt_40720626
LOG (gmm-align-compiled[5.5.1182~1-e02e3]:main():gmm-align-compiled.cc:127) common_voice_lt_40720627
LOG (gmm-align-compiled[5.5.1182~1-e02e3]:main():gmm-align-compiled.cc:127) common_voice_lt_40720632
LOG (gmm-align-compiled[5.5.1182~1-e02e3]:main():gmm-align-compiled.cc:127) common_voice_lt_40720633
LOG (gmm-align-compiled[5.5.1182~1-e02e3]:main():gmm-align-compiled.cc:127) common_voice_lt_40720635
LOG (gmm-align-compiled[5.5.1182~1-e02e3]:main():gmm-align-compiled.cc:127) common_voice_lt_40720636
LOG (gmm-align-compiled[5.5.1182~1-e02e3]:main():gmm-align-compiled.cc:127) common_voice_lt_40720637
LOG (gmm-align-compiled[5.5.1182~1-e02e3]:main():gmm-align-compiled.cc:127) common_voice_lt_40720638
LOG (gmm-align-compiled[5.5.1182~1-e02e3]:main():gmm-align-compiled.cc:127) common_voice_lt_40720639
LOG (gmm-align-compiled[5.5.1182~1-e02e3]:main():gmm-align-compiled.cc:127) common_voice_lt_40720642
LOG (gmm-align-compiled[5.5.1182~1-e02e3]:main():gmm-align-compiled.cc:127) common_voice_lt_40720643
LOG (gmm-align-compiled[5.5.1182~1-e02e3]:main():gmm-align-compiled.cc:127) common_voice_lt_40720646
LOG (gmm-align-compiled[5.5.1182~1-e02e3]:main():gmm-align-compiled.cc:127) common_voice_lt_40720647
LOG (gmm-align-compiled[5.5.1182~1-e02e3]:main():gmm-align-compiled.cc:127) common_voice_lt_40720648
LOG (gmm-align-compiled[5.5.1182~1-e02e3]:main():gmm-align-compiled.cc:127) common_voice_lt_40720658
LOG (gmm-align-compiled[5.5.1182~1-e02e3]:main():gmm-align-compiled.cc:127) common_voice_lt_40720660
LOG (gmm-align-compiled[5.5.1182~1-e02e3]:main():gmm-align-compiled.cc:127) common_voice_lt_40720662
LOG (gmm-align-compiled[5.5.1182~1-e02e3]:main():gmm-align-compiled.cc:127) common_voice_lt_40720664
LOG (gmm-align-compiled[5.5.1182~1-e02e3]:main():gmm-align-compiled.cc:127) common_voice_lt_40720665
LOG (gmm-align-compiled[5.5.1182~1-e02e3]:main():gmm-align-compiled.cc:127) common_voice_lt_40720666
LOG (gmm-align-compiled[5.5.1182~1-e02e3]:main():gmm-align-compiled.cc:127) common_voice_lt_40720668
LOG (gmm-align-compiled[5.5.1182~1-e02e3]:main():gmm-align-compiled.cc:127) common_voice_lt_40720678
LOG (gmm-align-compiled[5.5.1182~1-e02e3]:main():gmm-align-compiled.cc:127) common_voice_lt_40720680
LOG (gmm-align-compiled[5.5.1182~1-e02e3]:main():gmm-align-compiled.cc:127) common_voice_lt_40720684
LOG (gmm-align-compiled[5.5.1182~1-e02e3]:main():gmm-align-compiled.cc:127) common_voice_lt_40720685
LOG (gmm-align-compiled[5.5.1182~1-e02e3]:main():gmm-align-compiled.cc:127) common_voice_lt_40720694
LOG (gmm-align-compiled[5.5.1182~1-e02e3]:main():gmm-align-compiled.cc:127) common_voice_lt_40720695
LOG (gmm-align-compiled[5.5.1182~1-e02e3]:main():gmm-align-compiled.cc:127) common_voice_lt_40720696
LOG (gmm-align-compiled[5.5.1182~1-e02e3]:main():gmm-align-compiled.cc:127) common_voice_lt_40720700
LOG (gmm-align-compiled[5.5.1182~1-e02e3]:main():gmm-align-compiled.cc:127) common_voice_lt_40720701
LOG (gmm-align-compiled[5.5.1182~1-e02e3]:main():gmm-align-compiled.cc:127) common_voice_lt_40720702
LOG (gmm-align-compiled[5.5.1182~1-e02e3]:main():gmm-align-compiled.cc:127) common_voice_lt_40720703
LOG (gmm-align-compiled[5.5.1182~1-e02e3]:main():gmm-align-compiled.cc:127) common_voice_lt_40720704
LOG (gmm-align-compiled[5.5.1182~1-e02e3]:main():gmm-align-compiled.cc:127) common_voice_lt_40720705
LOG (gmm-align-compiled[5.5.1182~1-e02e3]:main():gmm-align-compiled.cc:127) common_voice_lt_40720708
LOG (gmm-align-compiled[5.5.1182~1-e02e3]:main():gmm-align-compiled.cc:127) common_voice_lt_40720711
LOG (gmm-align-compiled[5.5.1182~1-e02e3]:main():gmm-align-compiled.cc:127) common_voice_lt_40720719
LOG (gmm-align-compiled[5.5.1182~1-e02e3]:main():gmm-align-compiled.cc:127) common_voice_lt_40720720
LOG (gmm-align-compiled[5.5.1182~1-e02e3]:main():gmm-align-compiled.cc:127) common_voice_lt_40720721
LOG (gmm-align-compiled[5.5.1182~1-e02e3]:main():gmm-align-compiled.cc:127) common_voice_lt_40720722
LOG (gmm-align-compiled[5.5.1182~1-e02e3]:main():gmm-align-compiled.cc:127) common_voice_lt_40720725
LOG (gmm-align-compiled[5.5.1182~1-e02e3]:main():gmm-align-compiled.cc:127) common_voice_lt_40720727
LOG (gmm-align-compiled[5.5.1182~1-e02e3]:main():gmm-align-compiled.cc:127) common_voice_lt_40720730
LOG (gmm-align-compiled[5.5.1182~1-e02e3]:main():gmm-align-compiled.cc:127) common_voice_lt_40720731
LOG (gmm-align-compiled[5.5.1182~1-e02e3]:main():gmm-align-compiled.cc:127) common_voice_lt_40720734
LOG (gmm-align-compiled[5.5.1182~1-e02e3]:main():gmm-align-compiled.cc:127) common_voice_lt_40720735
LOG (gmm-align-compiled[5.5.1182~1-e02e3]:main():gmm-align-compiled.cc:127) common_voice_lt_40720743
LOG (gmm-align-compiled[5.5.1182~1-e02e3]:main():gmm-align-compiled.cc:127) common_voice_lt_40720745
LOG (gmm-align-compiled[5.5.1182~1-e02e3]:main():gmm-align-compiled.cc:127) common_voice_lt_40720746
LOG (gmm-align-compiled[5.5.1182~1-e02e3]:main():gmm-align-compiled.cc:127) common_voice_lt_40720749
LOG (gmm-align-compiled[5.5.1182~1-e02e3]:main():gmm-align-compiled.cc:127) common_voice_lt_40720750
LOG (gmm-align-compiled[5.5.1182~1-e02e3]:main():gmm-align-compiled.cc:127) common_voice_lt_40720751
LOG (gmm-align-compiled[5.5.1182~1-e02e3]:main():gmm-align-compiled.cc:127) common_voice_lt_40720752
LOG (gmm-align-compiled[5.5.1182~1-e02e3]:main():gmm-align-compiled.cc:127) common_voice_lt_40720759
LOG (gmm-align-compiled[5.5.1182~1-e02e3]:main():gmm-align-compiled.cc:127) common_voice_lt_40720760
LOG (gmm-align-compiled[5.5.1182~1-e02e3]:main():gmm-align-compiled.cc:127) common_voice_lt_40720762
LOG (gmm-align-compiled[5.5.1182~1-e02e3]:main():gmm-align-compiled.cc:127) common_voice_lt_40720765
LOG (gmm-align-compiled[5.5.1182~1-e02e3]:main():gmm-align-compiled.cc:127) common_voice_lt_40720766
LOG (gmm-align-compiled[5.5.1182~1-e02e3]:main():gmm-align-compiled.cc:127) common_voice_lt_40720767
LOG (gmm-align-compiled[5.5.1182~1-e02e3]:main():gmm-align-compiled.cc:127) common_voice_lt_40720768
LOG (gmm-align-compiled[5.5.1182~1-e02e3]:main():gmm-align-compiled.cc:127) common_voice_lt_40720769
LOG (gmm-align-compiled[5.5.1182~1-e02e3]:main():gmm-align-compiled.cc:127) common_voice_lt_40720771
LOG (gmm-align-compiled[5.5.1182~1-e02e3]:main():gmm-align-compiled.cc:127) common_voice_lt_40720772
LOG (gmm-align-compiled[5.5.1182~1-e02e3]:main():gmm-align-compiled.cc:127) common_voice_lt_40720774
LOG (gmm-align-compiled[5.5.1182~1-e02e3]:main():gmm-align-compiled.cc:127) common_voice_lt_40720775
LOG (gmm-align-compiled[5.5.1182~1-e02e3]:main():gmm-align-compiled.cc:127) common_voice_lt_40720776
LOG (gmm-align-compiled[5.5.1182~1-e02e3]:main():gmm-align-compiled.cc:127) common_voice_lt_40720777
LOG (gmm-align-compiled[5.5.1182~1-e02e3]:main():gmm-align-compiled.cc:127) common_voice_lt_40720779
LOG (gmm-align-compiled[5.5.1182~1-e02e3]:main():gmm-align-compiled.cc:127) common_voice_lt_40720781
LOG (gmm-align-compiled[5.5.1182~1-e02e3]:main():gmm-align-compiled.cc:127) common_voice_lt_40720782
LOG (gmm-align-compiled[5.5.1182~1-e02e3]:main():gmm-align-compiled.cc:127) common_voice_lt_40720788
LOG (gmm-align-compiled[5.5.1182~1-e02e3]:main():gmm-align-compiled.cc:127) common_voice_lt_40720790
LOG (gmm-align-compiled[5.5.1182~1-e02e3]:main():gmm-align-compiled.cc:127) common_voice_lt_40720810
LOG (gmm-align-compiled[5.5.1182~1-e02e3]:main():gmm-align-compiled.cc:127) common_voice_lt_40720811
LOG (gmm-align-compiled[5.5.1182~1-e02e3]:main():gmm-align-compiled.cc:127) common_voice_lt_40720814
LOG (gmm-align-compiled[5.5.1182~1-e02e3]:main():gmm-align-compiled.cc:127) common_voice_lt_40720820
LOG (gmm-align-compiled[5.5.1182~1-e02e3]:main():gmm-align-compiled.cc:127) common_voice_lt_40720823
LOG (gmm-align-compiled[5.5.1182~1-e02e3]:main():gmm-align-compiled.cc:127) common_voice_lt_40720830
LOG (gmm-align-compiled[5.5.1182~1-e02e3]:main():gmm-align-compiled.cc:127) common_voice_lt_40720831
LOG (gmm-align-compiled[5.5.1182~1-e02e3]:main():gmm-align-compiled.cc:127) common_voice_lt_40720833
LOG (gmm-align-compiled[5.5.1182~1-e02e3]:main():gmm-align-compiled.cc:127) common_voice_lt_40720834
LOG (gmm-align-compiled[5.5.1182~1-e02e3]:main():gmm-align-compiled.cc:127) common_voice_lt_40720840
LOG (gmm-align-compiled[5.5.1182~1-e02e3]:main():gmm-align-compiled.cc:127) common_voice_lt_40720842
LOG (gmm-align-compiled[5.5.1182~1-e02e3]:main():gmm-align-compiled.cc:127) common_voice_lt_40720849
LOG (gmm-align-compiled[5.5.1182~1-e02e3]:main():gmm-align-compiled.cc:127) common_voice_lt_40720855
LOG (gmm-align-compiled[5.5.1182~1-e02e3]:main():gmm-align-compiled.cc:127) common_voice_lt_40720858
LOG (gmm-align-compiled[5.5.1182~1-e02e3]:main():gmm-align-compiled.cc:127) common_voice_lt_40720864
LOG (gmm-align-compiled[5.5.1182~1-e02e3]:main():gmm-align-compiled.cc:127) common_voice_lt_40720870
LOG (gmm-align-compiled[5.5.1182~1-e02e3]:main():gmm-align-compiled.cc:127) common_voice_lt_40720871
LOG (gmm-align-compiled[5.5.1182~1-e02e3]:main():gmm-align-compiled.cc:127) common_voice_lt_40720874
LOG (gmm-align-compiled[5.5.1182~1-e02e3]:main():gmm-align-compiled.cc:127) common_voice_lt_40720875
LOG (gmm-align-compiled[5.5.1182~1-e02e3]:main():gmm-align-compiled.cc:127) common_voice_lt_40720876
LOG (gmm-align-compiled[5.5.1182~1-e02e3]:main():gmm-align-compiled.cc:127) common_voice_lt_40720879
LOG (gmm-align-compiled[5.5.1182~1-e02e3]:main():gmm-align-compiled.cc:127) common_voice_lt_40720880
LOG (gmm-align-compiled[5.5.1182~1-e02e3]:main():gmm-align-compiled.cc:127) common_voice_lt_40720881
LOG (gmm-align-compiled[5.5.1182~1-e02e3]:main():gmm-align-compiled.cc:127) common_voice_lt_40720882
LOG (gmm-align-compiled[5.5.1182~1-e02e3]:main():gmm-align-compiled.cc:127) common_voice_lt_40720883
LOG (gmm-align-compiled[5.5.1182~1-e02e3]:main():gmm-align-compiled.cc:127) common_voice_lt_40720884
LOG (gmm-align-compiled[5.5.1182~1-e02e3]:main():gmm-align-compiled.cc:127) common_voice_lt_40720886
LOG (gmm-align-compiled[5.5.1182~1-e02e3]:main():gmm-align-compiled.cc:127) common_voice_lt_40720887
LOG (gmm-align-compiled[5.5.1182~1-e02e3]:main():gmm-align-compiled.cc:127) common_voice_lt_40720888
LOG (gmm-align-compiled[5.5.1182~1-e02e3]:main():gmm-align-compiled.cc:127) common_voice_lt_40720889
LOG (gmm-align-compiled[5.5.1182~1-e02e3]:main():gmm-align-compiled.cc:127) common_voice_lt_40720890
LOG (gmm-align-compiled[5.5.1182~1-e02e3]:main():gmm-align-compiled.cc:127) common_voice_lt_40720891
LOG (gmm-align-compiled[5.5.1182~1-e02e3]:main():gmm-align-compiled.cc:127) common_voice_lt_40720893
LOG (gmm-align-compiled[5.5.1182~1-e02e3]:main():gmm-align-compiled.cc:127) common_voice_lt_40720895
LOG (gmm-align-compiled[5.5.1182~1-e02e3]:main():gmm-align-compiled.cc:127) common_voice_lt_40720897
LOG (gmm-align-compiled[5.5.1182~1-e02e3]:main():gmm-align-compiled.cc:127) common_voice_lt_40720898
LOG (gmm-align-compiled[5.5.1182~1-e02e3]:main():gmm-align-compiled.cc:127) common_voice_lt_40720899
LOG (gmm-align-compiled[5.5.1182~1-e02e3]:main():gmm-align-compiled.cc:127) common_voice_lt_40720900
LOG (gmm-align-compiled[5.5.1182~1-e02e3]:main():gmm-align-compiled.cc:127) common_voice_lt_40720902
LOG (gmm-align-compiled[5.5.1182~1-e02e3]:main():gmm-align-compiled.cc:127) common_voice_lt_40720903
LOG (gmm-align-compiled[5.5.1182~1-e02e3]:main():gmm-align-compiled.cc:127) common_voice_lt_40720904
LOG (gmm-align-compiled[5.5.1182~1-e02e3]:main():gmm-align-compiled.cc:127) common_voice_lt_40720905
LOG (gmm-align-compiled[5.5.1182~1-e02e3]:main():gmm-align-compiled.cc:127) common_voice_lt_40720906
LOG (gmm-align-compiled[5.5.1182~1-e02e3]:main():gmm-align-compiled.cc:127) common_voice_lt_40720907
LOG (gmm-align-compiled[5.5.1182~1-e02e3]:main():gmm-align-compiled.cc:127) common_voice_lt_40720908
LOG (gmm-align-compiled[5.5.1182~1-e02e3]:main():gmm-align-compiled.cc:127) common_voice_lt_40720909
LOG (gmm-align-compiled[5.5.1182~1-e02e3]:main():gmm-align-compiled.cc:127) common_voice_lt_40720910
LOG (gmm-align-compiled[5.5.1182~1-e02e3]:main():gmm-align-compiled.cc:127) common_voice_lt_40720912
LOG (gmm-align-compiled[5.5.1182~1-e02e3]:main():gmm-align-compiled.cc:127) common_voice_lt_40720913
LOG (gmm-align-compiled[5.5.1182~1-e02e3]:main():gmm-align-compiled.cc:127) common_voice_lt_40720914
LOG (gmm-align-compiled[5.5.1182~1-e02e3]:main():gmm-align-compiled.cc:127) common_voice_lt_40720915
LOG (gmm-align-compiled[5.5.1182~1-e02e3]:main():gmm-align-compiled.cc:127) common_voice_lt_40720916
LOG (gmm-align-compiled[5.5.1182~1-e02e3]:main():gmm-align-compiled.cc:127) common_voice_lt_40720917
LOG (gmm-align-compiled[5.5.1182~1-e02e3]:main():gmm-align-compiled.cc:127) common_voice_lt_40720919
LOG (gmm-align-compiled[5.5.1182~1-e02e3]:main():gmm-align-compiled.cc:127) common_voice_lt_40720920
LOG (gmm-align-compiled[5.5.1182~1-e02e3]:main():gmm-align-compiled.cc:127) common_voice_lt_40720922
LOG (gmm-align-compiled[5.5.1182~1-e02e3]:main():gmm-align-compiled.cc:127) common_voice_lt_40720923
LOG (gmm-align-compiled[5.5.1182~1-e02e3]:main():gmm-align-compiled.cc:127) common_voice_lt_40720925
LOG (gmm-align-compiled[5.5.1182~1-e02e3]:main():gmm-align-compiled.cc:127) common_voice_lt_40720927
LOG (gmm-align-compiled[5.5.1182~1-e02e3]:main():gmm-align-compiled.cc:127) common_voice_lt_40720928
LOG (gmm-align-compiled[5.5.1182~1-e02e3]:main():gmm-align-compiled.cc:127) common_voice_lt_40720929
LOG (gmm-align-compiled[5.5.1182~1-e02e3]:main():gmm-align-compiled.cc:127) common_voice_lt_40720930
LOG (gmm-align-compiled[5.5.1182~1-e02e3]:main():gmm-align-compiled.cc:127) common_voice_lt_40720931
LOG (gmm-align-compiled[5.5.1182~1-e02e3]:main():gmm-align-compiled.cc:127) common_voice_lt_40720932
LOG (gmm-align-compiled[5.5.1182~1-e02e3]:main():gmm-align-compiled.cc:127) common_voice_lt_40720933
LOG (gmm-align-compiled[5.5.1182~1-e02e3]:main():gmm-align-compiled.cc:127) common_voice_lt_40720934
LOG (gmm-align-compiled[5.5.1182~1-e02e3]:main():gmm-align-compiled.cc:127) common_voice_lt_40720935
LOG (gmm-align-compiled[5.5.1182~1-e02e3]:main():gmm-align-compiled.cc:127) common_voice_lt_40720937
LOG (gmm-align-compiled[5.5.1182~1-e02e3]:main():gmm-align-compiled.cc:127) common_voice_lt_40720939
LOG (gmm-align-compiled[5.5.1182~1-e02e3]:main():gmm-align-compiled.cc:127) common_voice_lt_40720940
LOG (gmm-align-compiled[5.5.1182~1-e02e3]:main():gmm-align-compiled.cc:127) common_voice_lt_40720941
LOG (gmm-align-compiled[5.5.1182~1-e02e3]:main():gmm-align-compiled.cc:127) common_voice_lt_40720944
LOG (gmm-align-compiled[5.5.1182~1-e02e3]:main():gmm-align-compiled.cc:127) common_voice_lt_40720945
LOG (gmm-align-compiled[5.5.1182~1-e02e3]:main():gmm-align-compiled.cc:127) common_voice_lt_40720946
LOG (gmm-align-compiled[5.5.1182~1-e02e3]:main():gmm-align-compiled.cc:127) common_voice_lt_40720948
LOG (gmm-align-compiled[5.5.1182~1-e02e3]:main():gmm-align-compiled.cc:127) common_voice_lt_40720949
LOG (gmm-align-compiled[5.5.1182~1-e02e3]:main():gmm-align-compiled.cc:127) common_voice_lt_40720950
LOG (gmm-align-compiled[5.5.1182~1-e02e3]:main():gmm-align-compiled.cc:127) common_voice_lt_40720953
LOG (gmm-align-compiled[5.5.1182~1-e02e3]:main():gmm-align-compiled.cc:127) common_voice_lt_40720954
LOG (gmm-align-compiled[5.5.1182~1-e02e3]:main():gmm-align-compiled.cc:127) common_voice_lt_40720958
LOG (gmm-align-compiled[5.5.1182~1-e02e3]:main():gmm-align-compiled.cc:127) common_voice_lt_40720959
LOG (apply-cmvn[5.5.1182~1-e02e3]:main():apply-cmvn.cc:162) Applied cepstral mean normalization to 604 utterances, errors on 0
LOG (compile-train-graphs[5.5.1182~1-e02e3]:main():compile-train-graphs.cc:147) compile-train-graphs: succeeded for 604 graphs, failed for 0
LOG (gmm-align-compiled[5.5.1182~1-e02e3]:main():gmm-align-compiled.cc:127) common_voice_lt_40720962
LOG (gmm-align-compiled[5.5.1182~1-e02e3]:main():gmm-align-compiled.cc:127) common_voice_lt_40720963
LOG (gmm-align-compiled[5.5.1182~1-e02e3]:main():gmm-align-compiled.cc:127) common_voice_lt_40720964
LOG (gmm-align-compiled[5.5.1182~1-e02e3]:main():gmm-align-compiled.cc:127) common_voice_lt_40720966
LOG (gmm-align-compiled[5.5.1182~1-e02e3]:main():gmm-align-compiled.cc:135) Overall log-likelihood per frame is -103.283 over 282668 frames.
LOG (gmm-align-compiled[5.5.1182~1-e02e3]:main():gmm-align-compiled.cc:137) Retried 0 out of 604 utterances.
LOG (gmm-align-compiled[5.5.1182~1-e02e3]:main():gmm-align-compiled.cc:139) Done 604, errors on 0
# Accounting: time=4 threads=1
# Ended (code 0) at Wed Jan 14 11:38:06 EET 2026, elapsed time 4 seconds
