# compile-train-graphs --read-disambig-syms=data/lang/phones/disambig.int exp/mono_ali/tree exp/mono_ali/final.mdl data/lang/L.fst "ark:utils/sym2int.pl --map-oov 2 -f 2- data/lang/words.txt data/train/split15/12/text|" ark:- | gmm-align-compiled --transition-scale=1.0 --acoustic-scale=0.1 --self-loop-scale=0.1 --beam=10 --retry-beam=40 --careful=false "gmm-boost-silence --boost=1.0 1 exp/mono_ali/final.mdl - |" ark:- "ark,s,cs:apply-cmvn  --utt2spk=ark:data/train/split15/12/utt2spk scp:data/train/split15/12/cmvn.scp scp:data/train/split15/12/feats.scp ark:- | add-deltas  ark:- ark:- |" "ark,t:|gzip -c >exp/mono_ali/ali.12.gz" 
# Started at Wed Jan 14 11:38:02 EET 2026
#
compile-train-graphs --read-disambig-syms=data/lang/phones/disambig.int exp/mono_ali/tree exp/mono_ali/final.mdl data/lang/L.fst 'ark:utils/sym2int.pl --map-oov 2 -f 2- data/lang/words.txt data/train/split15/12/text|' ark:- 
gmm-align-compiled --transition-scale=1.0 --acoustic-scale=0.1 --self-loop-scale=0.1 --beam=10 --retry-beam=40 --careful=false 'gmm-boost-silence --boost=1.0 1 exp/mono_ali/final.mdl - |' ark:- 'ark,s,cs:apply-cmvn  --utt2spk=ark:data/train/split15/12/utt2spk scp:data/train/split15/12/cmvn.scp scp:data/train/split15/12/feats.scp ark:- | add-deltas  ark:- ark:- |' 'ark,t:|gzip -c >exp/mono_ali/ali.12.gz' 
gmm-boost-silence --boost=1.0 1 exp/mono_ali/final.mdl - 
WARNING (gmm-boost-silence[5.5.1182~1-e02e3]:main():gmm-boost-silence.cc:82) The pdfs for the silence phones may be shared by other phones (note: this probably does not matter.)
LOG (gmm-boost-silence[5.5.1182~1-e02e3]:main():gmm-boost-silence.cc:93) Boosted weights for 5 pdfs, by factor of 1
LOG (gmm-boost-silence[5.5.1182~1-e02e3]:main():gmm-boost-silence.cc:103) Wrote model to -
apply-cmvn --utt2spk=ark:data/train/split15/12/utt2spk scp:data/train/split15/12/cmvn.scp scp:data/train/split15/12/feats.scp ark:- 
add-deltas ark:- ark:- 
LOG (gmm-align-compiled[5.5.1182~1-e02e3]:main():gmm-align-compiled.cc:127) common_voice_lt_40720968
LOG (gmm-align-compiled[5.5.1182~1-e02e3]:main():gmm-align-compiled.cc:127) common_voice_lt_40720969
LOG (gmm-align-compiled[5.5.1182~1-e02e3]:main():gmm-align-compiled.cc:127) common_voice_lt_40720972
LOG (gmm-align-compiled[5.5.1182~1-e02e3]:main():gmm-align-compiled.cc:127) common_voice_lt_40720973
LOG (gmm-align-compiled[5.5.1182~1-e02e3]:main():gmm-align-compiled.cc:127) common_voice_lt_40720977
LOG (gmm-align-compiled[5.5.1182~1-e02e3]:main():gmm-align-compiled.cc:127) common_voice_lt_40720978
LOG (gmm-align-compiled[5.5.1182~1-e02e3]:main():gmm-align-compiled.cc:127) common_voice_lt_40720979
LOG (gmm-align-compiled[5.5.1182~1-e02e3]:main():gmm-align-compiled.cc:127) common_voice_lt_40720981
LOG (gmm-align-compiled[5.5.1182~1-e02e3]:main():gmm-align-compiled.cc:127) common_voice_lt_40720982
LOG (gmm-align-compiled[5.5.1182~1-e02e3]:main():gmm-align-compiled.cc:127) common_voice_lt_40720985
LOG (gmm-align-compiled[5.5.1182~1-e02e3]:main():gmm-align-compiled.cc:127) common_voice_lt_40720989
LOG (gmm-align-compiled[5.5.1182~1-e02e3]:main():gmm-align-compiled.cc:127) common_voice_lt_40720991
LOG (gmm-align-compiled[5.5.1182~1-e02e3]:main():gmm-align-compiled.cc:127) common_voice_lt_40720992
LOG (gmm-align-compiled[5.5.1182~1-e02e3]:main():gmm-align-compiled.cc:127) common_voice_lt_40721000
LOG (gmm-align-compiled[5.5.1182~1-e02e3]:main():gmm-align-compiled.cc:127) common_voice_lt_40721001
LOG (gmm-align-compiled[5.5.1182~1-e02e3]:main():gmm-align-compiled.cc:127) common_voice_lt_40721003
LOG (gmm-align-compiled[5.5.1182~1-e02e3]:main():gmm-align-compiled.cc:127) common_voice_lt_40721005
LOG (gmm-align-compiled[5.5.1182~1-e02e3]:main():gmm-align-compiled.cc:127) common_voice_lt_40721007
LOG (gmm-align-compiled[5.5.1182~1-e02e3]:main():gmm-align-compiled.cc:127) common_voice_lt_40721008
LOG (gmm-align-compiled[5.5.1182~1-e02e3]:main():gmm-align-compiled.cc:127) common_voice_lt_40721009
LOG (gmm-align-compiled[5.5.1182~1-e02e3]:main():gmm-align-compiled.cc:127) common_voice_lt_40721010
LOG (gmm-align-compiled[5.5.1182~1-e02e3]:main():gmm-align-compiled.cc:127) common_voice_lt_40721011
LOG (gmm-align-compiled[5.5.1182~1-e02e3]:main():gmm-align-compiled.cc:127) common_voice_lt_40721012
LOG (gmm-align-compiled[5.5.1182~1-e02e3]:main():gmm-align-compiled.cc:127) common_voice_lt_40721013
LOG (gmm-align-compiled[5.5.1182~1-e02e3]:main():gmm-align-compiled.cc:127) common_voice_lt_40721014
LOG (gmm-align-compiled[5.5.1182~1-e02e3]:main():gmm-align-compiled.cc:127) common_voice_lt_40721016
LOG (gmm-align-compiled[5.5.1182~1-e02e3]:main():gmm-align-compiled.cc:127) common_voice_lt_40721017
LOG (gmm-align-compiled[5.5.1182~1-e02e3]:main():gmm-align-compiled.cc:127) common_voice_lt_40721019
LOG (gmm-align-compiled[5.5.1182~1-e02e3]:main():gmm-align-compiled.cc:127) common_voice_lt_40721020
LOG (gmm-align-compiled[5.5.1182~1-e02e3]:main():gmm-align-compiled.cc:127) common_voice_lt_40721022
LOG (gmm-align-compiled[5.5.1182~1-e02e3]:main():gmm-align-compiled.cc:127) common_voice_lt_40721023
LOG (gmm-align-compiled[5.5.1182~1-e02e3]:main():gmm-align-compiled.cc:127) common_voice_lt_40721024
LOG (gmm-align-compiled[5.5.1182~1-e02e3]:main():gmm-align-compiled.cc:127) common_voice_lt_40721025
LOG (gmm-align-compiled[5.5.1182~1-e02e3]:main():gmm-align-compiled.cc:127) common_voice_lt_40721026
LOG (gmm-align-compiled[5.5.1182~1-e02e3]:main():gmm-align-compiled.cc:127) common_voice_lt_40721028
LOG (gmm-align-compiled[5.5.1182~1-e02e3]:main():gmm-align-compiled.cc:127) common_voice_lt_40721029
LOG (gmm-align-compiled[5.5.1182~1-e02e3]:main():gmm-align-compiled.cc:127) common_voice_lt_40721033
LOG (gmm-align-compiled[5.5.1182~1-e02e3]:main():gmm-align-compiled.cc:127) common_voice_lt_40721034
LOG (gmm-align-compiled[5.5.1182~1-e02e3]:main():gmm-align-compiled.cc:127) common_voice_lt_40721036
LOG (gmm-align-compiled[5.5.1182~1-e02e3]:main():gmm-align-compiled.cc:127) common_voice_lt_40721037
LOG (gmm-align-compiled[5.5.1182~1-e02e3]:main():gmm-align-compiled.cc:127) common_voice_lt_40721038
LOG (gmm-align-compiled[5.5.1182~1-e02e3]:main():gmm-align-compiled.cc:127) common_voice_lt_40721040
LOG (gmm-align-compiled[5.5.1182~1-e02e3]:main():gmm-align-compiled.cc:127) common_voice_lt_40721041
LOG (gmm-align-compiled[5.5.1182~1-e02e3]:main():gmm-align-compiled.cc:127) common_voice_lt_40721042
LOG (gmm-align-compiled[5.5.1182~1-e02e3]:main():gmm-align-compiled.cc:127) common_voice_lt_40721045
LOG (gmm-align-compiled[5.5.1182~1-e02e3]:main():gmm-align-compiled.cc:127) common_voice_lt_40721046
LOG (gmm-align-compiled[5.5.1182~1-e02e3]:main():gmm-align-compiled.cc:127) common_voice_lt_40721050
LOG (gmm-align-compiled[5.5.1182~1-e02e3]:main():gmm-align-compiled.cc:127) common_voice_lt_40721051
LOG (gmm-align-compiled[5.5.1182~1-e02e3]:main():gmm-align-compiled.cc:127) common_voice_lt_40721053
LOG (gmm-align-compiled[5.5.1182~1-e02e3]:main():gmm-align-compiled.cc:127) common_voice_lt_40721054
LOG (gmm-align-compiled[5.5.1182~1-e02e3]:main():gmm-align-compiled.cc:127) common_voice_lt_40721055
LOG (gmm-align-compiled[5.5.1182~1-e02e3]:main():gmm-align-compiled.cc:127) common_voice_lt_40721056
LOG (gmm-align-compiled[5.5.1182~1-e02e3]:main():gmm-align-compiled.cc:127) common_voice_lt_40721057
LOG (gmm-align-compiled[5.5.1182~1-e02e3]:main():gmm-align-compiled.cc:127) common_voice_lt_40721058
LOG (gmm-align-compiled[5.5.1182~1-e02e3]:main():gmm-align-compiled.cc:127) common_voice_lt_40721059
LOG (gmm-align-compiled[5.5.1182~1-e02e3]:main():gmm-align-compiled.cc:127) common_voice_lt_40721061
LOG (gmm-align-compiled[5.5.1182~1-e02e3]:main():gmm-align-compiled.cc:127) common_voice_lt_40721062
LOG (gmm-align-compiled[5.5.1182~1-e02e3]:main():gmm-align-compiled.cc:127) common_voice_lt_40721070
LOG (gmm-align-compiled[5.5.1182~1-e02e3]:main():gmm-align-compiled.cc:127) common_voice_lt_40721071
LOG (gmm-align-compiled[5.5.1182~1-e02e3]:main():gmm-align-compiled.cc:127) common_voice_lt_40721073
LOG (gmm-align-compiled[5.5.1182~1-e02e3]:main():gmm-align-compiled.cc:127) common_voice_lt_40721075
LOG (gmm-align-compiled[5.5.1182~1-e02e3]:main():gmm-align-compiled.cc:127) common_voice_lt_40721076
LOG (gmm-align-compiled[5.5.1182~1-e02e3]:main():gmm-align-compiled.cc:127) common_voice_lt_40721077
LOG (gmm-align-compiled[5.5.1182~1-e02e3]:main():gmm-align-compiled.cc:127) common_voice_lt_40721084
LOG (gmm-align-compiled[5.5.1182~1-e02e3]:main():gmm-align-compiled.cc:127) common_voice_lt_40721085
LOG (gmm-align-compiled[5.5.1182~1-e02e3]:main():gmm-align-compiled.cc:127) common_voice_lt_40721086
LOG (gmm-align-compiled[5.5.1182~1-e02e3]:main():gmm-align-compiled.cc:127) common_voice_lt_40721087
LOG (gmm-align-compiled[5.5.1182~1-e02e3]:main():gmm-align-compiled.cc:127) common_voice_lt_40721088
LOG (gmm-align-compiled[5.5.1182~1-e02e3]:main():gmm-align-compiled.cc:127) common_voice_lt_40721090
LOG (gmm-align-compiled[5.5.1182~1-e02e3]:main():gmm-align-compiled.cc:127) common_voice_lt_40721092
LOG (gmm-align-compiled[5.5.1182~1-e02e3]:main():gmm-align-compiled.cc:127) common_voice_lt_40721093
LOG (gmm-align-compiled[5.5.1182~1-e02e3]:main():gmm-align-compiled.cc:127) common_voice_lt_40721095
LOG (gmm-align-compiled[5.5.1182~1-e02e3]:main():gmm-align-compiled.cc:127) common_voice_lt_40721096
LOG (gmm-align-compiled[5.5.1182~1-e02e3]:main():gmm-align-compiled.cc:127) common_voice_lt_40721097
LOG (gmm-align-compiled[5.5.1182~1-e02e3]:main():gmm-align-compiled.cc:127) common_voice_lt_40721098
LOG (gmm-align-compiled[5.5.1182~1-e02e3]:main():gmm-align-compiled.cc:127) common_voice_lt_40721101
LOG (gmm-align-compiled[5.5.1182~1-e02e3]:main():gmm-align-compiled.cc:127) common_voice_lt_40721102
LOG (gmm-align-compiled[5.5.1182~1-e02e3]:main():gmm-align-compiled.cc:127) common_voice_lt_40721103
LOG (gmm-align-compiled[5.5.1182~1-e02e3]:main():gmm-align-compiled.cc:127) common_voice_lt_40721114
LOG (gmm-align-compiled[5.5.1182~1-e02e3]:main():gmm-align-compiled.cc:127) common_voice_lt_40721116
LOG (gmm-align-compiled[5.5.1182~1-e02e3]:main():gmm-align-compiled.cc:127) common_voice_lt_40721122
LOG (gmm-align-compiled[5.5.1182~1-e02e3]:main():gmm-align-compiled.cc:127) common_voice_lt_40721129
LOG (gmm-align-compiled[5.5.1182~1-e02e3]:main():gmm-align-compiled.cc:127) common_voice_lt_40721130
LOG (gmm-align-compiled[5.5.1182~1-e02e3]:main():gmm-align-compiled.cc:127) common_voice_lt_40721131
LOG (gmm-align-compiled[5.5.1182~1-e02e3]:main():gmm-align-compiled.cc:127) common_voice_lt_40721132
LOG (gmm-align-compiled[5.5.1182~1-e02e3]:main():gmm-align-compiled.cc:127) common_voice_lt_40721133
LOG (gmm-align-compiled[5.5.1182~1-e02e3]:main():gmm-align-compiled.cc:127) common_voice_lt_40721134
LOG (gmm-align-compiled[5.5.1182~1-e02e3]:main():gmm-align-compiled.cc:127) common_voice_lt_40721135
LOG (gmm-align-compiled[5.5.1182~1-e02e3]:main():gmm-align-compiled.cc:127) common_voice_lt_40721136
LOG (gmm-align-compiled[5.5.1182~1-e02e3]:main():gmm-align-compiled.cc:127) common_voice_lt_40721137
LOG (gmm-align-compiled[5.5.1182~1-e02e3]:main():gmm-align-compiled.cc:127) common_voice_lt_40721141
LOG (gmm-align-compiled[5.5.1182~1-e02e3]:main():gmm-align-compiled.cc:127) common_voice_lt_40721142
LOG (gmm-align-compiled[5.5.1182~1-e02e3]:main():gmm-align-compiled.cc:127) common_voice_lt_40721143
LOG (gmm-align-compiled[5.5.1182~1-e02e3]:main():gmm-align-compiled.cc:127) common_voice_lt_40721163
LOG (gmm-align-compiled[5.5.1182~1-e02e3]:main():gmm-align-compiled.cc:127) common_voice_lt_40721167
LOG (gmm-align-compiled[5.5.1182~1-e02e3]:main():gmm-align-compiled.cc:127) common_voice_lt_40721200
LOG (gmm-align-compiled[5.5.1182~1-e02e3]:main():gmm-align-compiled.cc:127) common_voice_lt_40721201
LOG (gmm-align-compiled[5.5.1182~1-e02e3]:main():gmm-align-compiled.cc:127) common_voice_lt_40721202
LOG (gmm-align-compiled[5.5.1182~1-e02e3]:main():gmm-align-compiled.cc:127) common_voice_lt_40721208
LOG (gmm-align-compiled[5.5.1182~1-e02e3]:main():gmm-align-compiled.cc:127) common_voice_lt_40721210
LOG (gmm-align-compiled[5.5.1182~1-e02e3]:main():gmm-align-compiled.cc:127) common_voice_lt_40721220
LOG (gmm-align-compiled[5.5.1182~1-e02e3]:main():gmm-align-compiled.cc:127) common_voice_lt_40721222
LOG (gmm-align-compiled[5.5.1182~1-e02e3]:main():gmm-align-compiled.cc:127) common_voice_lt_40721228
LOG (gmm-align-compiled[5.5.1182~1-e02e3]:main():gmm-align-compiled.cc:127) common_voice_lt_40721230
LOG (gmm-align-compiled[5.5.1182~1-e02e3]:main():gmm-align-compiled.cc:127) common_voice_lt_40721232
LOG (gmm-align-compiled[5.5.1182~1-e02e3]:main():gmm-align-compiled.cc:127) common_voice_lt_40721238
LOG (gmm-align-compiled[5.5.1182~1-e02e3]:main():gmm-align-compiled.cc:127) common_voice_lt_40721239
LOG (gmm-align-compiled[5.5.1182~1-e02e3]:main():gmm-align-compiled.cc:127) common_voice_lt_40721240
LOG (gmm-align-compiled[5.5.1182~1-e02e3]:main():gmm-align-compiled.cc:127) common_voice_lt_40721241
LOG (gmm-align-compiled[5.5.1182~1-e02e3]:main():gmm-align-compiled.cc:127) common_voice_lt_40721242
LOG (gmm-align-compiled[5.5.1182~1-e02e3]:main():gmm-align-compiled.cc:127) common_voice_lt_40721253
LOG (gmm-align-compiled[5.5.1182~1-e02e3]:main():gmm-align-compiled.cc:127) common_voice_lt_40721255
LOG (gmm-align-compiled[5.5.1182~1-e02e3]:main():gmm-align-compiled.cc:127) common_voice_lt_40721256
LOG (gmm-align-compiled[5.5.1182~1-e02e3]:main():gmm-align-compiled.cc:127) common_voice_lt_40721261
LOG (gmm-align-compiled[5.5.1182~1-e02e3]:main():gmm-align-compiled.cc:127) common_voice_lt_40721271
LOG (gmm-align-compiled[5.5.1182~1-e02e3]:main():gmm-align-compiled.cc:127) common_voice_lt_40721272
LOG (gmm-align-compiled[5.5.1182~1-e02e3]:main():gmm-align-compiled.cc:127) common_voice_lt_40721273
LOG (gmm-align-compiled[5.5.1182~1-e02e3]:main():gmm-align-compiled.cc:127) common_voice_lt_40721275
LOG (gmm-align-compiled[5.5.1182~1-e02e3]:main():gmm-align-compiled.cc:127) common_voice_lt_40721278
LOG (gmm-align-compiled[5.5.1182~1-e02e3]:main():gmm-align-compiled.cc:127) common_voice_lt_40721279
LOG (gmm-align-compiled[5.5.1182~1-e02e3]:main():gmm-align-compiled.cc:127) common_voice_lt_40721281
LOG (gmm-align-compiled[5.5.1182~1-e02e3]:main():gmm-align-compiled.cc:127) common_voice_lt_40721282
LOG (gmm-align-compiled[5.5.1182~1-e02e3]:main():gmm-align-compiled.cc:127) common_voice_lt_40721306
LOG (gmm-align-compiled[5.5.1182~1-e02e3]:main():gmm-align-compiled.cc:127) common_voice_lt_40721313
LOG (gmm-align-compiled[5.5.1182~1-e02e3]:main():gmm-align-compiled.cc:127) common_voice_lt_40721320
LOG (gmm-align-compiled[5.5.1182~1-e02e3]:main():gmm-align-compiled.cc:127) common_voice_lt_40721323
LOG (gmm-align-compiled[5.5.1182~1-e02e3]:main():gmm-align-compiled.cc:127) common_voice_lt_40721328
LOG (gmm-align-compiled[5.5.1182~1-e02e3]:main():gmm-align-compiled.cc:127) common_voice_lt_40721330
LOG (gmm-align-compiled[5.5.1182~1-e02e3]:main():gmm-align-compiled.cc:127) common_voice_lt_40721332
LOG (gmm-align-compiled[5.5.1182~1-e02e3]:main():gmm-align-compiled.cc:127) common_voice_lt_40721334
LOG (gmm-align-compiled[5.5.1182~1-e02e3]:main():gmm-align-compiled.cc:127) common_voice_lt_40721335
LOG (gmm-align-compiled[5.5.1182~1-e02e3]:main():gmm-align-compiled.cc:127) common_voice_lt_40721347
LOG (gmm-align-compiled[5.5.1182~1-e02e3]:main():gmm-align-compiled.cc:127) common_voice_lt_40721350
LOG (gmm-align-compiled[5.5.1182~1-e02e3]:main():gmm-align-compiled.cc:127) common_voice_lt_40721351
LOG (gmm-align-compiled[5.5.1182~1-e02e3]:main():gmm-align-compiled.cc:127) common_voice_lt_40721355
LOG (gmm-align-compiled[5.5.1182~1-e02e3]:main():gmm-align-compiled.cc:127) common_voice_lt_40721356
LOG (gmm-align-compiled[5.5.1182~1-e02e3]:main():gmm-align-compiled.cc:127) common_voice_lt_40721358
LOG (gmm-align-compiled[5.5.1182~1-e02e3]:main():gmm-align-compiled.cc:127) common_voice_lt_40721362
LOG (gmm-align-compiled[5.5.1182~1-e02e3]:main():gmm-align-compiled.cc:127) common_voice_lt_40721364
LOG (gmm-align-compiled[5.5.1182~1-e02e3]:main():gmm-align-compiled.cc:127) common_voice_lt_40721366
LOG (gmm-align-compiled[5.5.1182~1-e02e3]:main():gmm-align-compiled.cc:127) common_voice_lt_40721375
LOG (gmm-align-compiled[5.5.1182~1-e02e3]:main():gmm-align-compiled.cc:127) common_voice_lt_40721390
LOG (gmm-align-compiled[5.5.1182~1-e02e3]:main():gmm-align-compiled.cc:127) common_voice_lt_40721391
LOG (gmm-align-compiled[5.5.1182~1-e02e3]:main():gmm-align-compiled.cc:127) common_voice_lt_40721393
LOG (gmm-align-compiled[5.5.1182~1-e02e3]:main():gmm-align-compiled.cc:127) common_voice_lt_40721395
LOG (gmm-align-compiled[5.5.1182~1-e02e3]:main():gmm-align-compiled.cc:127) common_voice_lt_40721402
LOG (gmm-align-compiled[5.5.1182~1-e02e3]:main():gmm-align-compiled.cc:127) common_voice_lt_40721403
LOG (gmm-align-compiled[5.5.1182~1-e02e3]:main():gmm-align-compiled.cc:127) common_voice_lt_40721406
LOG (gmm-align-compiled[5.5.1182~1-e02e3]:main():gmm-align-compiled.cc:127) common_voice_lt_40721407
LOG (gmm-align-compiled[5.5.1182~1-e02e3]:main():gmm-align-compiled.cc:127) common_voice_lt_40721408
LOG (gmm-align-compiled[5.5.1182~1-e02e3]:main():gmm-align-compiled.cc:127) common_voice_lt_40721409
LOG (gmm-align-compiled[5.5.1182~1-e02e3]:main():gmm-align-compiled.cc:127) common_voice_lt_40721417
LOG (gmm-align-compiled[5.5.1182~1-e02e3]:main():gmm-align-compiled.cc:127) common_voice_lt_40721418
LOG (gmm-align-compiled[5.5.1182~1-e02e3]:main():gmm-align-compiled.cc:127) common_voice_lt_40721419
LOG (gmm-align-compiled[5.5.1182~1-e02e3]:main():gmm-align-compiled.cc:127) common_voice_lt_40721420
LOG (gmm-align-compiled[5.5.1182~1-e02e3]:main():gmm-align-compiled.cc:127) common_voice_lt_40721423
LOG (gmm-align-compiled[5.5.1182~1-e02e3]:main():gmm-align-compiled.cc:127) common_voice_lt_40721424
LOG (gmm-align-compiled[5.5.1182~1-e02e3]:main():gmm-align-compiled.cc:127) common_voice_lt_40721425
LOG (gmm-align-compiled[5.5.1182~1-e02e3]:main():gmm-align-compiled.cc:127) common_voice_lt_40721431
LOG (gmm-align-compiled[5.5.1182~1-e02e3]:main():gmm-align-compiled.cc:127) common_voice_lt_40721433
LOG (gmm-align-compiled[5.5.1182~1-e02e3]:main():gmm-align-compiled.cc:127) common_voice_lt_40721435
LOG (gmm-align-compiled[5.5.1182~1-e02e3]:main():gmm-align-compiled.cc:127) common_voice_lt_40721438
LOG (gmm-align-compiled[5.5.1182~1-e02e3]:main():gmm-align-compiled.cc:127) common_voice_lt_40721440
LOG (gmm-align-compiled[5.5.1182~1-e02e3]:main():gmm-align-compiled.cc:127) common_voice_lt_40721441
LOG (gmm-align-compiled[5.5.1182~1-e02e3]:main():gmm-align-compiled.cc:127) common_voice_lt_40721443
LOG (gmm-align-compiled[5.5.1182~1-e02e3]:main():gmm-align-compiled.cc:127) common_voice_lt_40721445
LOG (gmm-align-compiled[5.5.1182~1-e02e3]:main():gmm-align-compiled.cc:127) common_voice_lt_40721446
LOG (gmm-align-compiled[5.5.1182~1-e02e3]:main():gmm-align-compiled.cc:127) common_voice_lt_40721449
LOG (gmm-align-compiled[5.5.1182~1-e02e3]:main():gmm-align-compiled.cc:127) common_voice_lt_40721461
LOG (gmm-align-compiled[5.5.1182~1-e02e3]:main():gmm-align-compiled.cc:127) common_voice_lt_40721462
LOG (gmm-align-compiled[5.5.1182~1-e02e3]:main():gmm-align-compiled.cc:127) common_voice_lt_40721467
LOG (gmm-align-compiled[5.5.1182~1-e02e3]:main():gmm-align-compiled.cc:127) common_voice_lt_40721469
LOG (gmm-align-compiled[5.5.1182~1-e02e3]:main():gmm-align-compiled.cc:127) common_voice_lt_40721471
LOG (gmm-align-compiled[5.5.1182~1-e02e3]:main():gmm-align-compiled.cc:127) common_voice_lt_40721472
LOG (gmm-align-compiled[5.5.1182~1-e02e3]:main():gmm-align-compiled.cc:127) common_voice_lt_40721473
LOG (gmm-align-compiled[5.5.1182~1-e02e3]:main():gmm-align-compiled.cc:127) common_voice_lt_40721475
LOG (gmm-align-compiled[5.5.1182~1-e02e3]:main():gmm-align-compiled.cc:127) common_voice_lt_40721476
LOG (gmm-align-compiled[5.5.1182~1-e02e3]:main():gmm-align-compiled.cc:127) common_voice_lt_40721481
LOG (gmm-align-compiled[5.5.1182~1-e02e3]:main():gmm-align-compiled.cc:127) common_voice_lt_40721484
LOG (gmm-align-compiled[5.5.1182~1-e02e3]:main():gmm-align-compiled.cc:127) common_voice_lt_40721498
LOG (gmm-align-compiled[5.5.1182~1-e02e3]:main():gmm-align-compiled.cc:127) common_voice_lt_40721500
LOG (gmm-align-compiled[5.5.1182~1-e02e3]:main():gmm-align-compiled.cc:127) common_voice_lt_40721517
LOG (gmm-align-compiled[5.5.1182~1-e02e3]:main():gmm-align-compiled.cc:127) common_voice_lt_40721518
LOG (gmm-align-compiled[5.5.1182~1-e02e3]:main():gmm-align-compiled.cc:127) common_voice_lt_40721522
LOG (gmm-align-compiled[5.5.1182~1-e02e3]:main():gmm-align-compiled.cc:127) common_voice_lt_40721541
LOG (gmm-align-compiled[5.5.1182~1-e02e3]:main():gmm-align-compiled.cc:127) common_voice_lt_40721543
LOG (gmm-align-compiled[5.5.1182~1-e02e3]:main():gmm-align-compiled.cc:127) common_voice_lt_40721555
LOG (gmm-align-compiled[5.5.1182~1-e02e3]:main():gmm-align-compiled.cc:127) common_voice_lt_40721557
LOG (gmm-align-compiled[5.5.1182~1-e02e3]:main():gmm-align-compiled.cc:127) common_voice_lt_40721563
LOG (gmm-align-compiled[5.5.1182~1-e02e3]:main():gmm-align-compiled.cc:127) common_voice_lt_40721565
LOG (gmm-align-compiled[5.5.1182~1-e02e3]:main():gmm-align-compiled.cc:127) common_voice_lt_40721566
LOG (gmm-align-compiled[5.5.1182~1-e02e3]:main():gmm-align-compiled.cc:127) common_voice_lt_40721573
LOG (gmm-align-compiled[5.5.1182~1-e02e3]:main():gmm-align-compiled.cc:127) common_voice_lt_40721574
LOG (gmm-align-compiled[5.5.1182~1-e02e3]:main():gmm-align-compiled.cc:127) common_voice_lt_40721576
LOG (gmm-align-compiled[5.5.1182~1-e02e3]:main():gmm-align-compiled.cc:127) common_voice_lt_40721586
LOG (gmm-align-compiled[5.5.1182~1-e02e3]:main():gmm-align-compiled.cc:127) common_voice_lt_40721587
LOG (gmm-align-compiled[5.5.1182~1-e02e3]:main():gmm-align-compiled.cc:127) common_voice_lt_40721595
LOG (gmm-align-compiled[5.5.1182~1-e02e3]:main():gmm-align-compiled.cc:127) common_voice_lt_40721596
LOG (gmm-align-compiled[5.5.1182~1-e02e3]:main():gmm-align-compiled.cc:127) common_voice_lt_40721605
LOG (gmm-align-compiled[5.5.1182~1-e02e3]:main():gmm-align-compiled.cc:127) common_voice_lt_40721606
LOG (gmm-align-compiled[5.5.1182~1-e02e3]:main():gmm-align-compiled.cc:127) common_voice_lt_40721608
LOG (gmm-align-compiled[5.5.1182~1-e02e3]:main():gmm-align-compiled.cc:127) common_voice_lt_40721614
LOG (gmm-align-compiled[5.5.1182~1-e02e3]:main():gmm-align-compiled.cc:127) common_voice_lt_40721615
LOG (gmm-align-compiled[5.5.1182~1-e02e3]:main():gmm-align-compiled.cc:127) common_voice_lt_40721616
LOG (gmm-align-compiled[5.5.1182~1-e02e3]:main():gmm-align-compiled.cc:127) common_voice_lt_40721617
LOG (gmm-align-compiled[5.5.1182~1-e02e3]:main():gmm-align-compiled.cc:127) common_voice_lt_40721619
LOG (gmm-align-compiled[5.5.1182~1-e02e3]:main():gmm-align-compiled.cc:127) common_voice_lt_40721621
LOG (gmm-align-compiled[5.5.1182~1-e02e3]:main():gmm-align-compiled.cc:127) common_voice_lt_40721622
LOG (gmm-align-compiled[5.5.1182~1-e02e3]:main():gmm-align-compiled.cc:127) common_voice_lt_40721623
LOG (gmm-align-compiled[5.5.1182~1-e02e3]:main():gmm-align-compiled.cc:127) common_voice_lt_40721625
LOG (gmm-align-compiled[5.5.1182~1-e02e3]:main():gmm-align-compiled.cc:127) common_voice_lt_40721627
LOG (gmm-align-compiled[5.5.1182~1-e02e3]:main():gmm-align-compiled.cc:127) common_voice_lt_40721775
LOG (gmm-align-compiled[5.5.1182~1-e02e3]:main():gmm-align-compiled.cc:127) common_voice_lt_40721777
LOG (gmm-align-compiled[5.5.1182~1-e02e3]:main():gmm-align-compiled.cc:127) common_voice_lt_40721791
LOG (gmm-align-compiled[5.5.1182~1-e02e3]:main():gmm-align-compiled.cc:127) common_voice_lt_40721792
LOG (gmm-align-compiled[5.5.1182~1-e02e3]:main():gmm-align-compiled.cc:127) common_voice_lt_40721794
LOG (gmm-align-compiled[5.5.1182~1-e02e3]:main():gmm-align-compiled.cc:127) common_voice_lt_40721801
LOG (gmm-align-compiled[5.5.1182~1-e02e3]:main():gmm-align-compiled.cc:127) common_voice_lt_40721802
LOG (gmm-align-compiled[5.5.1182~1-e02e3]:main():gmm-align-compiled.cc:127) common_voice_lt_40721814
LOG (gmm-align-compiled[5.5.1182~1-e02e3]:main():gmm-align-compiled.cc:127) common_voice_lt_40721815
LOG (gmm-align-compiled[5.5.1182~1-e02e3]:main():gmm-align-compiled.cc:127) common_voice_lt_40721816
LOG (gmm-align-compiled[5.5.1182~1-e02e3]:main():gmm-align-compiled.cc:127) common_voice_lt_40721817
LOG (gmm-align-compiled[5.5.1182~1-e02e3]:main():gmm-align-compiled.cc:127) common_voice_lt_40721828
LOG (gmm-align-compiled[5.5.1182~1-e02e3]:main():gmm-align-compiled.cc:127) common_voice_lt_40721829
LOG (gmm-align-compiled[5.5.1182~1-e02e3]:main():gmm-align-compiled.cc:127) common_voice_lt_40721830
LOG (gmm-align-compiled[5.5.1182~1-e02e3]:main():gmm-align-compiled.cc:127) common_voice_lt_40721842
LOG (gmm-align-compiled[5.5.1182~1-e02e3]:main():gmm-align-compiled.cc:127) common_voice_lt_40721845
LOG (gmm-align-compiled[5.5.1182~1-e02e3]:main():gmm-align-compiled.cc:127) common_voice_lt_40721846
LOG (gmm-align-compiled[5.5.1182~1-e02e3]:main():gmm-align-compiled.cc:127) common_voice_lt_40721858
LOG (gmm-align-compiled[5.5.1182~1-e02e3]:main():gmm-align-compiled.cc:127) common_voice_lt_40721859
LOG (gmm-align-compiled[5.5.1182~1-e02e3]:main():gmm-align-compiled.cc:127) common_voice_lt_40721861
LOG (gmm-align-compiled[5.5.1182~1-e02e3]:main():gmm-align-compiled.cc:127) common_voice_lt_40721862
LOG (gmm-align-compiled[5.5.1182~1-e02e3]:main():gmm-align-compiled.cc:127) common_voice_lt_40721880
LOG (gmm-align-compiled[5.5.1182~1-e02e3]:main():gmm-align-compiled.cc:127) common_voice_lt_40721882
LOG (gmm-align-compiled[5.5.1182~1-e02e3]:main():gmm-align-compiled.cc:127) common_voice_lt_40721884
LOG (gmm-align-compiled[5.5.1182~1-e02e3]:main():gmm-align-compiled.cc:127) common_voice_lt_40721893
LOG (gmm-align-compiled[5.5.1182~1-e02e3]:main():gmm-align-compiled.cc:127) common_voice_lt_40721895
LOG (gmm-align-compiled[5.5.1182~1-e02e3]:main():gmm-align-compiled.cc:127) common_voice_lt_40721897
LOG (gmm-align-compiled[5.5.1182~1-e02e3]:main():gmm-align-compiled.cc:127) common_voice_lt_40721924
LOG (gmm-align-compiled[5.5.1182~1-e02e3]:main():gmm-align-compiled.cc:127) common_voice_lt_40721925
LOG (gmm-align-compiled[5.5.1182~1-e02e3]:main():gmm-align-compiled.cc:127) common_voice_lt_40721926
LOG (gmm-align-compiled[5.5.1182~1-e02e3]:main():gmm-align-compiled.cc:127) common_voice_lt_40721927
LOG (gmm-align-compiled[5.5.1182~1-e02e3]:main():gmm-align-compiled.cc:127) common_voice_lt_40721943
LOG (gmm-align-compiled[5.5.1182~1-e02e3]:main():gmm-align-compiled.cc:127) common_voice_lt_40721944
LOG (gmm-align-compiled[5.5.1182~1-e02e3]:main():gmm-align-compiled.cc:127) common_voice_lt_40721945
LOG (gmm-align-compiled[5.5.1182~1-e02e3]:main():gmm-align-compiled.cc:127) common_voice_lt_40721947
LOG (gmm-align-compiled[5.5.1182~1-e02e3]:main():gmm-align-compiled.cc:127) common_voice_lt_40721963
LOG (gmm-align-compiled[5.5.1182~1-e02e3]:main():gmm-align-compiled.cc:127) common_voice_lt_40721967
LOG (gmm-align-compiled[5.5.1182~1-e02e3]:main():gmm-align-compiled.cc:127) common_voice_lt_40721978
LOG (gmm-align-compiled[5.5.1182~1-e02e3]:main():gmm-align-compiled.cc:127) common_voice_lt_40721979
LOG (gmm-align-compiled[5.5.1182~1-e02e3]:main():gmm-align-compiled.cc:127) common_voice_lt_40721982
LOG (gmm-align-compiled[5.5.1182~1-e02e3]:main():gmm-align-compiled.cc:127) common_voice_lt_40721994
LOG (gmm-align-compiled[5.5.1182~1-e02e3]:main():gmm-align-compiled.cc:127) common_voice_lt_40721995
LOG (gmm-align-compiled[5.5.1182~1-e02e3]:main():gmm-align-compiled.cc:127) common_voice_lt_40721998
LOG (gmm-align-compiled[5.5.1182~1-e02e3]:main():gmm-align-compiled.cc:127) common_voice_lt_40722005
LOG (gmm-align-compiled[5.5.1182~1-e02e3]:main():gmm-align-compiled.cc:127) common_voice_lt_40722006
LOG (gmm-align-compiled[5.5.1182~1-e02e3]:main():gmm-align-compiled.cc:127) common_voice_lt_40722007
LOG (gmm-align-compiled[5.5.1182~1-e02e3]:main():gmm-align-compiled.cc:127) common_voice_lt_40722029
LOG (gmm-align-compiled[5.5.1182~1-e02e3]:main():gmm-align-compiled.cc:127) common_voice_lt_40722030
LOG (gmm-align-compiled[5.5.1182~1-e02e3]:main():gmm-align-compiled.cc:127) common_voice_lt_40722033
LOG (gmm-align-compiled[5.5.1182~1-e02e3]:main():gmm-align-compiled.cc:127) common_voice_lt_40722040
LOG (gmm-align-compiled[5.5.1182~1-e02e3]:main():gmm-align-compiled.cc:127) common_voice_lt_40722041
LOG (gmm-align-compiled[5.5.1182~1-e02e3]:main():gmm-align-compiled.cc:127) common_voice_lt_40722043
LOG (gmm-align-compiled[5.5.1182~1-e02e3]:main():gmm-align-compiled.cc:127) common_voice_lt_40722044
LOG (gmm-align-compiled[5.5.1182~1-e02e3]:main():gmm-align-compiled.cc:127) common_voice_lt_40722049
LOG (gmm-align-compiled[5.5.1182~1-e02e3]:main():gmm-align-compiled.cc:127) common_voice_lt_40722050
LOG (gmm-align-compiled[5.5.1182~1-e02e3]:main():gmm-align-compiled.cc:127) common_voice_lt_40722052
LOG (gmm-align-compiled[5.5.1182~1-e02e3]:main():gmm-align-compiled.cc:127) common_voice_lt_40722169
LOG (gmm-align-compiled[5.5.1182~1-e02e3]:main():gmm-align-compiled.cc:127) common_voice_lt_40722172
LOG (gmm-align-compiled[5.5.1182~1-e02e3]:main():gmm-align-compiled.cc:127) common_voice_lt_40722179
LOG (gmm-align-compiled[5.5.1182~1-e02e3]:main():gmm-align-compiled.cc:127) common_voice_lt_40722180
LOG (gmm-align-compiled[5.5.1182~1-e02e3]:main():gmm-align-compiled.cc:127) common_voice_lt_40722188
LOG (gmm-align-compiled[5.5.1182~1-e02e3]:main():gmm-align-compiled.cc:127) common_voice_lt_40722189
LOG (gmm-align-compiled[5.5.1182~1-e02e3]:main():gmm-align-compiled.cc:127) common_voice_lt_40722191
LOG (gmm-align-compiled[5.5.1182~1-e02e3]:main():gmm-align-compiled.cc:127) common_voice_lt_40722192
LOG (gmm-align-compiled[5.5.1182~1-e02e3]:main():gmm-align-compiled.cc:127) common_voice_lt_40722205
LOG (gmm-align-compiled[5.5.1182~1-e02e3]:main():gmm-align-compiled.cc:127) common_voice_lt_40722206
LOG (gmm-align-compiled[5.5.1182~1-e02e3]:main():gmm-align-compiled.cc:127) common_voice_lt_40722207
LOG (gmm-align-compiled[5.5.1182~1-e02e3]:main():gmm-align-compiled.cc:127) common_voice_lt_40722220
LOG (gmm-align-compiled[5.5.1182~1-e02e3]:main():gmm-align-compiled.cc:127) common_voice_lt_40722233
LOG (gmm-align-compiled[5.5.1182~1-e02e3]:main():gmm-align-compiled.cc:127) common_voice_lt_40722235
LOG (gmm-align-compiled[5.5.1182~1-e02e3]:main():gmm-align-compiled.cc:127) common_voice_lt_40722236
LOG (gmm-align-compiled[5.5.1182~1-e02e3]:main():gmm-align-compiled.cc:127) common_voice_lt_40722244
LOG (gmm-align-compiled[5.5.1182~1-e02e3]:main():gmm-align-compiled.cc:127) common_voice_lt_40722245
LOG (gmm-align-compiled[5.5.1182~1-e02e3]:main():gmm-align-compiled.cc:127) common_voice_lt_40722246
LOG (gmm-align-compiled[5.5.1182~1-e02e3]:main():gmm-align-compiled.cc:127) common_voice_lt_40722258
LOG (gmm-align-compiled[5.5.1182~1-e02e3]:main():gmm-align-compiled.cc:127) common_voice_lt_40722259
LOG (gmm-align-compiled[5.5.1182~1-e02e3]:main():gmm-align-compiled.cc:127) common_voice_lt_40722260
LOG (gmm-align-compiled[5.5.1182~1-e02e3]:main():gmm-align-compiled.cc:127) common_voice_lt_40722269
LOG (gmm-align-compiled[5.5.1182~1-e02e3]:main():gmm-align-compiled.cc:127) common_voice_lt_40722270
LOG (gmm-align-compiled[5.5.1182~1-e02e3]:main():gmm-align-compiled.cc:127) common_voice_lt_40722271
LOG (gmm-align-compiled[5.5.1182~1-e02e3]:main():gmm-align-compiled.cc:127) common_voice_lt_40722272
LOG (gmm-align-compiled[5.5.1182~1-e02e3]:main():gmm-align-compiled.cc:127) common_voice_lt_40722288
LOG (gmm-align-compiled[5.5.1182~1-e02e3]:main():gmm-align-compiled.cc:127) common_voice_lt_40722290
LOG (gmm-align-compiled[5.5.1182~1-e02e3]:main():gmm-align-compiled.cc:127) common_voice_lt_40722291
LOG (gmm-align-compiled[5.5.1182~1-e02e3]:main():gmm-align-compiled.cc:127) common_voice_lt_40722303
LOG (gmm-align-compiled[5.5.1182~1-e02e3]:main():gmm-align-compiled.cc:127) common_voice_lt_40722305
LOG (gmm-align-compiled[5.5.1182~1-e02e3]:main():gmm-align-compiled.cc:127) common_voice_lt_40722313
LOG (gmm-align-compiled[5.5.1182~1-e02e3]:main():gmm-align-compiled.cc:127) common_voice_lt_40722315
LOG (gmm-align-compiled[5.5.1182~1-e02e3]:main():gmm-align-compiled.cc:127) common_voice_lt_40722316
LOG (gmm-align-compiled[5.5.1182~1-e02e3]:main():gmm-align-compiled.cc:127) common_voice_lt_40722323
LOG (gmm-align-compiled[5.5.1182~1-e02e3]:main():gmm-align-compiled.cc:127) common_voice_lt_40722324
LOG (gmm-align-compiled[5.5.1182~1-e02e3]:main():gmm-align-compiled.cc:127) common_voice_lt_40722325
LOG (gmm-align-compiled[5.5.1182~1-e02e3]:main():gmm-align-compiled.cc:127) common_voice_lt_40722327
LOG (gmm-align-compiled[5.5.1182~1-e02e3]:main():gmm-align-compiled.cc:127) common_voice_lt_40722328
LOG (gmm-align-compiled[5.5.1182~1-e02e3]:main():gmm-align-compiled.cc:127) common_voice_lt_40722330
LOG (gmm-align-compiled[5.5.1182~1-e02e3]:main():gmm-align-compiled.cc:127) common_voice_lt_40722342
LOG (gmm-align-compiled[5.5.1182~1-e02e3]:main():gmm-align-compiled.cc:127) common_voice_lt_40722344
LOG (gmm-align-compiled[5.5.1182~1-e02e3]:main():gmm-align-compiled.cc:127) common_voice_lt_40722345
LOG (gmm-align-compiled[5.5.1182~1-e02e3]:main():gmm-align-compiled.cc:127) common_voice_lt_40722358
LOG (gmm-align-compiled[5.5.1182~1-e02e3]:main():gmm-align-compiled.cc:127) common_voice_lt_40722359
LOG (gmm-align-compiled[5.5.1182~1-e02e3]:main():gmm-align-compiled.cc:127) common_voice_lt_40722361
LOG (gmm-align-compiled[5.5.1182~1-e02e3]:main():gmm-align-compiled.cc:127) common_voice_lt_40722368
LOG (gmm-align-compiled[5.5.1182~1-e02e3]:main():gmm-align-compiled.cc:127) common_voice_lt_40722369
LOG (gmm-align-compiled[5.5.1182~1-e02e3]:main():gmm-align-compiled.cc:127) common_voice_lt_40722370
LOG (gmm-align-compiled[5.5.1182~1-e02e3]:main():gmm-align-compiled.cc:127) common_voice_lt_40722371
LOG (gmm-align-compiled[5.5.1182~1-e02e3]:main():gmm-align-compiled.cc:127) common_voice_lt_40722372
LOG (gmm-align-compiled[5.5.1182~1-e02e3]:main():gmm-align-compiled.cc:127) common_voice_lt_40722373
LOG (gmm-align-compiled[5.5.1182~1-e02e3]:main():gmm-align-compiled.cc:127) common_voice_lt_40722374
LOG (gmm-align-compiled[5.5.1182~1-e02e3]:main():gmm-align-compiled.cc:127) common_voice_lt_40722376
LOG (gmm-align-compiled[5.5.1182~1-e02e3]:main():gmm-align-compiled.cc:127) common_voice_lt_40722382
LOG (gmm-align-compiled[5.5.1182~1-e02e3]:main():gmm-align-compiled.cc:127) common_voice_lt_40722383
LOG (gmm-align-compiled[5.5.1182~1-e02e3]:main():gmm-align-compiled.cc:127) common_voice_lt_40722384
LOG (gmm-align-compiled[5.5.1182~1-e02e3]:main():gmm-align-compiled.cc:127) common_voice_lt_40722385
LOG (gmm-align-compiled[5.5.1182~1-e02e3]:main():gmm-align-compiled.cc:127) common_voice_lt_40722386
LOG (gmm-align-compiled[5.5.1182~1-e02e3]:main():gmm-align-compiled.cc:127) common_voice_lt_40722388
LOG (gmm-align-compiled[5.5.1182~1-e02e3]:main():gmm-align-compiled.cc:127) common_voice_lt_40722390
LOG (gmm-align-compiled[5.5.1182~1-e02e3]:main():gmm-align-compiled.cc:127) common_voice_lt_40722391
LOG (gmm-align-compiled[5.5.1182~1-e02e3]:main():gmm-align-compiled.cc:127) common_voice_lt_40722395
LOG (gmm-align-compiled[5.5.1182~1-e02e3]:main():gmm-align-compiled.cc:127) common_voice_lt_40722396
LOG (gmm-align-compiled[5.5.1182~1-e02e3]:main():gmm-align-compiled.cc:127) common_voice_lt_40722397
LOG (gmm-align-compiled[5.5.1182~1-e02e3]:main():gmm-align-compiled.cc:127) common_voice_lt_40722398
LOG (gmm-align-compiled[5.5.1182~1-e02e3]:main():gmm-align-compiled.cc:127) common_voice_lt_40722405
LOG (gmm-align-compiled[5.5.1182~1-e02e3]:main():gmm-align-compiled.cc:127) common_voice_lt_40722406
LOG (gmm-align-compiled[5.5.1182~1-e02e3]:main():gmm-align-compiled.cc:127) common_voice_lt_40722409
LOG (gmm-align-compiled[5.5.1182~1-e02e3]:main():gmm-align-compiled.cc:127) common_voice_lt_40722410
LOG (gmm-align-compiled[5.5.1182~1-e02e3]:main():gmm-align-compiled.cc:127) common_voice_lt_40722413
LOG (gmm-align-compiled[5.5.1182~1-e02e3]:main():gmm-align-compiled.cc:127) common_voice_lt_40722799
LOG (gmm-align-compiled[5.5.1182~1-e02e3]:main():gmm-align-compiled.cc:127) common_voice_lt_40722811
LOG (gmm-align-compiled[5.5.1182~1-e02e3]:main():gmm-align-compiled.cc:127) common_voice_lt_40722822
LOG (gmm-align-compiled[5.5.1182~1-e02e3]:main():gmm-align-compiled.cc:127) common_voice_lt_40722823
LOG (gmm-align-compiled[5.5.1182~1-e02e3]:main():gmm-align-compiled.cc:127) common_voice_lt_40722824
LOG (gmm-align-compiled[5.5.1182~1-e02e3]:main():gmm-align-compiled.cc:127) common_voice_lt_40722839
LOG (gmm-align-compiled[5.5.1182~1-e02e3]:main():gmm-align-compiled.cc:127) common_voice_lt_40722859
LOG (gmm-align-compiled[5.5.1182~1-e02e3]:main():gmm-align-compiled.cc:127) common_voice_lt_40722861
LOG (gmm-align-compiled[5.5.1182~1-e02e3]:main():gmm-align-compiled.cc:127) common_voice_lt_40722862
LOG (gmm-align-compiled[5.5.1182~1-e02e3]:main():gmm-align-compiled.cc:127) common_voice_lt_40722863
LOG (gmm-align-compiled[5.5.1182~1-e02e3]:main():gmm-align-compiled.cc:127) common_voice_lt_40722869
LOG (gmm-align-compiled[5.5.1182~1-e02e3]:main():gmm-align-compiled.cc:127) common_voice_lt_40722870
LOG (gmm-align-compiled[5.5.1182~1-e02e3]:main():gmm-align-compiled.cc:127) common_voice_lt_40722871
LOG (gmm-align-compiled[5.5.1182~1-e02e3]:main():gmm-align-compiled.cc:127) common_voice_lt_40722872
LOG (gmm-align-compiled[5.5.1182~1-e02e3]:main():gmm-align-compiled.cc:127) common_voice_lt_40722875
LOG (gmm-align-compiled[5.5.1182~1-e02e3]:main():gmm-align-compiled.cc:127) common_voice_lt_40722876
LOG (gmm-align-compiled[5.5.1182~1-e02e3]:main():gmm-align-compiled.cc:127) common_voice_lt_40722877
LOG (gmm-align-compiled[5.5.1182~1-e02e3]:main():gmm-align-compiled.cc:127) common_voice_lt_40722883
LOG (gmm-align-compiled[5.5.1182~1-e02e3]:main():gmm-align-compiled.cc:127) common_voice_lt_40722884
LOG (gmm-align-compiled[5.5.1182~1-e02e3]:main():gmm-align-compiled.cc:127) common_voice_lt_40722885
LOG (gmm-align-compiled[5.5.1182~1-e02e3]:main():gmm-align-compiled.cc:127) common_voice_lt_40722887
LOG (gmm-align-compiled[5.5.1182~1-e02e3]:main():gmm-align-compiled.cc:127) common_voice_lt_40722893
LOG (gmm-align-compiled[5.5.1182~1-e02e3]:main():gmm-align-compiled.cc:127) common_voice_lt_40722894
LOG (gmm-align-compiled[5.5.1182~1-e02e3]:main():gmm-align-compiled.cc:127) common_voice_lt_40722896
LOG (gmm-align-compiled[5.5.1182~1-e02e3]:main():gmm-align-compiled.cc:127) common_voice_lt_40722903
LOG (gmm-align-compiled[5.5.1182~1-e02e3]:main():gmm-align-compiled.cc:127) common_voice_lt_40722904
LOG (gmm-align-compiled[5.5.1182~1-e02e3]:main():gmm-align-compiled.cc:127) common_voice_lt_40722907
LOG (gmm-align-compiled[5.5.1182~1-e02e3]:main():gmm-align-compiled.cc:127) common_voice_lt_40722919
LOG (gmm-align-compiled[5.5.1182~1-e02e3]:main():gmm-align-compiled.cc:127) common_voice_lt_40722920
LOG (gmm-align-compiled[5.5.1182~1-e02e3]:main():gmm-align-compiled.cc:127) common_voice_lt_40722945
LOG (gmm-align-compiled[5.5.1182~1-e02e3]:main():gmm-align-compiled.cc:127) common_voice_lt_40722946
LOG (gmm-align-compiled[5.5.1182~1-e02e3]:main():gmm-align-compiled.cc:127) common_voice_lt_40722948
LOG (gmm-align-compiled[5.5.1182~1-e02e3]:main():gmm-align-compiled.cc:127) common_voice_lt_40722949
LOG (gmm-align-compiled[5.5.1182~1-e02e3]:main():gmm-align-compiled.cc:127) common_voice_lt_40722950
LOG (gmm-align-compiled[5.5.1182~1-e02e3]:main():gmm-align-compiled.cc:127) common_voice_lt_40722952
LOG (gmm-align-compiled[5.5.1182~1-e02e3]:main():gmm-align-compiled.cc:127) common_voice_lt_40722955
LOG (gmm-align-compiled[5.5.1182~1-e02e3]:main():gmm-align-compiled.cc:127) common_voice_lt_40722956
LOG (gmm-align-compiled[5.5.1182~1-e02e3]:main():gmm-align-compiled.cc:127) common_voice_lt_40722957
LOG (gmm-align-compiled[5.5.1182~1-e02e3]:main():gmm-align-compiled.cc:127) common_voice_lt_40722960
LOG (gmm-align-compiled[5.5.1182~1-e02e3]:main():gmm-align-compiled.cc:127) common_voice_lt_40722962
LOG (gmm-align-compiled[5.5.1182~1-e02e3]:main():gmm-align-compiled.cc:127) common_voice_lt_40722969
LOG (gmm-align-compiled[5.5.1182~1-e02e3]:main():gmm-align-compiled.cc:127) common_voice_lt_40722971
LOG (gmm-align-compiled[5.5.1182~1-e02e3]:main():gmm-align-compiled.cc:127) common_voice_lt_40722975
LOG (gmm-align-compiled[5.5.1182~1-e02e3]:main():gmm-align-compiled.cc:127) common_voice_lt_40722979
LOG (gmm-align-compiled[5.5.1182~1-e02e3]:main():gmm-align-compiled.cc:127) common_voice_lt_40722980
LOG (gmm-align-compiled[5.5.1182~1-e02e3]:main():gmm-align-compiled.cc:127) common_voice_lt_40722982
LOG (gmm-align-compiled[5.5.1182~1-e02e3]:main():gmm-align-compiled.cc:127) common_voice_lt_40722983
LOG (gmm-align-compiled[5.5.1182~1-e02e3]:main():gmm-align-compiled.cc:127) common_voice_lt_40722993
LOG (gmm-align-compiled[5.5.1182~1-e02e3]:main():gmm-align-compiled.cc:127) common_voice_lt_40722999
LOG (gmm-align-compiled[5.5.1182~1-e02e3]:main():gmm-align-compiled.cc:127) common_voice_lt_40723000
LOG (gmm-align-compiled[5.5.1182~1-e02e3]:main():gmm-align-compiled.cc:127) common_voice_lt_40723001
LOG (gmm-align-compiled[5.5.1182~1-e02e3]:main():gmm-align-compiled.cc:127) common_voice_lt_40723003
LOG (gmm-align-compiled[5.5.1182~1-e02e3]:main():gmm-align-compiled.cc:127) common_voice_lt_40723007
LOG (gmm-align-compiled[5.5.1182~1-e02e3]:main():gmm-align-compiled.cc:127) common_voice_lt_40723008
LOG (gmm-align-compiled[5.5.1182~1-e02e3]:main():gmm-align-compiled.cc:127) common_voice_lt_40723015
LOG (gmm-align-compiled[5.5.1182~1-e02e3]:main():gmm-align-compiled.cc:127) common_voice_lt_40723018
LOG (gmm-align-compiled[5.5.1182~1-e02e3]:main():gmm-align-compiled.cc:127) common_voice_lt_40723020
LOG (gmm-align-compiled[5.5.1182~1-e02e3]:main():gmm-align-compiled.cc:127) common_voice_lt_40723021
LOG (gmm-align-compiled[5.5.1182~1-e02e3]:main():gmm-align-compiled.cc:127) common_voice_lt_40723025
LOG (gmm-align-compiled[5.5.1182~1-e02e3]:main():gmm-align-compiled.cc:127) common_voice_lt_40723027
LOG (gmm-align-compiled[5.5.1182~1-e02e3]:main():gmm-align-compiled.cc:127) common_voice_lt_40723034
LOG (gmm-align-compiled[5.5.1182~1-e02e3]:main():gmm-align-compiled.cc:127) common_voice_lt_40723040
LOG (gmm-align-compiled[5.5.1182~1-e02e3]:main():gmm-align-compiled.cc:127) common_voice_lt_40723042
LOG (gmm-align-compiled[5.5.1182~1-e02e3]:main():gmm-align-compiled.cc:127) common_voice_lt_40723050
LOG (gmm-align-compiled[5.5.1182~1-e02e3]:main():gmm-align-compiled.cc:127) common_voice_lt_40723051
LOG (gmm-align-compiled[5.5.1182~1-e02e3]:main():gmm-align-compiled.cc:127) common_voice_lt_40723053
LOG (gmm-align-compiled[5.5.1182~1-e02e3]:main():gmm-align-compiled.cc:127) common_voice_lt_40723060
LOG (gmm-align-compiled[5.5.1182~1-e02e3]:main():gmm-align-compiled.cc:127) common_voice_lt_40723061
LOG (gmm-align-compiled[5.5.1182~1-e02e3]:main():gmm-align-compiled.cc:127) common_voice_lt_40723062
LOG (gmm-align-compiled[5.5.1182~1-e02e3]:main():gmm-align-compiled.cc:127) common_voice_lt_40723083
LOG (gmm-align-compiled[5.5.1182~1-e02e3]:main():gmm-align-compiled.cc:127) common_voice_lt_40723084
LOG (gmm-align-compiled[5.5.1182~1-e02e3]:main():gmm-align-compiled.cc:127) common_voice_lt_40723085
LOG (gmm-align-compiled[5.5.1182~1-e02e3]:main():gmm-align-compiled.cc:127) common_voice_lt_40723086
LOG (gmm-align-compiled[5.5.1182~1-e02e3]:main():gmm-align-compiled.cc:127) common_voice_lt_40723088
LOG (gmm-align-compiled[5.5.1182~1-e02e3]:main():gmm-align-compiled.cc:127) common_voice_lt_40723090
LOG (gmm-align-compiled[5.5.1182~1-e02e3]:main():gmm-align-compiled.cc:127) common_voice_lt_40723091
LOG (gmm-align-compiled[5.5.1182~1-e02e3]:main():gmm-align-compiled.cc:127) common_voice_lt_40723092
LOG (gmm-align-compiled[5.5.1182~1-e02e3]:main():gmm-align-compiled.cc:127) common_voice_lt_40723100
LOG (gmm-align-compiled[5.5.1182~1-e02e3]:main():gmm-align-compiled.cc:127) common_voice_lt_40723101
LOG (gmm-align-compiled[5.5.1182~1-e02e3]:main():gmm-align-compiled.cc:127) common_voice_lt_40723110
LOG (gmm-align-compiled[5.5.1182~1-e02e3]:main():gmm-align-compiled.cc:127) common_voice_lt_40723112
LOG (gmm-align-compiled[5.5.1182~1-e02e3]:main():gmm-align-compiled.cc:127) common_voice_lt_40723118
LOG (gmm-align-compiled[5.5.1182~1-e02e3]:main():gmm-align-compiled.cc:127) common_voice_lt_40723119
LOG (gmm-align-compiled[5.5.1182~1-e02e3]:main():gmm-align-compiled.cc:127) common_voice_lt_40723120
LOG (gmm-align-compiled[5.5.1182~1-e02e3]:main():gmm-align-compiled.cc:127) common_voice_lt_40723131
LOG (gmm-align-compiled[5.5.1182~1-e02e3]:main():gmm-align-compiled.cc:127) common_voice_lt_40723150
LOG (gmm-align-compiled[5.5.1182~1-e02e3]:main():gmm-align-compiled.cc:127) common_voice_lt_40723174
LOG (gmm-align-compiled[5.5.1182~1-e02e3]:main():gmm-align-compiled.cc:127) common_voice_lt_40723176
LOG (gmm-align-compiled[5.5.1182~1-e02e3]:main():gmm-align-compiled.cc:127) common_voice_lt_40723178
LOG (gmm-align-compiled[5.5.1182~1-e02e3]:main():gmm-align-compiled.cc:127) common_voice_lt_40723205
LOG (gmm-align-compiled[5.5.1182~1-e02e3]:main():gmm-align-compiled.cc:127) common_voice_lt_40723206
LOG (gmm-align-compiled[5.5.1182~1-e02e3]:main():gmm-align-compiled.cc:127) common_voice_lt_40723208
LOG (gmm-align-compiled[5.5.1182~1-e02e3]:main():gmm-align-compiled.cc:127) common_voice_lt_40723217
LOG (gmm-align-compiled[5.5.1182~1-e02e3]:main():gmm-align-compiled.cc:127) common_voice_lt_40723218
LOG (gmm-align-compiled[5.5.1182~1-e02e3]:main():gmm-align-compiled.cc:127) common_voice_lt_40723220
LOG (gmm-align-compiled[5.5.1182~1-e02e3]:main():gmm-align-compiled.cc:127) common_voice_lt_40723221
LOG (gmm-align-compiled[5.5.1182~1-e02e3]:main():gmm-align-compiled.cc:127) common_voice_lt_40723229
LOG (gmm-align-compiled[5.5.1182~1-e02e3]:main():gmm-align-compiled.cc:127) common_voice_lt_40723230
LOG (gmm-align-compiled[5.5.1182~1-e02e3]:main():gmm-align-compiled.cc:127) common_voice_lt_40723237
LOG (gmm-align-compiled[5.5.1182~1-e02e3]:main():gmm-align-compiled.cc:127) common_voice_lt_40723238
LOG (gmm-align-compiled[5.5.1182~1-e02e3]:main():gmm-align-compiled.cc:127) common_voice_lt_40723239
LOG (gmm-align-compiled[5.5.1182~1-e02e3]:main():gmm-align-compiled.cc:127) common_voice_lt_40723240
LOG (gmm-align-compiled[5.5.1182~1-e02e3]:main():gmm-align-compiled.cc:127) common_voice_lt_40723241
LOG (gmm-align-compiled[5.5.1182~1-e02e3]:main():gmm-align-compiled.cc:127) common_voice_lt_40723242
LOG (gmm-align-compiled[5.5.1182~1-e02e3]:main():gmm-align-compiled.cc:127) common_voice_lt_40723243
LOG (gmm-align-compiled[5.5.1182~1-e02e3]:main():gmm-align-compiled.cc:127) common_voice_lt_40723244
LOG (gmm-align-compiled[5.5.1182~1-e02e3]:main():gmm-align-compiled.cc:127) common_voice_lt_40723245
LOG (gmm-align-compiled[5.5.1182~1-e02e3]:main():gmm-align-compiled.cc:127) common_voice_lt_40723250
LOG (gmm-align-compiled[5.5.1182~1-e02e3]:main():gmm-align-compiled.cc:127) common_voice_lt_40723251
LOG (gmm-align-compiled[5.5.1182~1-e02e3]:main():gmm-align-compiled.cc:127) common_voice_lt_40723252
LOG (gmm-align-compiled[5.5.1182~1-e02e3]:main():gmm-align-compiled.cc:127) common_voice_lt_40723253
LOG (gmm-align-compiled[5.5.1182~1-e02e3]:main():gmm-align-compiled.cc:127) common_voice_lt_40723259
LOG (gmm-align-compiled[5.5.1182~1-e02e3]:main():gmm-align-compiled.cc:127) common_voice_lt_40723270
LOG (gmm-align-compiled[5.5.1182~1-e02e3]:main():gmm-align-compiled.cc:127) common_voice_lt_40723272
LOG (gmm-align-compiled[5.5.1182~1-e02e3]:main():gmm-align-compiled.cc:127) common_voice_lt_40723273
LOG (gmm-align-compiled[5.5.1182~1-e02e3]:main():gmm-align-compiled.cc:127) common_voice_lt_40723278
LOG (gmm-align-compiled[5.5.1182~1-e02e3]:main():gmm-align-compiled.cc:127) common_voice_lt_40723281
LOG (gmm-align-compiled[5.5.1182~1-e02e3]:main():gmm-align-compiled.cc:127) common_voice_lt_40723286
LOG (gmm-align-compiled[5.5.1182~1-e02e3]:main():gmm-align-compiled.cc:127) common_voice_lt_40723295
LOG (gmm-align-compiled[5.5.1182~1-e02e3]:main():gmm-align-compiled.cc:127) common_voice_lt_40723297
LOG (gmm-align-compiled[5.5.1182~1-e02e3]:main():gmm-align-compiled.cc:127) common_voice_lt_40723299
LOG (gmm-align-compiled[5.5.1182~1-e02e3]:main():gmm-align-compiled.cc:127) common_voice_lt_40723300
LOG (gmm-align-compiled[5.5.1182~1-e02e3]:main():gmm-align-compiled.cc:127) common_voice_lt_40723301
LOG (gmm-align-compiled[5.5.1182~1-e02e3]:main():gmm-align-compiled.cc:127) common_voice_lt_40723305
LOG (gmm-align-compiled[5.5.1182~1-e02e3]:main():gmm-align-compiled.cc:127) common_voice_lt_40723310
LOG (gmm-align-compiled[5.5.1182~1-e02e3]:main():gmm-align-compiled.cc:127) common_voice_lt_40723312
LOG (gmm-align-compiled[5.5.1182~1-e02e3]:main():gmm-align-compiled.cc:127) common_voice_lt_40723313
LOG (gmm-align-compiled[5.5.1182~1-e02e3]:main():gmm-align-compiled.cc:127) common_voice_lt_40723315
LOG (gmm-align-compiled[5.5.1182~1-e02e3]:main():gmm-align-compiled.cc:127) common_voice_lt_40723316
LOG (gmm-align-compiled[5.5.1182~1-e02e3]:main():gmm-align-compiled.cc:127) common_voice_lt_40723318
LOG (gmm-align-compiled[5.5.1182~1-e02e3]:main():gmm-align-compiled.cc:127) common_voice_lt_40723320
LOG (gmm-align-compiled[5.5.1182~1-e02e3]:main():gmm-align-compiled.cc:127) common_voice_lt_40723321
LOG (gmm-align-compiled[5.5.1182~1-e02e3]:main():gmm-align-compiled.cc:127) common_voice_lt_40723322
LOG (gmm-align-compiled[5.5.1182~1-e02e3]:main():gmm-align-compiled.cc:127) common_voice_lt_40723323
LOG (gmm-align-compiled[5.5.1182~1-e02e3]:main():gmm-align-compiled.cc:127) common_voice_lt_40723325
LOG (gmm-align-compiled[5.5.1182~1-e02e3]:main():gmm-align-compiled.cc:127) common_voice_lt_40723328
LOG (gmm-align-compiled[5.5.1182~1-e02e3]:main():gmm-align-compiled.cc:127) common_voice_lt_40723331
LOG (gmm-align-compiled[5.5.1182~1-e02e3]:main():gmm-align-compiled.cc:127) common_voice_lt_40723332
LOG (gmm-align-compiled[5.5.1182~1-e02e3]:main():gmm-align-compiled.cc:127) common_voice_lt_40723334
LOG (gmm-align-compiled[5.5.1182~1-e02e3]:main():gmm-align-compiled.cc:127) common_voice_lt_40723340
LOG (gmm-align-compiled[5.5.1182~1-e02e3]:main():gmm-align-compiled.cc:127) common_voice_lt_40723341
LOG (gmm-align-compiled[5.5.1182~1-e02e3]:main():gmm-align-compiled.cc:127) common_voice_lt_40723342
LOG (gmm-align-compiled[5.5.1182~1-e02e3]:main():gmm-align-compiled.cc:127) common_voice_lt_40723347
LOG (gmm-align-compiled[5.5.1182~1-e02e3]:main():gmm-align-compiled.cc:127) common_voice_lt_40723349
LOG (gmm-align-compiled[5.5.1182~1-e02e3]:main():gmm-align-compiled.cc:127) common_voice_lt_40723350
LOG (gmm-align-compiled[5.5.1182~1-e02e3]:main():gmm-align-compiled.cc:127) common_voice_lt_40723351
LOG (gmm-align-compiled[5.5.1182~1-e02e3]:main():gmm-align-compiled.cc:127) common_voice_lt_40723352
LOG (gmm-align-compiled[5.5.1182~1-e02e3]:main():gmm-align-compiled.cc:127) common_voice_lt_40723355
LOG (gmm-align-compiled[5.5.1182~1-e02e3]:main():gmm-align-compiled.cc:127) common_voice_lt_40723357
LOG (gmm-align-compiled[5.5.1182~1-e02e3]:main():gmm-align-compiled.cc:127) common_voice_lt_40723358
LOG (gmm-align-compiled[5.5.1182~1-e02e3]:main():gmm-align-compiled.cc:127) common_voice_lt_40723359
LOG (gmm-align-compiled[5.5.1182~1-e02e3]:main():gmm-align-compiled.cc:127) common_voice_lt_40723360
LOG (gmm-align-compiled[5.5.1182~1-e02e3]:main():gmm-align-compiled.cc:127) common_voice_lt_40723362
LOG (gmm-align-compiled[5.5.1182~1-e02e3]:main():gmm-align-compiled.cc:127) common_voice_lt_40723365
LOG (gmm-align-compiled[5.5.1182~1-e02e3]:main():gmm-align-compiled.cc:127) common_voice_lt_40723367
LOG (gmm-align-compiled[5.5.1182~1-e02e3]:main():gmm-align-compiled.cc:127) common_voice_lt_40723370
LOG (gmm-align-compiled[5.5.1182~1-e02e3]:main():gmm-align-compiled.cc:127) common_voice_lt_40723371
LOG (gmm-align-compiled[5.5.1182~1-e02e3]:main():gmm-align-compiled.cc:127) common_voice_lt_40723372
LOG (gmm-align-compiled[5.5.1182~1-e02e3]:main():gmm-align-compiled.cc:127) common_voice_lt_40723373
LOG (gmm-align-compiled[5.5.1182~1-e02e3]:main():gmm-align-compiled.cc:127) common_voice_lt_40723379
LOG (gmm-align-compiled[5.5.1182~1-e02e3]:main():gmm-align-compiled.cc:127) common_voice_lt_40723380
LOG (gmm-align-compiled[5.5.1182~1-e02e3]:main():gmm-align-compiled.cc:127) common_voice_lt_40723383
LOG (gmm-align-compiled[5.5.1182~1-e02e3]:main():gmm-align-compiled.cc:127) common_voice_lt_40723389
LOG (gmm-align-compiled[5.5.1182~1-e02e3]:main():gmm-align-compiled.cc:127) common_voice_lt_40723390
LOG (gmm-align-compiled[5.5.1182~1-e02e3]:main():gmm-align-compiled.cc:127) common_voice_lt_40723400
LOG (gmm-align-compiled[5.5.1182~1-e02e3]:main():gmm-align-compiled.cc:127) common_voice_lt_40723402
LOG (gmm-align-compiled[5.5.1182~1-e02e3]:main():gmm-align-compiled.cc:127) common_voice_lt_40723406
LOG (gmm-align-compiled[5.5.1182~1-e02e3]:main():gmm-align-compiled.cc:127) common_voice_lt_40723427
LOG (gmm-align-compiled[5.5.1182~1-e02e3]:main():gmm-align-compiled.cc:127) common_voice_lt_40723428
LOG (gmm-align-compiled[5.5.1182~1-e02e3]:main():gmm-align-compiled.cc:127) common_voice_lt_40723430
LOG (gmm-align-compiled[5.5.1182~1-e02e3]:main():gmm-align-compiled.cc:127) common_voice_lt_40723431
LOG (gmm-align-compiled[5.5.1182~1-e02e3]:main():gmm-align-compiled.cc:127) common_voice_lt_40723453
LOG (gmm-align-compiled[5.5.1182~1-e02e3]:main():gmm-align-compiled.cc:127) common_voice_lt_40723455
LOG (gmm-align-compiled[5.5.1182~1-e02e3]:main():gmm-align-compiled.cc:127) common_voice_lt_40723458
LOG (gmm-align-compiled[5.5.1182~1-e02e3]:main():gmm-align-compiled.cc:127) common_voice_lt_40723490
LOG (gmm-align-compiled[5.5.1182~1-e02e3]:main():gmm-align-compiled.cc:127) common_voice_lt_40723495
LOG (gmm-align-compiled[5.5.1182~1-e02e3]:main():gmm-align-compiled.cc:127) common_voice_lt_40723523
LOG (gmm-align-compiled[5.5.1182~1-e02e3]:main():gmm-align-compiled.cc:127) common_voice_lt_40723524
LOG (gmm-align-compiled[5.5.1182~1-e02e3]:main():gmm-align-compiled.cc:127) common_voice_lt_40723525
LOG (gmm-align-compiled[5.5.1182~1-e02e3]:main():gmm-align-compiled.cc:127) common_voice_lt_40723526
LOG (gmm-align-compiled[5.5.1182~1-e02e3]:main():gmm-align-compiled.cc:127) common_voice_lt_40723527
LOG (gmm-align-compiled[5.5.1182~1-e02e3]:main():gmm-align-compiled.cc:127) common_voice_lt_40723548
LOG (gmm-align-compiled[5.5.1182~1-e02e3]:main():gmm-align-compiled.cc:127) common_voice_lt_40723550
LOG (gmm-align-compiled[5.5.1182~1-e02e3]:main():gmm-align-compiled.cc:127) common_voice_lt_40723552
LOG (gmm-align-compiled[5.5.1182~1-e02e3]:main():gmm-align-compiled.cc:127) common_voice_lt_40723553
LOG (gmm-align-compiled[5.5.1182~1-e02e3]:main():gmm-align-compiled.cc:127) common_voice_lt_40723555
LOG (gmm-align-compiled[5.5.1182~1-e02e3]:main():gmm-align-compiled.cc:127) common_voice_lt_40723574
LOG (gmm-align-compiled[5.5.1182~1-e02e3]:main():gmm-align-compiled.cc:127) common_voice_lt_40723581
LOG (gmm-align-compiled[5.5.1182~1-e02e3]:main():gmm-align-compiled.cc:127) common_voice_lt_40723583
LOG (gmm-align-compiled[5.5.1182~1-e02e3]:main():gmm-align-compiled.cc:127) common_voice_lt_40723584
LOG (gmm-align-compiled[5.5.1182~1-e02e3]:main():gmm-align-compiled.cc:127) common_voice_lt_40723585
LOG (gmm-align-compiled[5.5.1182~1-e02e3]:main():gmm-align-compiled.cc:127) common_voice_lt_40723596
LOG (gmm-align-compiled[5.5.1182~1-e02e3]:main():gmm-align-compiled.cc:127) common_voice_lt_40723597
LOG (gmm-align-compiled[5.5.1182~1-e02e3]:main():gmm-align-compiled.cc:127) common_voice_lt_40723598
LOG (gmm-align-compiled[5.5.1182~1-e02e3]:main():gmm-align-compiled.cc:127) common_voice_lt_40723599
LOG (gmm-align-compiled[5.5.1182~1-e02e3]:main():gmm-align-compiled.cc:127) common_voice_lt_40723606
LOG (gmm-align-compiled[5.5.1182~1-e02e3]:main():gmm-align-compiled.cc:127) common_voice_lt_40723607
LOG (gmm-align-compiled[5.5.1182~1-e02e3]:main():gmm-align-compiled.cc:127) common_voice_lt_40723608
LOG (gmm-align-compiled[5.5.1182~1-e02e3]:main():gmm-align-compiled.cc:127) common_voice_lt_40723609
LOG (gmm-align-compiled[5.5.1182~1-e02e3]:main():gmm-align-compiled.cc:127) common_voice_lt_40723626
LOG (gmm-align-compiled[5.5.1182~1-e02e3]:main():gmm-align-compiled.cc:127) common_voice_lt_40723627
LOG (gmm-align-compiled[5.5.1182~1-e02e3]:main():gmm-align-compiled.cc:127) common_voice_lt_40723628
LOG (gmm-align-compiled[5.5.1182~1-e02e3]:main():gmm-align-compiled.cc:127) common_voice_lt_40723630
LOG (gmm-align-compiled[5.5.1182~1-e02e3]:main():gmm-align-compiled.cc:127) common_voice_lt_40723641
LOG (gmm-align-compiled[5.5.1182~1-e02e3]:main():gmm-align-compiled.cc:127) common_voice_lt_40723646
LOG (gmm-align-compiled[5.5.1182~1-e02e3]:main():gmm-align-compiled.cc:127) common_voice_lt_40723649
LOG (gmm-align-compiled[5.5.1182~1-e02e3]:main():gmm-align-compiled.cc:127) common_voice_lt_40723673
LOG (gmm-align-compiled[5.5.1182~1-e02e3]:main():gmm-align-compiled.cc:127) common_voice_lt_40723674
LOG (gmm-align-compiled[5.5.1182~1-e02e3]:main():gmm-align-compiled.cc:127) common_voice_lt_40723693
LOG (gmm-align-compiled[5.5.1182~1-e02e3]:main():gmm-align-compiled.cc:127) common_voice_lt_40723696
LOG (gmm-align-compiled[5.5.1182~1-e02e3]:main():gmm-align-compiled.cc:127) common_voice_lt_40723711
LOG (gmm-align-compiled[5.5.1182~1-e02e3]:main():gmm-align-compiled.cc:127) common_voice_lt_40723747
LOG (gmm-align-compiled[5.5.1182~1-e02e3]:main():gmm-align-compiled.cc:127) common_voice_lt_40723748
LOG (gmm-align-compiled[5.5.1182~1-e02e3]:main():gmm-align-compiled.cc:127) common_voice_lt_40723751
LOG (gmm-align-compiled[5.5.1182~1-e02e3]:main():gmm-align-compiled.cc:127) common_voice_lt_40723767
LOG (gmm-align-compiled[5.5.1182~1-e02e3]:main():gmm-align-compiled.cc:127) common_voice_lt_40723768
LOG (gmm-align-compiled[5.5.1182~1-e02e3]:main():gmm-align-compiled.cc:127) common_voice_lt_40723771
LOG (gmm-align-compiled[5.5.1182~1-e02e3]:main():gmm-align-compiled.cc:127) common_voice_lt_40723780
LOG (gmm-align-compiled[5.5.1182~1-e02e3]:main():gmm-align-compiled.cc:127) common_voice_lt_40723792
LOG (gmm-align-compiled[5.5.1182~1-e02e3]:main():gmm-align-compiled.cc:127) common_voice_lt_40723811
LOG (gmm-align-compiled[5.5.1182~1-e02e3]:main():gmm-align-compiled.cc:127) common_voice_lt_40723813
LOG (gmm-align-compiled[5.5.1182~1-e02e3]:main():gmm-align-compiled.cc:127) common_voice_lt_40723828
LOG (gmm-align-compiled[5.5.1182~1-e02e3]:main():gmm-align-compiled.cc:127) common_voice_lt_40723829
LOG (gmm-align-compiled[5.5.1182~1-e02e3]:main():gmm-align-compiled.cc:127) common_voice_lt_40723831
LOG (gmm-align-compiled[5.5.1182~1-e02e3]:main():gmm-align-compiled.cc:127) common_voice_lt_40723840
LOG (gmm-align-compiled[5.5.1182~1-e02e3]:main():gmm-align-compiled.cc:127) common_voice_lt_40723846
LOG (gmm-align-compiled[5.5.1182~1-e02e3]:main():gmm-align-compiled.cc:127) common_voice_lt_40723865
LOG (gmm-align-compiled[5.5.1182~1-e02e3]:main():gmm-align-compiled.cc:127) common_voice_lt_40723875
LOG (gmm-align-compiled[5.5.1182~1-e02e3]:main():gmm-align-compiled.cc:127) common_voice_lt_40723876
LOG (gmm-align-compiled[5.5.1182~1-e02e3]:main():gmm-align-compiled.cc:127) common_voice_lt_40723878
LOG (gmm-align-compiled[5.5.1182~1-e02e3]:main():gmm-align-compiled.cc:127) common_voice_lt_40723886
LOG (gmm-align-compiled[5.5.1182~1-e02e3]:main():gmm-align-compiled.cc:127) common_voice_lt_40723890
LOG (gmm-align-compiled[5.5.1182~1-e02e3]:main():gmm-align-compiled.cc:127) common_voice_lt_40723901
LOG (gmm-align-compiled[5.5.1182~1-e02e3]:main():gmm-align-compiled.cc:127) common_voice_lt_40723904
LOG (gmm-align-compiled[5.5.1182~1-e02e3]:main():gmm-align-compiled.cc:127) common_voice_lt_40723910
LOG (gmm-align-compiled[5.5.1182~1-e02e3]:main():gmm-align-compiled.cc:127) common_voice_lt_40723911
LOG (gmm-align-compiled[5.5.1182~1-e02e3]:main():gmm-align-compiled.cc:127) common_voice_lt_40723912
LOG (gmm-align-compiled[5.5.1182~1-e02e3]:main():gmm-align-compiled.cc:127) common_voice_lt_40723914
LOG (gmm-align-compiled[5.5.1182~1-e02e3]:main():gmm-align-compiled.cc:127) common_voice_lt_40723925
LOG (gmm-align-compiled[5.5.1182~1-e02e3]:main():gmm-align-compiled.cc:127) common_voice_lt_40723928
LOG (gmm-align-compiled[5.5.1182~1-e02e3]:main():gmm-align-compiled.cc:127) common_voice_lt_40723952
LOG (gmm-align-compiled[5.5.1182~1-e02e3]:main():gmm-align-compiled.cc:127) common_voice_lt_40723953
LOG (gmm-align-compiled[5.5.1182~1-e02e3]:main():gmm-align-compiled.cc:127) common_voice_lt_40723954
LOG (gmm-align-compiled[5.5.1182~1-e02e3]:main():gmm-align-compiled.cc:127) common_voice_lt_40723974
LOG (gmm-align-compiled[5.5.1182~1-e02e3]:main():gmm-align-compiled.cc:127) common_voice_lt_40723976
LOG (gmm-align-compiled[5.5.1182~1-e02e3]:main():gmm-align-compiled.cc:127) common_voice_lt_40723978
LOG (gmm-align-compiled[5.5.1182~1-e02e3]:main():gmm-align-compiled.cc:127) common_voice_lt_40723979
LOG (gmm-align-compiled[5.5.1182~1-e02e3]:main():gmm-align-compiled.cc:127) common_voice_lt_40723984
LOG (gmm-align-compiled[5.5.1182~1-e02e3]:main():gmm-align-compiled.cc:127) common_voice_lt_40723996
LOG (gmm-align-compiled[5.5.1182~1-e02e3]:main():gmm-align-compiled.cc:127) common_voice_lt_40723997
LOG (gmm-align-compiled[5.5.1182~1-e02e3]:main():gmm-align-compiled.cc:127) common_voice_lt_40723998
LOG (gmm-align-compiled[5.5.1182~1-e02e3]:main():gmm-align-compiled.cc:127) common_voice_lt_40724001
LOG (gmm-align-compiled[5.5.1182~1-e02e3]:main():gmm-align-compiled.cc:127) common_voice_lt_40724003
LOG (gmm-align-compiled[5.5.1182~1-e02e3]:main():gmm-align-compiled.cc:127) common_voice_lt_40724004
LOG (gmm-align-compiled[5.5.1182~1-e02e3]:main():gmm-align-compiled.cc:127) common_voice_lt_40724006
LOG (gmm-align-compiled[5.5.1182~1-e02e3]:main():gmm-align-compiled.cc:127) common_voice_lt_40724007
LOG (gmm-align-compiled[5.5.1182~1-e02e3]:main():gmm-align-compiled.cc:127) common_voice_lt_40724008
LOG (gmm-align-compiled[5.5.1182~1-e02e3]:main():gmm-align-compiled.cc:127) common_voice_lt_40724010
LOG (gmm-align-compiled[5.5.1182~1-e02e3]:main():gmm-align-compiled.cc:127) common_voice_lt_40724011
LOG (gmm-align-compiled[5.5.1182~1-e02e3]:main():gmm-align-compiled.cc:127) common_voice_lt_40724012
LOG (gmm-align-compiled[5.5.1182~1-e02e3]:main():gmm-align-compiled.cc:127) common_voice_lt_40724016
LOG (gmm-align-compiled[5.5.1182~1-e02e3]:main():gmm-align-compiled.cc:127) common_voice_lt_40724026
LOG (apply-cmvn[5.5.1182~1-e02e3]:main():apply-cmvn.cc:162) Applied cepstral mean normalization to 604 utterances, errors on 0
LOG (compile-train-graphs[5.5.1182~1-e02e3]:main():compile-train-graphs.cc:147) compile-train-graphs: succeeded for 604 graphs, failed for 0
LOG (gmm-align-compiled[5.5.1182~1-e02e3]:main():gmm-align-compiled.cc:127) common_voice_lt_40724028
LOG (gmm-align-compiled[5.5.1182~1-e02e3]:main():gmm-align-compiled.cc:127) common_voice_lt_40724035
LOG (gmm-align-compiled[5.5.1182~1-e02e3]:main():gmm-align-compiled.cc:127) common_voice_lt_40724036
LOG (gmm-align-compiled[5.5.1182~1-e02e3]:main():gmm-align-compiled.cc:127) common_voice_lt_40724039
LOG (gmm-align-compiled[5.5.1182~1-e02e3]:main():gmm-align-compiled.cc:127) common_voice_lt_40724040
LOG (gmm-align-compiled[5.5.1182~1-e02e3]:main():gmm-align-compiled.cc:135) Overall log-likelihood per frame is -100.955 over 279679 frames.
LOG (gmm-align-compiled[5.5.1182~1-e02e3]:main():gmm-align-compiled.cc:137) Retried 0 out of 604 utterances.
LOG (gmm-align-compiled[5.5.1182~1-e02e3]:main():gmm-align-compiled.cc:139) Done 604, errors on 0
# Accounting: time=4 threads=1
# Ended (code 0) at Wed Jan 14 11:38:06 EET 2026, elapsed time 4 seconds
