# compile-train-graphs --read-disambig-syms=data/lang/phones/disambig.int exp/mono_ali/tree exp/mono_ali/final.mdl data/lang/L.fst "ark:utils/sym2int.pl --map-oov 2 -f 2- data/lang/words.txt data/train/split15/9/text|" ark:- | gmm-align-compiled --transition-scale=1.0 --acoustic-scale=0.1 --self-loop-scale=0.1 --beam=10 --retry-beam=40 --careful=false "gmm-boost-silence --boost=1.0 1 exp/mono_ali/final.mdl - |" ark:- "ark,s,cs:apply-cmvn  --utt2spk=ark:data/train/split15/9/utt2spk scp:data/train/split15/9/cmvn.scp scp:data/train/split15/9/feats.scp ark:- | add-deltas  ark:- ark:- |" "ark,t:|gzip -c >exp/mono_ali/ali.9.gz" 
# Started at Wed Jan 14 11:38:02 EET 2026
#
compile-train-graphs --read-disambig-syms=data/lang/phones/disambig.int exp/mono_ali/tree exp/mono_ali/final.mdl data/lang/L.fst 'ark:utils/sym2int.pl --map-oov 2 -f 2- data/lang/words.txt data/train/split15/9/text|' ark:- 
gmm-align-compiled --transition-scale=1.0 --acoustic-scale=0.1 --self-loop-scale=0.1 --beam=10 --retry-beam=40 --careful=false 'gmm-boost-silence --boost=1.0 1 exp/mono_ali/final.mdl - |' ark:- 'ark,s,cs:apply-cmvn  --utt2spk=ark:data/train/split15/9/utt2spk scp:data/train/split15/9/cmvn.scp scp:data/train/split15/9/feats.scp ark:- | add-deltas  ark:- ark:- |' 'ark,t:|gzip -c >exp/mono_ali/ali.9.gz' 
gmm-boost-silence --boost=1.0 1 exp/mono_ali/final.mdl - 
WARNING (gmm-boost-silence[5.5.1182~1-e02e3]:main():gmm-boost-silence.cc:82) The pdfs for the silence phones may be shared by other phones (note: this probably does not matter.)
LOG (gmm-boost-silence[5.5.1182~1-e02e3]:main():gmm-boost-silence.cc:93) Boosted weights for 5 pdfs, by factor of 1
LOG (gmm-boost-silence[5.5.1182~1-e02e3]:main():gmm-boost-silence.cc:103) Wrote model to -
add-deltas ark:- ark:- 
apply-cmvn --utt2spk=ark:data/train/split15/9/utt2spk scp:data/train/split15/9/cmvn.scp scp:data/train/split15/9/feats.scp ark:- 
LOG (gmm-align-compiled[5.5.1182~1-e02e3]:main():gmm-align-compiled.cc:127) common_voice_lt_36967930
LOG (gmm-align-compiled[5.5.1182~1-e02e3]:main():gmm-align-compiled.cc:127) common_voice_lt_36967936
LOG (gmm-align-compiled[5.5.1182~1-e02e3]:main():gmm-align-compiled.cc:127) common_voice_lt_36967937
LOG (gmm-align-compiled[5.5.1182~1-e02e3]:main():gmm-align-compiled.cc:127) common_voice_lt_36967938
LOG (gmm-align-compiled[5.5.1182~1-e02e3]:main():gmm-align-compiled.cc:127) common_voice_lt_36967939
LOG (gmm-align-compiled[5.5.1182~1-e02e3]:main():gmm-align-compiled.cc:127) common_voice_lt_36967940
LOG (gmm-align-compiled[5.5.1182~1-e02e3]:main():gmm-align-compiled.cc:127) common_voice_lt_36967956
LOG (gmm-align-compiled[5.5.1182~1-e02e3]:main():gmm-align-compiled.cc:127) common_voice_lt_36967957
LOG (gmm-align-compiled[5.5.1182~1-e02e3]:main():gmm-align-compiled.cc:127) common_voice_lt_36967958
LOG (gmm-align-compiled[5.5.1182~1-e02e3]:main():gmm-align-compiled.cc:127) common_voice_lt_36967959
LOG (gmm-align-compiled[5.5.1182~1-e02e3]:main():gmm-align-compiled.cc:127) common_voice_lt_36967960
LOG (gmm-align-compiled[5.5.1182~1-e02e3]:main():gmm-align-compiled.cc:127) common_voice_lt_36967961
LOG (gmm-align-compiled[5.5.1182~1-e02e3]:main():gmm-align-compiled.cc:127) common_voice_lt_36967962
LOG (gmm-align-compiled[5.5.1182~1-e02e3]:main():gmm-align-compiled.cc:127) common_voice_lt_36967963
LOG (gmm-align-compiled[5.5.1182~1-e02e3]:main():gmm-align-compiled.cc:127) common_voice_lt_36967964
LOG (gmm-align-compiled[5.5.1182~1-e02e3]:main():gmm-align-compiled.cc:127) common_voice_lt_36967965
LOG (gmm-align-compiled[5.5.1182~1-e02e3]:main():gmm-align-compiled.cc:127) common_voice_lt_36967996
LOG (gmm-align-compiled[5.5.1182~1-e02e3]:main():gmm-align-compiled.cc:127) common_voice_lt_36967997
LOG (gmm-align-compiled[5.5.1182~1-e02e3]:main():gmm-align-compiled.cc:127) common_voice_lt_36967999
LOG (gmm-align-compiled[5.5.1182~1-e02e3]:main():gmm-align-compiled.cc:127) common_voice_lt_36968000
LOG (gmm-align-compiled[5.5.1182~1-e02e3]:main():gmm-align-compiled.cc:127) common_voice_lt_36968002
LOG (gmm-align-compiled[5.5.1182~1-e02e3]:main():gmm-align-compiled.cc:127) common_voice_lt_36968016
LOG (gmm-align-compiled[5.5.1182~1-e02e3]:main():gmm-align-compiled.cc:127) common_voice_lt_36968017
LOG (gmm-align-compiled[5.5.1182~1-e02e3]:main():gmm-align-compiled.cc:127) common_voice_lt_36968018
LOG (gmm-align-compiled[5.5.1182~1-e02e3]:main():gmm-align-compiled.cc:127) common_voice_lt_36968019
LOG (gmm-align-compiled[5.5.1182~1-e02e3]:main():gmm-align-compiled.cc:127) common_voice_lt_36968020
LOG (gmm-align-compiled[5.5.1182~1-e02e3]:main():gmm-align-compiled.cc:127) common_voice_lt_36968034
LOG (gmm-align-compiled[5.5.1182~1-e02e3]:main():gmm-align-compiled.cc:127) common_voice_lt_36968035
LOG (gmm-align-compiled[5.5.1182~1-e02e3]:main():gmm-align-compiled.cc:127) common_voice_lt_36968036
LOG (gmm-align-compiled[5.5.1182~1-e02e3]:main():gmm-align-compiled.cc:127) common_voice_lt_36968037
LOG (gmm-align-compiled[5.5.1182~1-e02e3]:main():gmm-align-compiled.cc:127) common_voice_lt_36968038
LOG (gmm-align-compiled[5.5.1182~1-e02e3]:main():gmm-align-compiled.cc:127) common_voice_lt_36968044
LOG (gmm-align-compiled[5.5.1182~1-e02e3]:main():gmm-align-compiled.cc:127) common_voice_lt_36968045
LOG (gmm-align-compiled[5.5.1182~1-e02e3]:main():gmm-align-compiled.cc:127) common_voice_lt_36968046
LOG (gmm-align-compiled[5.5.1182~1-e02e3]:main():gmm-align-compiled.cc:127) common_voice_lt_36968047
LOG (gmm-align-compiled[5.5.1182~1-e02e3]:main():gmm-align-compiled.cc:127) common_voice_lt_36968048
LOG (gmm-align-compiled[5.5.1182~1-e02e3]:main():gmm-align-compiled.cc:127) common_voice_lt_36968054
LOG (gmm-align-compiled[5.5.1182~1-e02e3]:main():gmm-align-compiled.cc:127) common_voice_lt_36968055
LOG (gmm-align-compiled[5.5.1182~1-e02e3]:main():gmm-align-compiled.cc:127) common_voice_lt_36968056
LOG (gmm-align-compiled[5.5.1182~1-e02e3]:main():gmm-align-compiled.cc:127) common_voice_lt_36968057
LOG (gmm-align-compiled[5.5.1182~1-e02e3]:main():gmm-align-compiled.cc:127) common_voice_lt_36968058
LOG (gmm-align-compiled[5.5.1182~1-e02e3]:main():gmm-align-compiled.cc:127) common_voice_lt_36968066
LOG (gmm-align-compiled[5.5.1182~1-e02e3]:main():gmm-align-compiled.cc:127) common_voice_lt_36968067
LOG (gmm-align-compiled[5.5.1182~1-e02e3]:main():gmm-align-compiled.cc:127) common_voice_lt_36968069
LOG (gmm-align-compiled[5.5.1182~1-e02e3]:main():gmm-align-compiled.cc:127) common_voice_lt_36968070
LOG (gmm-align-compiled[5.5.1182~1-e02e3]:main():gmm-align-compiled.cc:127) common_voice_lt_36968072
LOG (gmm-align-compiled[5.5.1182~1-e02e3]:main():gmm-align-compiled.cc:127) common_voice_lt_36968141
LOG (gmm-align-compiled[5.5.1182~1-e02e3]:main():gmm-align-compiled.cc:127) common_voice_lt_36968143
LOG (gmm-align-compiled[5.5.1182~1-e02e3]:main():gmm-align-compiled.cc:127) common_voice_lt_36968146
LOG (gmm-align-compiled[5.5.1182~1-e02e3]:main():gmm-align-compiled.cc:127) common_voice_lt_36968147
LOG (gmm-align-compiled[5.5.1182~1-e02e3]:main():gmm-align-compiled.cc:127) common_voice_lt_36968152
LOG (gmm-align-compiled[5.5.1182~1-e02e3]:main():gmm-align-compiled.cc:127) common_voice_lt_36968170
LOG (gmm-align-compiled[5.5.1182~1-e02e3]:main():gmm-align-compiled.cc:127) common_voice_lt_36968171
LOG (gmm-align-compiled[5.5.1182~1-e02e3]:main():gmm-align-compiled.cc:127) common_voice_lt_36968172
LOG (gmm-align-compiled[5.5.1182~1-e02e3]:main():gmm-align-compiled.cc:127) common_voice_lt_36968173
LOG (gmm-align-compiled[5.5.1182~1-e02e3]:main():gmm-align-compiled.cc:127) common_voice_lt_36968174
LOG (gmm-align-compiled[5.5.1182~1-e02e3]:main():gmm-align-compiled.cc:127) common_voice_lt_36968191
LOG (gmm-align-compiled[5.5.1182~1-e02e3]:main():gmm-align-compiled.cc:127) common_voice_lt_36968192
LOG (gmm-align-compiled[5.5.1182~1-e02e3]:main():gmm-align-compiled.cc:127) common_voice_lt_36968193
LOG (gmm-align-compiled[5.5.1182~1-e02e3]:main():gmm-align-compiled.cc:127) common_voice_lt_36968194
LOG (gmm-align-compiled[5.5.1182~1-e02e3]:main():gmm-align-compiled.cc:127) common_voice_lt_36968195
LOG (gmm-align-compiled[5.5.1182~1-e02e3]:main():gmm-align-compiled.cc:127) common_voice_lt_36968231
LOG (gmm-align-compiled[5.5.1182~1-e02e3]:main():gmm-align-compiled.cc:127) common_voice_lt_36968232
LOG (gmm-align-compiled[5.5.1182~1-e02e3]:main():gmm-align-compiled.cc:127) common_voice_lt_36968233
LOG (gmm-align-compiled[5.5.1182~1-e02e3]:main():gmm-align-compiled.cc:127) common_voice_lt_36968234
LOG (gmm-align-compiled[5.5.1182~1-e02e3]:main():gmm-align-compiled.cc:127) common_voice_lt_36968235
LOG (gmm-align-compiled[5.5.1182~1-e02e3]:main():gmm-align-compiled.cc:127) common_voice_lt_36968252
LOG (gmm-align-compiled[5.5.1182~1-e02e3]:main():gmm-align-compiled.cc:127) common_voice_lt_36968253
LOG (gmm-align-compiled[5.5.1182~1-e02e3]:main():gmm-align-compiled.cc:127) common_voice_lt_36968254
LOG (gmm-align-compiled[5.5.1182~1-e02e3]:main():gmm-align-compiled.cc:127) common_voice_lt_36968255
LOG (gmm-align-compiled[5.5.1182~1-e02e3]:main():gmm-align-compiled.cc:127) common_voice_lt_36968281
LOG (gmm-align-compiled[5.5.1182~1-e02e3]:main():gmm-align-compiled.cc:127) common_voice_lt_36968282
LOG (gmm-align-compiled[5.5.1182~1-e02e3]:main():gmm-align-compiled.cc:127) common_voice_lt_36968283
LOG (gmm-align-compiled[5.5.1182~1-e02e3]:main():gmm-align-compiled.cc:127) common_voice_lt_36968284
LOG (gmm-align-compiled[5.5.1182~1-e02e3]:main():gmm-align-compiled.cc:127) common_voice_lt_36968285
LOG (gmm-align-compiled[5.5.1182~1-e02e3]:main():gmm-align-compiled.cc:127) common_voice_lt_36968300
LOG (gmm-align-compiled[5.5.1182~1-e02e3]:main():gmm-align-compiled.cc:127) common_voice_lt_36968301
LOG (gmm-align-compiled[5.5.1182~1-e02e3]:main():gmm-align-compiled.cc:127) common_voice_lt_36968302
LOG (gmm-align-compiled[5.5.1182~1-e02e3]:main():gmm-align-compiled.cc:127) common_voice_lt_36968303
LOG (gmm-align-compiled[5.5.1182~1-e02e3]:main():gmm-align-compiled.cc:127) common_voice_lt_36968304
LOG (gmm-align-compiled[5.5.1182~1-e02e3]:main():gmm-align-compiled.cc:127) common_voice_lt_36968316
LOG (gmm-align-compiled[5.5.1182~1-e02e3]:main():gmm-align-compiled.cc:127) common_voice_lt_36968317
LOG (gmm-align-compiled[5.5.1182~1-e02e3]:main():gmm-align-compiled.cc:127) common_voice_lt_36968318
LOG (gmm-align-compiled[5.5.1182~1-e02e3]:main():gmm-align-compiled.cc:127) common_voice_lt_36968319
LOG (gmm-align-compiled[5.5.1182~1-e02e3]:main():gmm-align-compiled.cc:127) common_voice_lt_36968320
LOG (gmm-align-compiled[5.5.1182~1-e02e3]:main():gmm-align-compiled.cc:127) common_voice_lt_36968389
LOG (gmm-align-compiled[5.5.1182~1-e02e3]:main():gmm-align-compiled.cc:127) common_voice_lt_36968392
LOG (gmm-align-compiled[5.5.1182~1-e02e3]:main():gmm-align-compiled.cc:127) common_voice_lt_36968393
LOG (gmm-align-compiled[5.5.1182~1-e02e3]:main():gmm-align-compiled.cc:127) common_voice_lt_36968394
LOG (gmm-align-compiled[5.5.1182~1-e02e3]:main():gmm-align-compiled.cc:127) common_voice_lt_36968395
LOG (gmm-align-compiled[5.5.1182~1-e02e3]:main():gmm-align-compiled.cc:127) common_voice_lt_36968594
LOG (gmm-align-compiled[5.5.1182~1-e02e3]:main():gmm-align-compiled.cc:127) common_voice_lt_36968595
LOG (gmm-align-compiled[5.5.1182~1-e02e3]:main():gmm-align-compiled.cc:127) common_voice_lt_36968596
LOG (gmm-align-compiled[5.5.1182~1-e02e3]:main():gmm-align-compiled.cc:127) common_voice_lt_36968597
LOG (gmm-align-compiled[5.5.1182~1-e02e3]:main():gmm-align-compiled.cc:127) common_voice_lt_36968598
LOG (gmm-align-compiled[5.5.1182~1-e02e3]:main():gmm-align-compiled.cc:127) common_voice_lt_37028121
LOG (gmm-align-compiled[5.5.1182~1-e02e3]:main():gmm-align-compiled.cc:127) common_voice_lt_37028122
LOG (gmm-align-compiled[5.5.1182~1-e02e3]:main():gmm-align-compiled.cc:127) common_voice_lt_37028123
LOG (gmm-align-compiled[5.5.1182~1-e02e3]:main():gmm-align-compiled.cc:127) common_voice_lt_37028124
LOG (gmm-align-compiled[5.5.1182~1-e02e3]:main():gmm-align-compiled.cc:127) common_voice_lt_37028125
LOG (gmm-align-compiled[5.5.1182~1-e02e3]:main():gmm-align-compiled.cc:127) common_voice_lt_37028199
LOG (gmm-align-compiled[5.5.1182~1-e02e3]:main():gmm-align-compiled.cc:127) common_voice_lt_37028200
LOG (gmm-align-compiled[5.5.1182~1-e02e3]:main():gmm-align-compiled.cc:127) common_voice_lt_37028201
LOG (gmm-align-compiled[5.5.1182~1-e02e3]:main():gmm-align-compiled.cc:127) common_voice_lt_37028202
LOG (gmm-align-compiled[5.5.1182~1-e02e3]:main():gmm-align-compiled.cc:127) common_voice_lt_37028239
LOG (gmm-align-compiled[5.5.1182~1-e02e3]:main():gmm-align-compiled.cc:127) common_voice_lt_37028240
LOG (gmm-align-compiled[5.5.1182~1-e02e3]:main():gmm-align-compiled.cc:127) common_voice_lt_37028241
LOG (gmm-align-compiled[5.5.1182~1-e02e3]:main():gmm-align-compiled.cc:127) common_voice_lt_37028243
LOG (gmm-align-compiled[5.5.1182~1-e02e3]:main():gmm-align-compiled.cc:127) common_voice_lt_37028244
LOG (gmm-align-compiled[5.5.1182~1-e02e3]:main():gmm-align-compiled.cc:127) common_voice_lt_37028255
LOG (gmm-align-compiled[5.5.1182~1-e02e3]:main():gmm-align-compiled.cc:127) common_voice_lt_37028256
LOG (gmm-align-compiled[5.5.1182~1-e02e3]:main():gmm-align-compiled.cc:127) common_voice_lt_37028258
LOG (gmm-align-compiled[5.5.1182~1-e02e3]:main():gmm-align-compiled.cc:127) common_voice_lt_37028264
LOG (gmm-align-compiled[5.5.1182~1-e02e3]:main():gmm-align-compiled.cc:127) common_voice_lt_37028265
LOG (gmm-align-compiled[5.5.1182~1-e02e3]:main():gmm-align-compiled.cc:127) common_voice_lt_37028266
LOG (gmm-align-compiled[5.5.1182~1-e02e3]:main():gmm-align-compiled.cc:127) common_voice_lt_37028267
LOG (gmm-align-compiled[5.5.1182~1-e02e3]:main():gmm-align-compiled.cc:127) common_voice_lt_37028268
LOG (gmm-align-compiled[5.5.1182~1-e02e3]:main():gmm-align-compiled.cc:127) common_voice_lt_37028289
LOG (gmm-align-compiled[5.5.1182~1-e02e3]:main():gmm-align-compiled.cc:127) common_voice_lt_37028290
LOG (gmm-align-compiled[5.5.1182~1-e02e3]:main():gmm-align-compiled.cc:127) common_voice_lt_37028292
LOG (gmm-align-compiled[5.5.1182~1-e02e3]:main():gmm-align-compiled.cc:127) common_voice_lt_37028293
LOG (gmm-align-compiled[5.5.1182~1-e02e3]:main():gmm-align-compiled.cc:127) common_voice_lt_37028308
LOG (gmm-align-compiled[5.5.1182~1-e02e3]:main():gmm-align-compiled.cc:127) common_voice_lt_37028309
LOG (gmm-align-compiled[5.5.1182~1-e02e3]:main():gmm-align-compiled.cc:127) common_voice_lt_37028310
LOG (gmm-align-compiled[5.5.1182~1-e02e3]:main():gmm-align-compiled.cc:127) common_voice_lt_37028311
LOG (gmm-align-compiled[5.5.1182~1-e02e3]:main():gmm-align-compiled.cc:127) common_voice_lt_37028318
LOG (gmm-align-compiled[5.5.1182~1-e02e3]:main():gmm-align-compiled.cc:127) common_voice_lt_37028319
LOG (gmm-align-compiled[5.5.1182~1-e02e3]:main():gmm-align-compiled.cc:127) common_voice_lt_37028320
LOG (gmm-align-compiled[5.5.1182~1-e02e3]:main():gmm-align-compiled.cc:127) common_voice_lt_37028373
LOG (gmm-align-compiled[5.5.1182~1-e02e3]:main():gmm-align-compiled.cc:127) common_voice_lt_37028375
LOG (gmm-align-compiled[5.5.1182~1-e02e3]:main():gmm-align-compiled.cc:127) common_voice_lt_37028378
LOG (gmm-align-compiled[5.5.1182~1-e02e3]:main():gmm-align-compiled.cc:127) common_voice_lt_37028379
LOG (gmm-align-compiled[5.5.1182~1-e02e3]:main():gmm-align-compiled.cc:127) common_voice_lt_37028380
LOG (gmm-align-compiled[5.5.1182~1-e02e3]:main():gmm-align-compiled.cc:127) common_voice_lt_37028381
LOG (gmm-align-compiled[5.5.1182~1-e02e3]:main():gmm-align-compiled.cc:127) common_voice_lt_37028382
LOG (gmm-align-compiled[5.5.1182~1-e02e3]:main():gmm-align-compiled.cc:127) common_voice_lt_37028383
LOG (gmm-align-compiled[5.5.1182~1-e02e3]:main():gmm-align-compiled.cc:127) common_voice_lt_37028384
LOG (gmm-align-compiled[5.5.1182~1-e02e3]:main():gmm-align-compiled.cc:127) common_voice_lt_37028388
LOG (gmm-align-compiled[5.5.1182~1-e02e3]:main():gmm-align-compiled.cc:127) common_voice_lt_37028390
LOG (gmm-align-compiled[5.5.1182~1-e02e3]:main():gmm-align-compiled.cc:127) common_voice_lt_37028391
LOG (gmm-align-compiled[5.5.1182~1-e02e3]:main():gmm-align-compiled.cc:127) common_voice_lt_37028393
LOG (gmm-align-compiled[5.5.1182~1-e02e3]:main():gmm-align-compiled.cc:127) common_voice_lt_37028394
LOG (gmm-align-compiled[5.5.1182~1-e02e3]:main():gmm-align-compiled.cc:127) common_voice_lt_37028413
LOG (gmm-align-compiled[5.5.1182~1-e02e3]:main():gmm-align-compiled.cc:127) common_voice_lt_37028414
LOG (gmm-align-compiled[5.5.1182~1-e02e3]:main():gmm-align-compiled.cc:127) common_voice_lt_37028417
LOG (gmm-align-compiled[5.5.1182~1-e02e3]:main():gmm-align-compiled.cc:127) common_voice_lt_37028419
LOG (gmm-align-compiled[5.5.1182~1-e02e3]:main():gmm-align-compiled.cc:127) common_voice_lt_37028425
LOG (gmm-align-compiled[5.5.1182~1-e02e3]:main():gmm-align-compiled.cc:127) common_voice_lt_37028426
LOG (gmm-align-compiled[5.5.1182~1-e02e3]:main():gmm-align-compiled.cc:127) common_voice_lt_37028427
LOG (gmm-align-compiled[5.5.1182~1-e02e3]:main():gmm-align-compiled.cc:127) common_voice_lt_37028449
LOG (gmm-align-compiled[5.5.1182~1-e02e3]:main():gmm-align-compiled.cc:127) common_voice_lt_37028450
LOG (gmm-align-compiled[5.5.1182~1-e02e3]:main():gmm-align-compiled.cc:127) common_voice_lt_37028452
LOG (gmm-align-compiled[5.5.1182~1-e02e3]:main():gmm-align-compiled.cc:127) common_voice_lt_37028473
LOG (gmm-align-compiled[5.5.1182~1-e02e3]:main():gmm-align-compiled.cc:127) common_voice_lt_37028475
LOG (gmm-align-compiled[5.5.1182~1-e02e3]:main():gmm-align-compiled.cc:127) common_voice_lt_37028476
LOG (gmm-align-compiled[5.5.1182~1-e02e3]:main():gmm-align-compiled.cc:127) common_voice_lt_37028477
LOG (gmm-align-compiled[5.5.1182~1-e02e3]:main():gmm-align-compiled.cc:127) common_voice_lt_37028488
LOG (gmm-align-compiled[5.5.1182~1-e02e3]:main():gmm-align-compiled.cc:127) common_voice_lt_37028489
LOG (gmm-align-compiled[5.5.1182~1-e02e3]:main():gmm-align-compiled.cc:127) common_voice_lt_37028491
LOG (gmm-align-compiled[5.5.1182~1-e02e3]:main():gmm-align-compiled.cc:127) common_voice_lt_37028492
LOG (gmm-align-compiled[5.5.1182~1-e02e3]:main():gmm-align-compiled.cc:127) common_voice_lt_37028529
LOG (gmm-align-compiled[5.5.1182~1-e02e3]:main():gmm-align-compiled.cc:127) common_voice_lt_37028530
LOG (gmm-align-compiled[5.5.1182~1-e02e3]:main():gmm-align-compiled.cc:127) common_voice_lt_37028531
LOG (gmm-align-compiled[5.5.1182~1-e02e3]:main():gmm-align-compiled.cc:127) common_voice_lt_37028532
LOG (gmm-align-compiled[5.5.1182~1-e02e3]:main():gmm-align-compiled.cc:127) common_voice_lt_37028533
LOG (gmm-align-compiled[5.5.1182~1-e02e3]:main():gmm-align-compiled.cc:127) common_voice_lt_37028554
LOG (gmm-align-compiled[5.5.1182~1-e02e3]:main():gmm-align-compiled.cc:127) common_voice_lt_37028556
LOG (gmm-align-compiled[5.5.1182~1-e02e3]:main():gmm-align-compiled.cc:127) common_voice_lt_37028557
LOG (gmm-align-compiled[5.5.1182~1-e02e3]:main():gmm-align-compiled.cc:127) common_voice_lt_37028582
LOG (gmm-align-compiled[5.5.1182~1-e02e3]:main():gmm-align-compiled.cc:127) common_voice_lt_37028584
LOG (gmm-align-compiled[5.5.1182~1-e02e3]:main():gmm-align-compiled.cc:127) common_voice_lt_37028586
LOG (gmm-align-compiled[5.5.1182~1-e02e3]:main():gmm-align-compiled.cc:127) common_voice_lt_37028589
LOG (gmm-align-compiled[5.5.1182~1-e02e3]:main():gmm-align-compiled.cc:127) common_voice_lt_37028623
LOG (gmm-align-compiled[5.5.1182~1-e02e3]:main():gmm-align-compiled.cc:127) common_voice_lt_37028625
LOG (gmm-align-compiled[5.5.1182~1-e02e3]:main():gmm-align-compiled.cc:127) common_voice_lt_37028626
LOG (gmm-align-compiled[5.5.1182~1-e02e3]:main():gmm-align-compiled.cc:127) common_voice_lt_37028627
LOG (gmm-align-compiled[5.5.1182~1-e02e3]:main():gmm-align-compiled.cc:127) common_voice_lt_37028644
LOG (gmm-align-compiled[5.5.1182~1-e02e3]:main():gmm-align-compiled.cc:127) common_voice_lt_37028645
LOG (gmm-align-compiled[5.5.1182~1-e02e3]:main():gmm-align-compiled.cc:127) common_voice_lt_37028646
LOG (gmm-align-compiled[5.5.1182~1-e02e3]:main():gmm-align-compiled.cc:127) common_voice_lt_37028647
LOG (gmm-align-compiled[5.5.1182~1-e02e3]:main():gmm-align-compiled.cc:127) common_voice_lt_37028653
LOG (gmm-align-compiled[5.5.1182~1-e02e3]:main():gmm-align-compiled.cc:127) common_voice_lt_37028655
LOG (gmm-align-compiled[5.5.1182~1-e02e3]:main():gmm-align-compiled.cc:127) common_voice_lt_37028656
LOG (gmm-align-compiled[5.5.1182~1-e02e3]:main():gmm-align-compiled.cc:127) common_voice_lt_37028657
LOG (gmm-align-compiled[5.5.1182~1-e02e3]:main():gmm-align-compiled.cc:127) common_voice_lt_37028662
LOG (gmm-align-compiled[5.5.1182~1-e02e3]:main():gmm-align-compiled.cc:127) common_voice_lt_37028663
LOG (gmm-align-compiled[5.5.1182~1-e02e3]:main():gmm-align-compiled.cc:127) common_voice_lt_37028664
LOG (gmm-align-compiled[5.5.1182~1-e02e3]:main():gmm-align-compiled.cc:127) common_voice_lt_37028665
LOG (gmm-align-compiled[5.5.1182~1-e02e3]:main():gmm-align-compiled.cc:127) common_voice_lt_37028669
LOG (gmm-align-compiled[5.5.1182~1-e02e3]:main():gmm-align-compiled.cc:127) common_voice_lt_37028671
LOG (gmm-align-compiled[5.5.1182~1-e02e3]:main():gmm-align-compiled.cc:127) common_voice_lt_37028679
LOG (gmm-align-compiled[5.5.1182~1-e02e3]:main():gmm-align-compiled.cc:127) common_voice_lt_37028680
LOG (gmm-align-compiled[5.5.1182~1-e02e3]:main():gmm-align-compiled.cc:127) common_voice_lt_37028681
LOG (gmm-align-compiled[5.5.1182~1-e02e3]:main():gmm-align-compiled.cc:127) common_voice_lt_37028682
LOG (gmm-align-compiled[5.5.1182~1-e02e3]:main():gmm-align-compiled.cc:127) common_voice_lt_37028683
LOG (gmm-align-compiled[5.5.1182~1-e02e3]:main():gmm-align-compiled.cc:127) common_voice_lt_37028686
LOG (gmm-align-compiled[5.5.1182~1-e02e3]:main():gmm-align-compiled.cc:127) common_voice_lt_37028687
LOG (gmm-align-compiled[5.5.1182~1-e02e3]:main():gmm-align-compiled.cc:127) common_voice_lt_37028688
LOG (gmm-align-compiled[5.5.1182~1-e02e3]:main():gmm-align-compiled.cc:127) common_voice_lt_37028689
LOG (gmm-align-compiled[5.5.1182~1-e02e3]:main():gmm-align-compiled.cc:127) common_voice_lt_37028692
LOG (gmm-align-compiled[5.5.1182~1-e02e3]:main():gmm-align-compiled.cc:127) common_voice_lt_37028693
LOG (gmm-align-compiled[5.5.1182~1-e02e3]:main():gmm-align-compiled.cc:127) common_voice_lt_37028694
LOG (gmm-align-compiled[5.5.1182~1-e02e3]:main():gmm-align-compiled.cc:127) common_voice_lt_37028695
LOG (gmm-align-compiled[5.5.1182~1-e02e3]:main():gmm-align-compiled.cc:127) common_voice_lt_37028696
LOG (gmm-align-compiled[5.5.1182~1-e02e3]:main():gmm-align-compiled.cc:127) common_voice_lt_37028705
LOG (gmm-align-compiled[5.5.1182~1-e02e3]:main():gmm-align-compiled.cc:127) common_voice_lt_37028706
LOG (gmm-align-compiled[5.5.1182~1-e02e3]:main():gmm-align-compiled.cc:127) common_voice_lt_37028707
LOG (gmm-align-compiled[5.5.1182~1-e02e3]:main():gmm-align-compiled.cc:127) common_voice_lt_37028708
LOG (gmm-align-compiled[5.5.1182~1-e02e3]:main():gmm-align-compiled.cc:127) common_voice_lt_37028709
LOG (gmm-align-compiled[5.5.1182~1-e02e3]:main():gmm-align-compiled.cc:127) common_voice_lt_37028715
LOG (gmm-align-compiled[5.5.1182~1-e02e3]:main():gmm-align-compiled.cc:127) common_voice_lt_37028716
LOG (gmm-align-compiled[5.5.1182~1-e02e3]:main():gmm-align-compiled.cc:127) common_voice_lt_37028717
LOG (gmm-align-compiled[5.5.1182~1-e02e3]:main():gmm-align-compiled.cc:127) common_voice_lt_37028723
LOG (gmm-align-compiled[5.5.1182~1-e02e3]:main():gmm-align-compiled.cc:127) common_voice_lt_37028726
LOG (gmm-align-compiled[5.5.1182~1-e02e3]:main():gmm-align-compiled.cc:127) common_voice_lt_37028727
LOG (gmm-align-compiled[5.5.1182~1-e02e3]:main():gmm-align-compiled.cc:127) common_voice_lt_37028732
LOG (gmm-align-compiled[5.5.1182~1-e02e3]:main():gmm-align-compiled.cc:127) common_voice_lt_37028733
LOG (gmm-align-compiled[5.5.1182~1-e02e3]:main():gmm-align-compiled.cc:127) common_voice_lt_37028734
LOG (gmm-align-compiled[5.5.1182~1-e02e3]:main():gmm-align-compiled.cc:127) common_voice_lt_37028735
LOG (gmm-align-compiled[5.5.1182~1-e02e3]:main():gmm-align-compiled.cc:127) common_voice_lt_37028736
LOG (gmm-align-compiled[5.5.1182~1-e02e3]:main():gmm-align-compiled.cc:127) common_voice_lt_37028742
LOG (gmm-align-compiled[5.5.1182~1-e02e3]:main():gmm-align-compiled.cc:127) common_voice_lt_37028743
LOG (gmm-align-compiled[5.5.1182~1-e02e3]:main():gmm-align-compiled.cc:127) common_voice_lt_37028744
LOG (gmm-align-compiled[5.5.1182~1-e02e3]:main():gmm-align-compiled.cc:127) common_voice_lt_37028745
LOG (gmm-align-compiled[5.5.1182~1-e02e3]:main():gmm-align-compiled.cc:127) common_voice_lt_37028752
LOG (gmm-align-compiled[5.5.1182~1-e02e3]:main():gmm-align-compiled.cc:127) common_voice_lt_37028753
LOG (gmm-align-compiled[5.5.1182~1-e02e3]:main():gmm-align-compiled.cc:127) common_voice_lt_37028754
LOG (gmm-align-compiled[5.5.1182~1-e02e3]:main():gmm-align-compiled.cc:127) common_voice_lt_37028755
LOG (gmm-align-compiled[5.5.1182~1-e02e3]:main():gmm-align-compiled.cc:127) common_voice_lt_37028762
LOG (gmm-align-compiled[5.5.1182~1-e02e3]:main():gmm-align-compiled.cc:127) common_voice_lt_37028763
LOG (gmm-align-compiled[5.5.1182~1-e02e3]:main():gmm-align-compiled.cc:127) common_voice_lt_37028764
LOG (gmm-align-compiled[5.5.1182~1-e02e3]:main():gmm-align-compiled.cc:127) common_voice_lt_37028765
LOG (gmm-align-compiled[5.5.1182~1-e02e3]:main():gmm-align-compiled.cc:127) common_voice_lt_37028766
LOG (gmm-align-compiled[5.5.1182~1-e02e3]:main():gmm-align-compiled.cc:127) common_voice_lt_37028772
LOG (gmm-align-compiled[5.5.1182~1-e02e3]:main():gmm-align-compiled.cc:127) common_voice_lt_37028774
LOG (gmm-align-compiled[5.5.1182~1-e02e3]:main():gmm-align-compiled.cc:127) common_voice_lt_37028775
LOG (gmm-align-compiled[5.5.1182~1-e02e3]:main():gmm-align-compiled.cc:127) common_voice_lt_37028776
LOG (gmm-align-compiled[5.5.1182~1-e02e3]:main():gmm-align-compiled.cc:127) common_voice_lt_37028777
LOG (gmm-align-compiled[5.5.1182~1-e02e3]:main():gmm-align-compiled.cc:127) common_voice_lt_37028778
LOG (gmm-align-compiled[5.5.1182~1-e02e3]:main():gmm-align-compiled.cc:127) common_voice_lt_37028779
LOG (gmm-align-compiled[5.5.1182~1-e02e3]:main():gmm-align-compiled.cc:127) common_voice_lt_37028780
LOG (gmm-align-compiled[5.5.1182~1-e02e3]:main():gmm-align-compiled.cc:127) common_voice_lt_37028781
LOG (gmm-align-compiled[5.5.1182~1-e02e3]:main():gmm-align-compiled.cc:127) common_voice_lt_37028797
LOG (gmm-align-compiled[5.5.1182~1-e02e3]:main():gmm-align-compiled.cc:127) common_voice_lt_37028798
LOG (gmm-align-compiled[5.5.1182~1-e02e3]:main():gmm-align-compiled.cc:127) common_voice_lt_37028799
LOG (gmm-align-compiled[5.5.1182~1-e02e3]:main():gmm-align-compiled.cc:127) common_voice_lt_37028800
LOG (gmm-align-compiled[5.5.1182~1-e02e3]:main():gmm-align-compiled.cc:127) common_voice_lt_37028801
LOG (gmm-align-compiled[5.5.1182~1-e02e3]:main():gmm-align-compiled.cc:127) common_voice_lt_37028823
LOG (gmm-align-compiled[5.5.1182~1-e02e3]:main():gmm-align-compiled.cc:127) common_voice_lt_37028824
LOG (gmm-align-compiled[5.5.1182~1-e02e3]:main():gmm-align-compiled.cc:127) common_voice_lt_37028825
LOG (gmm-align-compiled[5.5.1182~1-e02e3]:main():gmm-align-compiled.cc:127) common_voice_lt_37028826
LOG (gmm-align-compiled[5.5.1182~1-e02e3]:main():gmm-align-compiled.cc:127) common_voice_lt_37028852
LOG (gmm-align-compiled[5.5.1182~1-e02e3]:main():gmm-align-compiled.cc:127) common_voice_lt_37028854
LOG (gmm-align-compiled[5.5.1182~1-e02e3]:main():gmm-align-compiled.cc:127) common_voice_lt_37028856
LOG (gmm-align-compiled[5.5.1182~1-e02e3]:main():gmm-align-compiled.cc:127) common_voice_lt_37028858
LOG (gmm-align-compiled[5.5.1182~1-e02e3]:main():gmm-align-compiled.cc:127) common_voice_lt_37028889
LOG (gmm-align-compiled[5.5.1182~1-e02e3]:main():gmm-align-compiled.cc:127) common_voice_lt_37028890
LOG (gmm-align-compiled[5.5.1182~1-e02e3]:main():gmm-align-compiled.cc:127) common_voice_lt_37028891
LOG (gmm-align-compiled[5.5.1182~1-e02e3]:main():gmm-align-compiled.cc:127) common_voice_lt_37028892
LOG (gmm-align-compiled[5.5.1182~1-e02e3]:main():gmm-align-compiled.cc:127) common_voice_lt_37028893
LOG (gmm-align-compiled[5.5.1182~1-e02e3]:main():gmm-align-compiled.cc:127) common_voice_lt_37028899
LOG (gmm-align-compiled[5.5.1182~1-e02e3]:main():gmm-align-compiled.cc:127) common_voice_lt_37028901
LOG (gmm-align-compiled[5.5.1182~1-e02e3]:main():gmm-align-compiled.cc:127) common_voice_lt_37028903
LOG (gmm-align-compiled[5.5.1182~1-e02e3]:main():gmm-align-compiled.cc:127) common_voice_lt_37028906
LOG (gmm-align-compiled[5.5.1182~1-e02e3]:main():gmm-align-compiled.cc:127) common_voice_lt_37028908
LOG (gmm-align-compiled[5.5.1182~1-e02e3]:main():gmm-align-compiled.cc:127) common_voice_lt_37028934
LOG (gmm-align-compiled[5.5.1182~1-e02e3]:main():gmm-align-compiled.cc:127) common_voice_lt_37028935
LOG (gmm-align-compiled[5.5.1182~1-e02e3]:main():gmm-align-compiled.cc:127) common_voice_lt_37028936
LOG (gmm-align-compiled[5.5.1182~1-e02e3]:main():gmm-align-compiled.cc:127) common_voice_lt_37028937
LOG (gmm-align-compiled[5.5.1182~1-e02e3]:main():gmm-align-compiled.cc:127) common_voice_lt_37028938
LOG (gmm-align-compiled[5.5.1182~1-e02e3]:main():gmm-align-compiled.cc:127) common_voice_lt_37028944
LOG (gmm-align-compiled[5.5.1182~1-e02e3]:main():gmm-align-compiled.cc:127) common_voice_lt_37028945
LOG (gmm-align-compiled[5.5.1182~1-e02e3]:main():gmm-align-compiled.cc:127) common_voice_lt_37028947
LOG (gmm-align-compiled[5.5.1182~1-e02e3]:main():gmm-align-compiled.cc:127) common_voice_lt_37028966
LOG (gmm-align-compiled[5.5.1182~1-e02e3]:main():gmm-align-compiled.cc:127) common_voice_lt_37028967
LOG (gmm-align-compiled[5.5.1182~1-e02e3]:main():gmm-align-compiled.cc:127) common_voice_lt_37028968
LOG (gmm-align-compiled[5.5.1182~1-e02e3]:main():gmm-align-compiled.cc:127) common_voice_lt_37028969
LOG (gmm-align-compiled[5.5.1182~1-e02e3]:main():gmm-align-compiled.cc:127) common_voice_lt_37028970
LOG (gmm-align-compiled[5.5.1182~1-e02e3]:main():gmm-align-compiled.cc:127) common_voice_lt_37028989
LOG (gmm-align-compiled[5.5.1182~1-e02e3]:main():gmm-align-compiled.cc:127) common_voice_lt_37028990
LOG (gmm-align-compiled[5.5.1182~1-e02e3]:main():gmm-align-compiled.cc:127) common_voice_lt_37029003
LOG (gmm-align-compiled[5.5.1182~1-e02e3]:main():gmm-align-compiled.cc:127) common_voice_lt_37029004
LOG (gmm-align-compiled[5.5.1182~1-e02e3]:main():gmm-align-compiled.cc:127) common_voice_lt_37029005
LOG (gmm-align-compiled[5.5.1182~1-e02e3]:main():gmm-align-compiled.cc:127) common_voice_lt_37029011
LOG (gmm-align-compiled[5.5.1182~1-e02e3]:main():gmm-align-compiled.cc:127) common_voice_lt_37029012
LOG (gmm-align-compiled[5.5.1182~1-e02e3]:main():gmm-align-compiled.cc:127) common_voice_lt_37029013
LOG (gmm-align-compiled[5.5.1182~1-e02e3]:main():gmm-align-compiled.cc:127) common_voice_lt_37029014
LOG (gmm-align-compiled[5.5.1182~1-e02e3]:main():gmm-align-compiled.cc:127) common_voice_lt_37029015
LOG (gmm-align-compiled[5.5.1182~1-e02e3]:main():gmm-align-compiled.cc:127) common_voice_lt_37029021
LOG (gmm-align-compiled[5.5.1182~1-e02e3]:main():gmm-align-compiled.cc:127) common_voice_lt_37029022
LOG (gmm-align-compiled[5.5.1182~1-e02e3]:main():gmm-align-compiled.cc:127) common_voice_lt_37029023
LOG (gmm-align-compiled[5.5.1182~1-e02e3]:main():gmm-align-compiled.cc:127) common_voice_lt_37029024
LOG (gmm-align-compiled[5.5.1182~1-e02e3]:main():gmm-align-compiled.cc:127) common_voice_lt_37029025
LOG (gmm-align-compiled[5.5.1182~1-e02e3]:main():gmm-align-compiled.cc:127) common_voice_lt_37029033
LOG (gmm-align-compiled[5.5.1182~1-e02e3]:main():gmm-align-compiled.cc:127) common_voice_lt_37029034
LOG (gmm-align-compiled[5.5.1182~1-e02e3]:main():gmm-align-compiled.cc:127) common_voice_lt_37029036
LOG (gmm-align-compiled[5.5.1182~1-e02e3]:main():gmm-align-compiled.cc:127) common_voice_lt_37029037
LOG (gmm-align-compiled[5.5.1182~1-e02e3]:main():gmm-align-compiled.cc:127) common_voice_lt_37029038
LOG (gmm-align-compiled[5.5.1182~1-e02e3]:main():gmm-align-compiled.cc:127) common_voice_lt_37029050
LOG (gmm-align-compiled[5.5.1182~1-e02e3]:main():gmm-align-compiled.cc:127) common_voice_lt_37029052
LOG (gmm-align-compiled[5.5.1182~1-e02e3]:main():gmm-align-compiled.cc:127) common_voice_lt_37029053
LOG (gmm-align-compiled[5.5.1182~1-e02e3]:main():gmm-align-compiled.cc:127) common_voice_lt_37029065
LOG (gmm-align-compiled[5.5.1182~1-e02e3]:main():gmm-align-compiled.cc:127) common_voice_lt_37029067
LOG (gmm-align-compiled[5.5.1182~1-e02e3]:main():gmm-align-compiled.cc:127) common_voice_lt_37029069
LOG (gmm-align-compiled[5.5.1182~1-e02e3]:main():gmm-align-compiled.cc:127) common_voice_lt_37029070
LOG (gmm-align-compiled[5.5.1182~1-e02e3]:main():gmm-align-compiled.cc:127) common_voice_lt_37029072
LOG (gmm-align-compiled[5.5.1182~1-e02e3]:main():gmm-align-compiled.cc:127) common_voice_lt_37029076
LOG (gmm-align-compiled[5.5.1182~1-e02e3]:main():gmm-align-compiled.cc:127) common_voice_lt_37029083
LOG (gmm-align-compiled[5.5.1182~1-e02e3]:main():gmm-align-compiled.cc:127) common_voice_lt_37029084
LOG (gmm-align-compiled[5.5.1182~1-e02e3]:main():gmm-align-compiled.cc:127) common_voice_lt_37029085
LOG (gmm-align-compiled[5.5.1182~1-e02e3]:main():gmm-align-compiled.cc:127) common_voice_lt_37029087
LOG (gmm-align-compiled[5.5.1182~1-e02e3]:main():gmm-align-compiled.cc:127) common_voice_lt_37029089
LOG (gmm-align-compiled[5.5.1182~1-e02e3]:main():gmm-align-compiled.cc:127) common_voice_lt_37029090
LOG (gmm-align-compiled[5.5.1182~1-e02e3]:main():gmm-align-compiled.cc:127) common_voice_lt_37029091
LOG (gmm-align-compiled[5.5.1182~1-e02e3]:main():gmm-align-compiled.cc:127) common_voice_lt_37029092
LOG (gmm-align-compiled[5.5.1182~1-e02e3]:main():gmm-align-compiled.cc:127) common_voice_lt_37029093
LOG (gmm-align-compiled[5.5.1182~1-e02e3]:main():gmm-align-compiled.cc:127) common_voice_lt_37029094
LOG (gmm-align-compiled[5.5.1182~1-e02e3]:main():gmm-align-compiled.cc:127) common_voice_lt_37029095
LOG (gmm-align-compiled[5.5.1182~1-e02e3]:main():gmm-align-compiled.cc:127) common_voice_lt_37029096
LOG (gmm-align-compiled[5.5.1182~1-e02e3]:main():gmm-align-compiled.cc:127) common_voice_lt_37029097
LOG (gmm-align-compiled[5.5.1182~1-e02e3]:main():gmm-align-compiled.cc:127) common_voice_lt_37029098
LOG (gmm-align-compiled[5.5.1182~1-e02e3]:main():gmm-align-compiled.cc:127) common_voice_lt_37029104
LOG (gmm-align-compiled[5.5.1182~1-e02e3]:main():gmm-align-compiled.cc:127) common_voice_lt_37029105
LOG (gmm-align-compiled[5.5.1182~1-e02e3]:main():gmm-align-compiled.cc:127) common_voice_lt_37029107
LOG (gmm-align-compiled[5.5.1182~1-e02e3]:main():gmm-align-compiled.cc:127) common_voice_lt_37029108
LOG (gmm-align-compiled[5.5.1182~1-e02e3]:main():gmm-align-compiled.cc:127) common_voice_lt_37029109
LOG (gmm-align-compiled[5.5.1182~1-e02e3]:main():gmm-align-compiled.cc:127) common_voice_lt_37029199
LOG (gmm-align-compiled[5.5.1182~1-e02e3]:main():gmm-align-compiled.cc:127) common_voice_lt_37029200
LOG (gmm-align-compiled[5.5.1182~1-e02e3]:main():gmm-align-compiled.cc:127) common_voice_lt_37029201
LOG (gmm-align-compiled[5.5.1182~1-e02e3]:main():gmm-align-compiled.cc:127) common_voice_lt_37029202
LOG (gmm-align-compiled[5.5.1182~1-e02e3]:main():gmm-align-compiled.cc:127) common_voice_lt_37029203
LOG (gmm-align-compiled[5.5.1182~1-e02e3]:main():gmm-align-compiled.cc:127) common_voice_lt_37029213
LOG (gmm-align-compiled[5.5.1182~1-e02e3]:main():gmm-align-compiled.cc:127) common_voice_lt_37029214
LOG (gmm-align-compiled[5.5.1182~1-e02e3]:main():gmm-align-compiled.cc:127) common_voice_lt_37029215
LOG (gmm-align-compiled[5.5.1182~1-e02e3]:main():gmm-align-compiled.cc:127) common_voice_lt_37029216
LOG (gmm-align-compiled[5.5.1182~1-e02e3]:main():gmm-align-compiled.cc:127) common_voice_lt_37029229
LOG (gmm-align-compiled[5.5.1182~1-e02e3]:main():gmm-align-compiled.cc:127) common_voice_lt_37029230
LOG (gmm-align-compiled[5.5.1182~1-e02e3]:main():gmm-align-compiled.cc:127) common_voice_lt_37029231
LOG (gmm-align-compiled[5.5.1182~1-e02e3]:main():gmm-align-compiled.cc:127) common_voice_lt_37029232
LOG (gmm-align-compiled[5.5.1182~1-e02e3]:main():gmm-align-compiled.cc:127) common_voice_lt_37029233
LOG (gmm-align-compiled[5.5.1182~1-e02e3]:main():gmm-align-compiled.cc:127) common_voice_lt_37029246
LOG (gmm-align-compiled[5.5.1182~1-e02e3]:main():gmm-align-compiled.cc:127) common_voice_lt_37029248
LOG (gmm-align-compiled[5.5.1182~1-e02e3]:main():gmm-align-compiled.cc:127) common_voice_lt_37029249
LOG (gmm-align-compiled[5.5.1182~1-e02e3]:main():gmm-align-compiled.cc:127) common_voice_lt_37029250
LOG (gmm-align-compiled[5.5.1182~1-e02e3]:main():gmm-align-compiled.cc:127) common_voice_lt_37029251
LOG (gmm-align-compiled[5.5.1182~1-e02e3]:main():gmm-align-compiled.cc:127) common_voice_lt_37029252
LOG (gmm-align-compiled[5.5.1182~1-e02e3]:main():gmm-align-compiled.cc:127) common_voice_lt_37029253
LOG (gmm-align-compiled[5.5.1182~1-e02e3]:main():gmm-align-compiled.cc:127) common_voice_lt_37029275
LOG (gmm-align-compiled[5.5.1182~1-e02e3]:main():gmm-align-compiled.cc:127) common_voice_lt_37029276
LOG (gmm-align-compiled[5.5.1182~1-e02e3]:main():gmm-align-compiled.cc:127) common_voice_lt_37029277
LOG (gmm-align-compiled[5.5.1182~1-e02e3]:main():gmm-align-compiled.cc:127) common_voice_lt_37029278
LOG (gmm-align-compiled[5.5.1182~1-e02e3]:main():gmm-align-compiled.cc:127) common_voice_lt_37029279
LOG (gmm-align-compiled[5.5.1182~1-e02e3]:main():gmm-align-compiled.cc:127) common_voice_lt_37029289
LOG (gmm-align-compiled[5.5.1182~1-e02e3]:main():gmm-align-compiled.cc:127) common_voice_lt_37029291
LOG (gmm-align-compiled[5.5.1182~1-e02e3]:main():gmm-align-compiled.cc:127) common_voice_lt_37029293
LOG (gmm-align-compiled[5.5.1182~1-e02e3]:main():gmm-align-compiled.cc:127) common_voice_lt_37029294
LOG (gmm-align-compiled[5.5.1182~1-e02e3]:main():gmm-align-compiled.cc:127) common_voice_lt_37029324
LOG (gmm-align-compiled[5.5.1182~1-e02e3]:main():gmm-align-compiled.cc:127) common_voice_lt_37029326
LOG (gmm-align-compiled[5.5.1182~1-e02e3]:main():gmm-align-compiled.cc:127) common_voice_lt_37029327
LOG (gmm-align-compiled[5.5.1182~1-e02e3]:main():gmm-align-compiled.cc:127) common_voice_lt_37029328
LOG (gmm-align-compiled[5.5.1182~1-e02e3]:main():gmm-align-compiled.cc:127) common_voice_lt_37029337
LOG (gmm-align-compiled[5.5.1182~1-e02e3]:main():gmm-align-compiled.cc:127) common_voice_lt_37029338
LOG (gmm-align-compiled[5.5.1182~1-e02e3]:main():gmm-align-compiled.cc:127) common_voice_lt_37029340
LOG (gmm-align-compiled[5.5.1182~1-e02e3]:main():gmm-align-compiled.cc:127) common_voice_lt_37029341
LOG (gmm-align-compiled[5.5.1182~1-e02e3]:main():gmm-align-compiled.cc:127) common_voice_lt_37029342
LOG (gmm-align-compiled[5.5.1182~1-e02e3]:main():gmm-align-compiled.cc:127) common_voice_lt_37029344
LOG (gmm-align-compiled[5.5.1182~1-e02e3]:main():gmm-align-compiled.cc:127) common_voice_lt_37029350
LOG (gmm-align-compiled[5.5.1182~1-e02e3]:main():gmm-align-compiled.cc:127) common_voice_lt_37029351
LOG (gmm-align-compiled[5.5.1182~1-e02e3]:main():gmm-align-compiled.cc:127) common_voice_lt_37029352
LOG (gmm-align-compiled[5.5.1182~1-e02e3]:main():gmm-align-compiled.cc:127) common_voice_lt_37029353
LOG (gmm-align-compiled[5.5.1182~1-e02e3]:main():gmm-align-compiled.cc:127) common_voice_lt_37029369
LOG (gmm-align-compiled[5.5.1182~1-e02e3]:main():gmm-align-compiled.cc:127) common_voice_lt_37029370
LOG (gmm-align-compiled[5.5.1182~1-e02e3]:main():gmm-align-compiled.cc:127) common_voice_lt_37029371
LOG (gmm-align-compiled[5.5.1182~1-e02e3]:main():gmm-align-compiled.cc:127) common_voice_lt_37029372
LOG (gmm-align-compiled[5.5.1182~1-e02e3]:main():gmm-align-compiled.cc:127) common_voice_lt_37029373
LOG (gmm-align-compiled[5.5.1182~1-e02e3]:main():gmm-align-compiled.cc:127) common_voice_lt_37029376
LOG (gmm-align-compiled[5.5.1182~1-e02e3]:main():gmm-align-compiled.cc:127) common_voice_lt_37029378
LOG (gmm-align-compiled[5.5.1182~1-e02e3]:main():gmm-align-compiled.cc:127) common_voice_lt_37029379
LOG (gmm-align-compiled[5.5.1182~1-e02e3]:main():gmm-align-compiled.cc:127) common_voice_lt_37029380
LOG (gmm-align-compiled[5.5.1182~1-e02e3]:main():gmm-align-compiled.cc:127) common_voice_lt_37029381
LOG (gmm-align-compiled[5.5.1182~1-e02e3]:main():gmm-align-compiled.cc:127) common_voice_lt_37029382
LOG (gmm-align-compiled[5.5.1182~1-e02e3]:main():gmm-align-compiled.cc:127) common_voice_lt_37029383
LOG (gmm-align-compiled[5.5.1182~1-e02e3]:main():gmm-align-compiled.cc:127) common_voice_lt_37029386
LOG (gmm-align-compiled[5.5.1182~1-e02e3]:main():gmm-align-compiled.cc:127) common_voice_lt_37029387
LOG (gmm-align-compiled[5.5.1182~1-e02e3]:main():gmm-align-compiled.cc:127) common_voice_lt_37029388
LOG (gmm-align-compiled[5.5.1182~1-e02e3]:main():gmm-align-compiled.cc:127) common_voice_lt_37029389
LOG (gmm-align-compiled[5.5.1182~1-e02e3]:main():gmm-align-compiled.cc:127) common_voice_lt_37029390
LOG (gmm-align-compiled[5.5.1182~1-e02e3]:main():gmm-align-compiled.cc:127) common_voice_lt_37029399
LOG (gmm-align-compiled[5.5.1182~1-e02e3]:main():gmm-align-compiled.cc:127) common_voice_lt_37029401
LOG (gmm-align-compiled[5.5.1182~1-e02e3]:main():gmm-align-compiled.cc:127) common_voice_lt_37029402
LOG (gmm-align-compiled[5.5.1182~1-e02e3]:main():gmm-align-compiled.cc:127) common_voice_lt_37029403
LOG (gmm-align-compiled[5.5.1182~1-e02e3]:main():gmm-align-compiled.cc:127) common_voice_lt_37029415
LOG (gmm-align-compiled[5.5.1182~1-e02e3]:main():gmm-align-compiled.cc:127) common_voice_lt_37029416
LOG (gmm-align-compiled[5.5.1182~1-e02e3]:main():gmm-align-compiled.cc:127) common_voice_lt_37029417
LOG (gmm-align-compiled[5.5.1182~1-e02e3]:main():gmm-align-compiled.cc:127) common_voice_lt_37029418
LOG (gmm-align-compiled[5.5.1182~1-e02e3]:main():gmm-align-compiled.cc:127) common_voice_lt_37029419
LOG (gmm-align-compiled[5.5.1182~1-e02e3]:main():gmm-align-compiled.cc:127) common_voice_lt_37029427
LOG (gmm-align-compiled[5.5.1182~1-e02e3]:main():gmm-align-compiled.cc:127) common_voice_lt_37029428
LOG (gmm-align-compiled[5.5.1182~1-e02e3]:main():gmm-align-compiled.cc:127) common_voice_lt_37029429
LOG (gmm-align-compiled[5.5.1182~1-e02e3]:main():gmm-align-compiled.cc:127) common_voice_lt_37029430
LOG (gmm-align-compiled[5.5.1182~1-e02e3]:main():gmm-align-compiled.cc:127) common_voice_lt_37035132
LOG (gmm-align-compiled[5.5.1182~1-e02e3]:main():gmm-align-compiled.cc:127) common_voice_lt_37035134
LOG (gmm-align-compiled[5.5.1182~1-e02e3]:main():gmm-align-compiled.cc:127) common_voice_lt_37035135
LOG (gmm-align-compiled[5.5.1182~1-e02e3]:main():gmm-align-compiled.cc:127) common_voice_lt_37037127
LOG (gmm-align-compiled[5.5.1182~1-e02e3]:main():gmm-align-compiled.cc:127) common_voice_lt_37037128
LOG (gmm-align-compiled[5.5.1182~1-e02e3]:main():gmm-align-compiled.cc:127) common_voice_lt_37037129
LOG (gmm-align-compiled[5.5.1182~1-e02e3]:main():gmm-align-compiled.cc:127) common_voice_lt_37037142
LOG (gmm-align-compiled[5.5.1182~1-e02e3]:main():gmm-align-compiled.cc:127) common_voice_lt_37037143
LOG (gmm-align-compiled[5.5.1182~1-e02e3]:main():gmm-align-compiled.cc:127) common_voice_lt_37037144
LOG (gmm-align-compiled[5.5.1182~1-e02e3]:main():gmm-align-compiled.cc:127) common_voice_lt_37037150
LOG (gmm-align-compiled[5.5.1182~1-e02e3]:main():gmm-align-compiled.cc:127) common_voice_lt_37037151
LOG (gmm-align-compiled[5.5.1182~1-e02e3]:main():gmm-align-compiled.cc:127) common_voice_lt_37037152
LOG (gmm-align-compiled[5.5.1182~1-e02e3]:main():gmm-align-compiled.cc:127) common_voice_lt_37037153
LOG (gmm-align-compiled[5.5.1182~1-e02e3]:main():gmm-align-compiled.cc:127) common_voice_lt_37037154
LOG (gmm-align-compiled[5.5.1182~1-e02e3]:main():gmm-align-compiled.cc:127) common_voice_lt_37037165
LOG (gmm-align-compiled[5.5.1182~1-e02e3]:main():gmm-align-compiled.cc:127) common_voice_lt_37037168
LOG (gmm-align-compiled[5.5.1182~1-e02e3]:main():gmm-align-compiled.cc:127) common_voice_lt_37037195
LOG (gmm-align-compiled[5.5.1182~1-e02e3]:main():gmm-align-compiled.cc:127) common_voice_lt_37037196
LOG (gmm-align-compiled[5.5.1182~1-e02e3]:main():gmm-align-compiled.cc:127) common_voice_lt_37037199
LOG (gmm-align-compiled[5.5.1182~1-e02e3]:main():gmm-align-compiled.cc:127) common_voice_lt_37037211
LOG (gmm-align-compiled[5.5.1182~1-e02e3]:main():gmm-align-compiled.cc:127) common_voice_lt_37037212
LOG (gmm-align-compiled[5.5.1182~1-e02e3]:main():gmm-align-compiled.cc:127) common_voice_lt_37037213
LOG (gmm-align-compiled[5.5.1182~1-e02e3]:main():gmm-align-compiled.cc:127) common_voice_lt_37037214
LOG (gmm-align-compiled[5.5.1182~1-e02e3]:main():gmm-align-compiled.cc:127) common_voice_lt_37037220
LOG (gmm-align-compiled[5.5.1182~1-e02e3]:main():gmm-align-compiled.cc:127) common_voice_lt_37037222
LOG (gmm-align-compiled[5.5.1182~1-e02e3]:main():gmm-align-compiled.cc:127) common_voice_lt_37037235
LOG (gmm-align-compiled[5.5.1182~1-e02e3]:main():gmm-align-compiled.cc:127) common_voice_lt_37037236
LOG (gmm-align-compiled[5.5.1182~1-e02e3]:main():gmm-align-compiled.cc:127) common_voice_lt_37037237
LOG (gmm-align-compiled[5.5.1182~1-e02e3]:main():gmm-align-compiled.cc:127) common_voice_lt_37037238
LOG (gmm-align-compiled[5.5.1182~1-e02e3]:main():gmm-align-compiled.cc:127) common_voice_lt_37037305
LOG (gmm-align-compiled[5.5.1182~1-e02e3]:main():gmm-align-compiled.cc:127) common_voice_lt_37037306
LOG (gmm-align-compiled[5.5.1182~1-e02e3]:main():gmm-align-compiled.cc:127) common_voice_lt_37037307
LOG (gmm-align-compiled[5.5.1182~1-e02e3]:main():gmm-align-compiled.cc:127) common_voice_lt_37037325
LOG (gmm-align-compiled[5.5.1182~1-e02e3]:main():gmm-align-compiled.cc:127) common_voice_lt_37037326
LOG (gmm-align-compiled[5.5.1182~1-e02e3]:main():gmm-align-compiled.cc:127) common_voice_lt_37037327
LOG (gmm-align-compiled[5.5.1182~1-e02e3]:main():gmm-align-compiled.cc:127) common_voice_lt_37037328
LOG (gmm-align-compiled[5.5.1182~1-e02e3]:main():gmm-align-compiled.cc:127) common_voice_lt_37037329
LOG (gmm-align-compiled[5.5.1182~1-e02e3]:main():gmm-align-compiled.cc:127) common_voice_lt_37037335
LOG (gmm-align-compiled[5.5.1182~1-e02e3]:main():gmm-align-compiled.cc:127) common_voice_lt_37037336
LOG (gmm-align-compiled[5.5.1182~1-e02e3]:main():gmm-align-compiled.cc:127) common_voice_lt_37037337
LOG (gmm-align-compiled[5.5.1182~1-e02e3]:main():gmm-align-compiled.cc:127) common_voice_lt_37037338
LOG (gmm-align-compiled[5.5.1182~1-e02e3]:main():gmm-align-compiled.cc:127) common_voice_lt_37037339
LOG (gmm-align-compiled[5.5.1182~1-e02e3]:main():gmm-align-compiled.cc:127) common_voice_lt_37037367
LOG (gmm-align-compiled[5.5.1182~1-e02e3]:main():gmm-align-compiled.cc:127) common_voice_lt_37037368
LOG (gmm-align-compiled[5.5.1182~1-e02e3]:main():gmm-align-compiled.cc:127) common_voice_lt_37037369
LOG (gmm-align-compiled[5.5.1182~1-e02e3]:main():gmm-align-compiled.cc:127) common_voice_lt_37037375
LOG (gmm-align-compiled[5.5.1182~1-e02e3]:main():gmm-align-compiled.cc:127) common_voice_lt_37037376
LOG (gmm-align-compiled[5.5.1182~1-e02e3]:main():gmm-align-compiled.cc:127) common_voice_lt_37037377
LOG (gmm-align-compiled[5.5.1182~1-e02e3]:main():gmm-align-compiled.cc:127) common_voice_lt_37037398
LOG (gmm-align-compiled[5.5.1182~1-e02e3]:main():gmm-align-compiled.cc:127) common_voice_lt_37037399
LOG (gmm-align-compiled[5.5.1182~1-e02e3]:main():gmm-align-compiled.cc:127) common_voice_lt_37037400
LOG (gmm-align-compiled[5.5.1182~1-e02e3]:main():gmm-align-compiled.cc:127) common_voice_lt_37037401
LOG (gmm-align-compiled[5.5.1182~1-e02e3]:main():gmm-align-compiled.cc:127) common_voice_lt_37037402
LOG (gmm-align-compiled[5.5.1182~1-e02e3]:main():gmm-align-compiled.cc:127) common_voice_lt_37037413
LOG (gmm-align-compiled[5.5.1182~1-e02e3]:main():gmm-align-compiled.cc:127) common_voice_lt_37037415
LOG (gmm-align-compiled[5.5.1182~1-e02e3]:main():gmm-align-compiled.cc:127) common_voice_lt_37037416
LOG (gmm-align-compiled[5.5.1182~1-e02e3]:main():gmm-align-compiled.cc:127) common_voice_lt_37037428
LOG (gmm-align-compiled[5.5.1182~1-e02e3]:main():gmm-align-compiled.cc:127) common_voice_lt_37037429
LOG (gmm-align-compiled[5.5.1182~1-e02e3]:main():gmm-align-compiled.cc:127) common_voice_lt_37037430
LOG (gmm-align-compiled[5.5.1182~1-e02e3]:main():gmm-align-compiled.cc:127) common_voice_lt_37037431
LOG (gmm-align-compiled[5.5.1182~1-e02e3]:main():gmm-align-compiled.cc:127) common_voice_lt_37037432
LOG (gmm-align-compiled[5.5.1182~1-e02e3]:main():gmm-align-compiled.cc:127) common_voice_lt_37037438
LOG (gmm-align-compiled[5.5.1182~1-e02e3]:main():gmm-align-compiled.cc:127) common_voice_lt_37037439
LOG (gmm-align-compiled[5.5.1182~1-e02e3]:main():gmm-align-compiled.cc:127) common_voice_lt_37037440
LOG (gmm-align-compiled[5.5.1182~1-e02e3]:main():gmm-align-compiled.cc:127) common_voice_lt_37037441
LOG (gmm-align-compiled[5.5.1182~1-e02e3]:main():gmm-align-compiled.cc:127) common_voice_lt_37037442
LOG (gmm-align-compiled[5.5.1182~1-e02e3]:main():gmm-align-compiled.cc:127) common_voice_lt_37037444
LOG (gmm-align-compiled[5.5.1182~1-e02e3]:main():gmm-align-compiled.cc:127) common_voice_lt_37037445
LOG (gmm-align-compiled[5.5.1182~1-e02e3]:main():gmm-align-compiled.cc:127) common_voice_lt_37037446
LOG (gmm-align-compiled[5.5.1182~1-e02e3]:main():gmm-align-compiled.cc:127) common_voice_lt_37037447
LOG (gmm-align-compiled[5.5.1182~1-e02e3]:main():gmm-align-compiled.cc:127) common_voice_lt_37037448
LOG (gmm-align-compiled[5.5.1182~1-e02e3]:main():gmm-align-compiled.cc:127) common_voice_lt_37037449
LOG (gmm-align-compiled[5.5.1182~1-e02e3]:main():gmm-align-compiled.cc:127) common_voice_lt_37037451
LOG (gmm-align-compiled[5.5.1182~1-e02e3]:main():gmm-align-compiled.cc:127) common_voice_lt_37037452
LOG (gmm-align-compiled[5.5.1182~1-e02e3]:main():gmm-align-compiled.cc:127) common_voice_lt_37037453
LOG (gmm-align-compiled[5.5.1182~1-e02e3]:main():gmm-align-compiled.cc:127) common_voice_lt_37037454
LOG (gmm-align-compiled[5.5.1182~1-e02e3]:main():gmm-align-compiled.cc:127) common_voice_lt_37037455
LOG (gmm-align-compiled[5.5.1182~1-e02e3]:main():gmm-align-compiled.cc:127) common_voice_lt_37037456
LOG (gmm-align-compiled[5.5.1182~1-e02e3]:main():gmm-align-compiled.cc:127) common_voice_lt_37037457
LOG (gmm-align-compiled[5.5.1182~1-e02e3]:main():gmm-align-compiled.cc:127) common_voice_lt_37037458
LOG (gmm-align-compiled[5.5.1182~1-e02e3]:main():gmm-align-compiled.cc:127) common_voice_lt_37037459
LOG (gmm-align-compiled[5.5.1182~1-e02e3]:main():gmm-align-compiled.cc:127) common_voice_lt_37037460
LOG (gmm-align-compiled[5.5.1182~1-e02e3]:main():gmm-align-compiled.cc:127) common_voice_lt_37037461
LOG (gmm-align-compiled[5.5.1182~1-e02e3]:main():gmm-align-compiled.cc:127) common_voice_lt_37037462
LOG (gmm-align-compiled[5.5.1182~1-e02e3]:main():gmm-align-compiled.cc:127) common_voice_lt_37037463
LOG (gmm-align-compiled[5.5.1182~1-e02e3]:main():gmm-align-compiled.cc:127) common_voice_lt_37037464
LOG (gmm-align-compiled[5.5.1182~1-e02e3]:main():gmm-align-compiled.cc:127) common_voice_lt_37037465
LOG (gmm-align-compiled[5.5.1182~1-e02e3]:main():gmm-align-compiled.cc:127) common_voice_lt_37037466
LOG (gmm-align-compiled[5.5.1182~1-e02e3]:main():gmm-align-compiled.cc:127) common_voice_lt_37037467
LOG (gmm-align-compiled[5.5.1182~1-e02e3]:main():gmm-align-compiled.cc:127) common_voice_lt_37037468
LOG (gmm-align-compiled[5.5.1182~1-e02e3]:main():gmm-align-compiled.cc:127) common_voice_lt_37037469
LOG (gmm-align-compiled[5.5.1182~1-e02e3]:main():gmm-align-compiled.cc:127) common_voice_lt_37037470
LOG (gmm-align-compiled[5.5.1182~1-e02e3]:main():gmm-align-compiled.cc:127) common_voice_lt_37037471
LOG (gmm-align-compiled[5.5.1182~1-e02e3]:main():gmm-align-compiled.cc:127) common_voice_lt_37037472
LOG (gmm-align-compiled[5.5.1182~1-e02e3]:main():gmm-align-compiled.cc:127) common_voice_lt_37037478
LOG (gmm-align-compiled[5.5.1182~1-e02e3]:main():gmm-align-compiled.cc:127) common_voice_lt_37037479
LOG (gmm-align-compiled[5.5.1182~1-e02e3]:main():gmm-align-compiled.cc:127) common_voice_lt_37037480
LOG (gmm-align-compiled[5.5.1182~1-e02e3]:main():gmm-align-compiled.cc:127) common_voice_lt_37037482
LOG (gmm-align-compiled[5.5.1182~1-e02e3]:main():gmm-align-compiled.cc:127) common_voice_lt_37037488
LOG (gmm-align-compiled[5.5.1182~1-e02e3]:main():gmm-align-compiled.cc:127) common_voice_lt_37037489
LOG (gmm-align-compiled[5.5.1182~1-e02e3]:main():gmm-align-compiled.cc:127) common_voice_lt_37037490
LOG (gmm-align-compiled[5.5.1182~1-e02e3]:main():gmm-align-compiled.cc:127) common_voice_lt_37037491
LOG (gmm-align-compiled[5.5.1182~1-e02e3]:main():gmm-align-compiled.cc:127) common_voice_lt_37037492
LOG (gmm-align-compiled[5.5.1182~1-e02e3]:main():gmm-align-compiled.cc:127) common_voice_lt_37037493
LOG (gmm-align-compiled[5.5.1182~1-e02e3]:main():gmm-align-compiled.cc:127) common_voice_lt_37037495
LOG (gmm-align-compiled[5.5.1182~1-e02e3]:main():gmm-align-compiled.cc:127) common_voice_lt_37037497
LOG (gmm-align-compiled[5.5.1182~1-e02e3]:main():gmm-align-compiled.cc:127) common_voice_lt_37037505
LOG (gmm-align-compiled[5.5.1182~1-e02e3]:main():gmm-align-compiled.cc:127) common_voice_lt_37037506
LOG (gmm-align-compiled[5.5.1182~1-e02e3]:main():gmm-align-compiled.cc:127) common_voice_lt_37037507
LOG (gmm-align-compiled[5.5.1182~1-e02e3]:main():gmm-align-compiled.cc:127) common_voice_lt_37037508
LOG (gmm-align-compiled[5.5.1182~1-e02e3]:main():gmm-align-compiled.cc:127) common_voice_lt_37037509
LOG (gmm-align-compiled[5.5.1182~1-e02e3]:main():gmm-align-compiled.cc:127) common_voice_lt_37037520
LOG (gmm-align-compiled[5.5.1182~1-e02e3]:main():gmm-align-compiled.cc:127) common_voice_lt_37037521
LOG (gmm-align-compiled[5.5.1182~1-e02e3]:main():gmm-align-compiled.cc:127) common_voice_lt_37037522
LOG (gmm-align-compiled[5.5.1182~1-e02e3]:main():gmm-align-compiled.cc:127) common_voice_lt_37037523
LOG (gmm-align-compiled[5.5.1182~1-e02e3]:main():gmm-align-compiled.cc:127) common_voice_lt_37037524
LOG (gmm-align-compiled[5.5.1182~1-e02e3]:main():gmm-align-compiled.cc:127) common_voice_lt_37037530
LOG (gmm-align-compiled[5.5.1182~1-e02e3]:main():gmm-align-compiled.cc:127) common_voice_lt_37037531
LOG (gmm-align-compiled[5.5.1182~1-e02e3]:main():gmm-align-compiled.cc:127) common_voice_lt_37037532
LOG (gmm-align-compiled[5.5.1182~1-e02e3]:main():gmm-align-compiled.cc:127) common_voice_lt_37037533
LOG (gmm-align-compiled[5.5.1182~1-e02e3]:main():gmm-align-compiled.cc:127) common_voice_lt_37037534
LOG (gmm-align-compiled[5.5.1182~1-e02e3]:main():gmm-align-compiled.cc:127) common_voice_lt_37037542
LOG (gmm-align-compiled[5.5.1182~1-e02e3]:main():gmm-align-compiled.cc:127) common_voice_lt_37037543
LOG (gmm-align-compiled[5.5.1182~1-e02e3]:main():gmm-align-compiled.cc:127) common_voice_lt_37037544
LOG (gmm-align-compiled[5.5.1182~1-e02e3]:main():gmm-align-compiled.cc:127) common_voice_lt_37037545
LOG (gmm-align-compiled[5.5.1182~1-e02e3]:main():gmm-align-compiled.cc:127) common_voice_lt_37037546
LOG (gmm-align-compiled[5.5.1182~1-e02e3]:main():gmm-align-compiled.cc:127) common_voice_lt_37037562
LOG (gmm-align-compiled[5.5.1182~1-e02e3]:main():gmm-align-compiled.cc:127) common_voice_lt_37037563
LOG (gmm-align-compiled[5.5.1182~1-e02e3]:main():gmm-align-compiled.cc:127) common_voice_lt_37037564
LOG (gmm-align-compiled[5.5.1182~1-e02e3]:main():gmm-align-compiled.cc:127) common_voice_lt_37037582
LOG (gmm-align-compiled[5.5.1182~1-e02e3]:main():gmm-align-compiled.cc:127) common_voice_lt_37037583
LOG (gmm-align-compiled[5.5.1182~1-e02e3]:main():gmm-align-compiled.cc:127) common_voice_lt_37037584
LOG (gmm-align-compiled[5.5.1182~1-e02e3]:main():gmm-align-compiled.cc:127) common_voice_lt_37037585
LOG (gmm-align-compiled[5.5.1182~1-e02e3]:main():gmm-align-compiled.cc:127) common_voice_lt_37037586
LOG (gmm-align-compiled[5.5.1182~1-e02e3]:main():gmm-align-compiled.cc:127) common_voice_lt_37037587
LOG (gmm-align-compiled[5.5.1182~1-e02e3]:main():gmm-align-compiled.cc:127) common_voice_lt_37037588
LOG (gmm-align-compiled[5.5.1182~1-e02e3]:main():gmm-align-compiled.cc:127) common_voice_lt_37037589
LOG (gmm-align-compiled[5.5.1182~1-e02e3]:main():gmm-align-compiled.cc:127) common_voice_lt_37037590
LOG (gmm-align-compiled[5.5.1182~1-e02e3]:main():gmm-align-compiled.cc:127) common_voice_lt_37037601
LOG (gmm-align-compiled[5.5.1182~1-e02e3]:main():gmm-align-compiled.cc:127) common_voice_lt_37037602
LOG (gmm-align-compiled[5.5.1182~1-e02e3]:main():gmm-align-compiled.cc:127) common_voice_lt_37037603
LOG (gmm-align-compiled[5.5.1182~1-e02e3]:main():gmm-align-compiled.cc:127) common_voice_lt_37037604
LOG (gmm-align-compiled[5.5.1182~1-e02e3]:main():gmm-align-compiled.cc:127) common_voice_lt_37037605
LOG (gmm-align-compiled[5.5.1182~1-e02e3]:main():gmm-align-compiled.cc:127) common_voice_lt_37037606
LOG (gmm-align-compiled[5.5.1182~1-e02e3]:main():gmm-align-compiled.cc:127) common_voice_lt_37037607
LOG (gmm-align-compiled[5.5.1182~1-e02e3]:main():gmm-align-compiled.cc:127) common_voice_lt_37037608
LOG (gmm-align-compiled[5.5.1182~1-e02e3]:main():gmm-align-compiled.cc:127) common_voice_lt_37037610
LOG (gmm-align-compiled[5.5.1182~1-e02e3]:main():gmm-align-compiled.cc:127) common_voice_lt_37037616
LOG (gmm-align-compiled[5.5.1182~1-e02e3]:main():gmm-align-compiled.cc:127) common_voice_lt_37037623
LOG (gmm-align-compiled[5.5.1182~1-e02e3]:main():gmm-align-compiled.cc:127) common_voice_lt_37037624
LOG (gmm-align-compiled[5.5.1182~1-e02e3]:main():gmm-align-compiled.cc:127) common_voice_lt_37037625
LOG (gmm-align-compiled[5.5.1182~1-e02e3]:main():gmm-align-compiled.cc:127) common_voice_lt_37037626
LOG (gmm-align-compiled[5.5.1182~1-e02e3]:main():gmm-align-compiled.cc:127) common_voice_lt_37037632
LOG (gmm-align-compiled[5.5.1182~1-e02e3]:main():gmm-align-compiled.cc:127) common_voice_lt_37037638
LOG (gmm-align-compiled[5.5.1182~1-e02e3]:main():gmm-align-compiled.cc:127) common_voice_lt_37037640
LOG (gmm-align-compiled[5.5.1182~1-e02e3]:main():gmm-align-compiled.cc:127) common_voice_lt_37037646
LOG (gmm-align-compiled[5.5.1182~1-e02e3]:main():gmm-align-compiled.cc:127) common_voice_lt_37037647
LOG (gmm-align-compiled[5.5.1182~1-e02e3]:main():gmm-align-compiled.cc:127) common_voice_lt_37037648
LOG (gmm-align-compiled[5.5.1182~1-e02e3]:main():gmm-align-compiled.cc:127) common_voice_lt_37037649
LOG (gmm-align-compiled[5.5.1182~1-e02e3]:main():gmm-align-compiled.cc:127) common_voice_lt_37037650
LOG (gmm-align-compiled[5.5.1182~1-e02e3]:main():gmm-align-compiled.cc:127) common_voice_lt_37037656
LOG (gmm-align-compiled[5.5.1182~1-e02e3]:main():gmm-align-compiled.cc:127) common_voice_lt_37037657
LOG (gmm-align-compiled[5.5.1182~1-e02e3]:main():gmm-align-compiled.cc:127) common_voice_lt_37037658
LOG (gmm-align-compiled[5.5.1182~1-e02e3]:main():gmm-align-compiled.cc:127) common_voice_lt_37037659
LOG (gmm-align-compiled[5.5.1182~1-e02e3]:main():gmm-align-compiled.cc:127) common_voice_lt_37037666
LOG (gmm-align-compiled[5.5.1182~1-e02e3]:main():gmm-align-compiled.cc:127) common_voice_lt_37037667
LOG (gmm-align-compiled[5.5.1182~1-e02e3]:main():gmm-align-compiled.cc:127) common_voice_lt_37037668
LOG (gmm-align-compiled[5.5.1182~1-e02e3]:main():gmm-align-compiled.cc:127) common_voice_lt_37037669
LOG (gmm-align-compiled[5.5.1182~1-e02e3]:main():gmm-align-compiled.cc:127) common_voice_lt_37037670
LOG (gmm-align-compiled[5.5.1182~1-e02e3]:main():gmm-align-compiled.cc:127) common_voice_lt_37037671
LOG (gmm-align-compiled[5.5.1182~1-e02e3]:main():gmm-align-compiled.cc:127) common_voice_lt_37037672
LOG (gmm-align-compiled[5.5.1182~1-e02e3]:main():gmm-align-compiled.cc:127) common_voice_lt_37037673
LOG (gmm-align-compiled[5.5.1182~1-e02e3]:main():gmm-align-compiled.cc:127) common_voice_lt_37037674
LOG (gmm-align-compiled[5.5.1182~1-e02e3]:main():gmm-align-compiled.cc:127) common_voice_lt_37037675
LOG (gmm-align-compiled[5.5.1182~1-e02e3]:main():gmm-align-compiled.cc:127) common_voice_lt_37037681
LOG (gmm-align-compiled[5.5.1182~1-e02e3]:main():gmm-align-compiled.cc:127) common_voice_lt_37037687
LOG (gmm-align-compiled[5.5.1182~1-e02e3]:main():gmm-align-compiled.cc:127) common_voice_lt_37037688
LOG (gmm-align-compiled[5.5.1182~1-e02e3]:main():gmm-align-compiled.cc:127) common_voice_lt_37037689
LOG (gmm-align-compiled[5.5.1182~1-e02e3]:main():gmm-align-compiled.cc:127) common_voice_lt_37037690
LOG (gmm-align-compiled[5.5.1182~1-e02e3]:main():gmm-align-compiled.cc:127) common_voice_lt_37037691
LOG (gmm-align-compiled[5.5.1182~1-e02e3]:main():gmm-align-compiled.cc:127) common_voice_lt_37044773
LOG (gmm-align-compiled[5.5.1182~1-e02e3]:main():gmm-align-compiled.cc:127) common_voice_lt_37044774
LOG (gmm-align-compiled[5.5.1182~1-e02e3]:main():gmm-align-compiled.cc:127) common_voice_lt_37044775
LOG (gmm-align-compiled[5.5.1182~1-e02e3]:main():gmm-align-compiled.cc:127) common_voice_lt_37044776
LOG (gmm-align-compiled[5.5.1182~1-e02e3]:main():gmm-align-compiled.cc:127) common_voice_lt_37044777
LOG (gmm-align-compiled[5.5.1182~1-e02e3]:main():gmm-align-compiled.cc:127) common_voice_lt_37044783
LOG (gmm-align-compiled[5.5.1182~1-e02e3]:main():gmm-align-compiled.cc:127) common_voice_lt_37044784
LOG (gmm-align-compiled[5.5.1182~1-e02e3]:main():gmm-align-compiled.cc:127) common_voice_lt_37044785
LOG (gmm-align-compiled[5.5.1182~1-e02e3]:main():gmm-align-compiled.cc:127) common_voice_lt_37044786
LOG (gmm-align-compiled[5.5.1182~1-e02e3]:main():gmm-align-compiled.cc:127) common_voice_lt_37044787
LOG (gmm-align-compiled[5.5.1182~1-e02e3]:main():gmm-align-compiled.cc:127) common_voice_lt_37044798
LOG (gmm-align-compiled[5.5.1182~1-e02e3]:main():gmm-align-compiled.cc:127) common_voice_lt_37044800
LOG (gmm-align-compiled[5.5.1182~1-e02e3]:main():gmm-align-compiled.cc:127) common_voice_lt_37044802
LOG (gmm-align-compiled[5.5.1182~1-e02e3]:main():gmm-align-compiled.cc:127) common_voice_lt_37044805
LOG (gmm-align-compiled[5.5.1182~1-e02e3]:main():gmm-align-compiled.cc:127) common_voice_lt_37044807
LOG (gmm-align-compiled[5.5.1182~1-e02e3]:main():gmm-align-compiled.cc:127) common_voice_lt_37044823
LOG (gmm-align-compiled[5.5.1182~1-e02e3]:main():gmm-align-compiled.cc:127) common_voice_lt_37044824
LOG (gmm-align-compiled[5.5.1182~1-e02e3]:main():gmm-align-compiled.cc:127) common_voice_lt_37044825
LOG (gmm-align-compiled[5.5.1182~1-e02e3]:main():gmm-align-compiled.cc:127) common_voice_lt_37044826
LOG (compile-train-graphs[5.5.1182~1-e02e3]:main():compile-train-graphs.cc:147) compile-train-graphs: succeeded for 604 graphs, failed for 0
LOG (apply-cmvn[5.5.1182~1-e02e3]:main():apply-cmvn.cc:162) Applied cepstral mean normalization to 604 utterances, errors on 0
LOG (gmm-align-compiled[5.5.1182~1-e02e3]:main():gmm-align-compiled.cc:127) common_voice_lt_37044827
LOG (gmm-align-compiled[5.5.1182~1-e02e3]:main():gmm-align-compiled.cc:127) common_voice_lt_37044828
LOG (gmm-align-compiled[5.5.1182~1-e02e3]:main():gmm-align-compiled.cc:127) common_voice_lt_37044829
LOG (gmm-align-compiled[5.5.1182~1-e02e3]:main():gmm-align-compiled.cc:127) common_voice_lt_37044835
LOG (gmm-align-compiled[5.5.1182~1-e02e3]:main():gmm-align-compiled.cc:127) common_voice_lt_37044836
LOG (gmm-align-compiled[5.5.1182~1-e02e3]:main():gmm-align-compiled.cc:135) Overall log-likelihood per frame is -103.553 over 305755 frames.
LOG (gmm-align-compiled[5.5.1182~1-e02e3]:main():gmm-align-compiled.cc:137) Retried 0 out of 604 utterances.
LOG (gmm-align-compiled[5.5.1182~1-e02e3]:main():gmm-align-compiled.cc:139) Done 604, errors on 0
# Accounting: time=4 threads=1
# Ended (code 0) at Wed Jan 14 11:38:06 EET 2026, elapsed time 4 seconds
