# compile-train-graphs --read-disambig-syms=data/lang/phones/disambig.int exp/mono_ali/tree exp/mono_ali/final.mdl data/lang/L.fst "ark:utils/sym2int.pl --map-oov 2 -f 2- data/lang/words.txt data/train/split15/6/text|" ark:- | gmm-align-compiled --transition-scale=1.0 --acoustic-scale=0.1 --self-loop-scale=0.1 --beam=10 --retry-beam=40 --careful=false "gmm-boost-silence --boost=1.0 1 exp/mono_ali/final.mdl - |" ark:- "ark,s,cs:apply-cmvn  --utt2spk=ark:data/train/split15/6/utt2spk scp:data/train/split15/6/cmvn.scp scp:data/train/split15/6/feats.scp ark:- | add-deltas  ark:- ark:- |" "ark,t:|gzip -c >exp/mono_ali/ali.6.gz" 
# Started at Wed Jan 14 11:38:02 EET 2026
#
compile-train-graphs --read-disambig-syms=data/lang/phones/disambig.int exp/mono_ali/tree exp/mono_ali/final.mdl data/lang/L.fst 'ark:utils/sym2int.pl --map-oov 2 -f 2- data/lang/words.txt data/train/split15/6/text|' ark:- 
gmm-align-compiled --transition-scale=1.0 --acoustic-scale=0.1 --self-loop-scale=0.1 --beam=10 --retry-beam=40 --careful=false 'gmm-boost-silence --boost=1.0 1 exp/mono_ali/final.mdl - |' ark:- 'ark,s,cs:apply-cmvn  --utt2spk=ark:data/train/split15/6/utt2spk scp:data/train/split15/6/cmvn.scp scp:data/train/split15/6/feats.scp ark:- | add-deltas  ark:- ark:- |' 'ark,t:|gzip -c >exp/mono_ali/ali.6.gz' 
gmm-boost-silence --boost=1.0 1 exp/mono_ali/final.mdl - 
WARNING (gmm-boost-silence[5.5.1182~1-e02e3]:main():gmm-boost-silence.cc:82) The pdfs for the silence phones may be shared by other phones (note: this probably does not matter.)
LOG (gmm-boost-silence[5.5.1182~1-e02e3]:main():gmm-boost-silence.cc:93) Boosted weights for 5 pdfs, by factor of 1
LOG (gmm-boost-silence[5.5.1182~1-e02e3]:main():gmm-boost-silence.cc:103) Wrote model to -
apply-cmvn --utt2spk=ark:data/train/split15/6/utt2spk scp:data/train/split15/6/cmvn.scp scp:data/train/split15/6/feats.scp ark:- 
add-deltas ark:- ark:- 
LOG (gmm-align-compiled[5.5.1182~1-e02e3]:main():gmm-align-compiled.cc:127) common_voice_lt_25160354
LOG (gmm-align-compiled[5.5.1182~1-e02e3]:main():gmm-align-compiled.cc:127) common_voice_lt_25160355
LOG (gmm-align-compiled[5.5.1182~1-e02e3]:main():gmm-align-compiled.cc:127) common_voice_lt_25160356
LOG (gmm-align-compiled[5.5.1182~1-e02e3]:main():gmm-align-compiled.cc:127) common_voice_lt_25160362
LOG (gmm-align-compiled[5.5.1182~1-e02e3]:main():gmm-align-compiled.cc:127) common_voice_lt_25160363
LOG (gmm-align-compiled[5.5.1182~1-e02e3]:main():gmm-align-compiled.cc:127) common_voice_lt_25160364
LOG (gmm-align-compiled[5.5.1182~1-e02e3]:main():gmm-align-compiled.cc:127) common_voice_lt_25160365
LOG (gmm-align-compiled[5.5.1182~1-e02e3]:main():gmm-align-compiled.cc:127) common_voice_lt_25160366
LOG (gmm-align-compiled[5.5.1182~1-e02e3]:main():gmm-align-compiled.cc:127) common_voice_lt_25160367
LOG (gmm-align-compiled[5.5.1182~1-e02e3]:main():gmm-align-compiled.cc:127) common_voice_lt_25160368
LOG (gmm-align-compiled[5.5.1182~1-e02e3]:main():gmm-align-compiled.cc:127) common_voice_lt_25160369
LOG (gmm-align-compiled[5.5.1182~1-e02e3]:main():gmm-align-compiled.cc:127) common_voice_lt_25160370
LOG (gmm-align-compiled[5.5.1182~1-e02e3]:main():gmm-align-compiled.cc:127) common_voice_lt_25160371
LOG (gmm-align-compiled[5.5.1182~1-e02e3]:main():gmm-align-compiled.cc:127) common_voice_lt_25160377
LOG (gmm-align-compiled[5.5.1182~1-e02e3]:main():gmm-align-compiled.cc:127) common_voice_lt_25160378
LOG (gmm-align-compiled[5.5.1182~1-e02e3]:main():gmm-align-compiled.cc:127) common_voice_lt_25160379
LOG (gmm-align-compiled[5.5.1182~1-e02e3]:main():gmm-align-compiled.cc:127) common_voice_lt_25160380
LOG (gmm-align-compiled[5.5.1182~1-e02e3]:main():gmm-align-compiled.cc:127) common_voice_lt_25160381
LOG (gmm-align-compiled[5.5.1182~1-e02e3]:main():gmm-align-compiled.cc:127) common_voice_lt_25160382
LOG (gmm-align-compiled[5.5.1182~1-e02e3]:main():gmm-align-compiled.cc:127) common_voice_lt_25160383
LOG (gmm-align-compiled[5.5.1182~1-e02e3]:main():gmm-align-compiled.cc:127) common_voice_lt_25160384
LOG (gmm-align-compiled[5.5.1182~1-e02e3]:main():gmm-align-compiled.cc:127) common_voice_lt_25160385
LOG (gmm-align-compiled[5.5.1182~1-e02e3]:main():gmm-align-compiled.cc:127) common_voice_lt_25160386
LOG (gmm-align-compiled[5.5.1182~1-e02e3]:main():gmm-align-compiled.cc:127) common_voice_lt_25160392
LOG (gmm-align-compiled[5.5.1182~1-e02e3]:main():gmm-align-compiled.cc:127) common_voice_lt_25160393
LOG (gmm-align-compiled[5.5.1182~1-e02e3]:main():gmm-align-compiled.cc:127) common_voice_lt_25160394
LOG (gmm-align-compiled[5.5.1182~1-e02e3]:main():gmm-align-compiled.cc:127) common_voice_lt_25160395
LOG (gmm-align-compiled[5.5.1182~1-e02e3]:main():gmm-align-compiled.cc:127) common_voice_lt_25160396
LOG (gmm-align-compiled[5.5.1182~1-e02e3]:main():gmm-align-compiled.cc:127) common_voice_lt_25160402
LOG (gmm-align-compiled[5.5.1182~1-e02e3]:main():gmm-align-compiled.cc:127) common_voice_lt_25160403
LOG (gmm-align-compiled[5.5.1182~1-e02e3]:main():gmm-align-compiled.cc:127) common_voice_lt_25160404
LOG (gmm-align-compiled[5.5.1182~1-e02e3]:main():gmm-align-compiled.cc:127) common_voice_lt_25160405
LOG (gmm-align-compiled[5.5.1182~1-e02e3]:main():gmm-align-compiled.cc:127) common_voice_lt_25160406
LOG (gmm-align-compiled[5.5.1182~1-e02e3]:main():gmm-align-compiled.cc:127) common_voice_lt_25160408
LOG (gmm-align-compiled[5.5.1182~1-e02e3]:main():gmm-align-compiled.cc:127) common_voice_lt_25160409
LOG (gmm-align-compiled[5.5.1182~1-e02e3]:main():gmm-align-compiled.cc:127) common_voice_lt_25160410
LOG (gmm-align-compiled[5.5.1182~1-e02e3]:main():gmm-align-compiled.cc:127) common_voice_lt_25160411
LOG (gmm-align-compiled[5.5.1182~1-e02e3]:main():gmm-align-compiled.cc:127) common_voice_lt_25160421
LOG (gmm-align-compiled[5.5.1182~1-e02e3]:main():gmm-align-compiled.cc:127) common_voice_lt_25160422
LOG (gmm-align-compiled[5.5.1182~1-e02e3]:main():gmm-align-compiled.cc:127) common_voice_lt_25160423
LOG (gmm-align-compiled[5.5.1182~1-e02e3]:main():gmm-align-compiled.cc:127) common_voice_lt_25160425
LOG (gmm-align-compiled[5.5.1182~1-e02e3]:main():gmm-align-compiled.cc:127) common_voice_lt_25160426
LOG (gmm-align-compiled[5.5.1182~1-e02e3]:main():gmm-align-compiled.cc:127) common_voice_lt_25160427
LOG (gmm-align-compiled[5.5.1182~1-e02e3]:main():gmm-align-compiled.cc:127) common_voice_lt_25160428
LOG (gmm-align-compiled[5.5.1182~1-e02e3]:main():gmm-align-compiled.cc:127) common_voice_lt_25160429
LOG (gmm-align-compiled[5.5.1182~1-e02e3]:main():gmm-align-compiled.cc:127) common_voice_lt_25160430
LOG (gmm-align-compiled[5.5.1182~1-e02e3]:main():gmm-align-compiled.cc:127) common_voice_lt_25160436
LOG (gmm-align-compiled[5.5.1182~1-e02e3]:main():gmm-align-compiled.cc:127) common_voice_lt_25160437
LOG (gmm-align-compiled[5.5.1182~1-e02e3]:main():gmm-align-compiled.cc:127) common_voice_lt_25160438
LOG (gmm-align-compiled[5.5.1182~1-e02e3]:main():gmm-align-compiled.cc:127) common_voice_lt_25160439
LOG (gmm-align-compiled[5.5.1182~1-e02e3]:main():gmm-align-compiled.cc:127) common_voice_lt_25160440
LOG (gmm-align-compiled[5.5.1182~1-e02e3]:main():gmm-align-compiled.cc:127) common_voice_lt_25160446
LOG (gmm-align-compiled[5.5.1182~1-e02e3]:main():gmm-align-compiled.cc:127) common_voice_lt_25160447
LOG (gmm-align-compiled[5.5.1182~1-e02e3]:main():gmm-align-compiled.cc:127) common_voice_lt_25160448
LOG (gmm-align-compiled[5.5.1182~1-e02e3]:main():gmm-align-compiled.cc:127) common_voice_lt_25160449
LOG (gmm-align-compiled[5.5.1182~1-e02e3]:main():gmm-align-compiled.cc:127) common_voice_lt_25160450
LOG (gmm-align-compiled[5.5.1182~1-e02e3]:main():gmm-align-compiled.cc:127) common_voice_lt_25160461
LOG (gmm-align-compiled[5.5.1182~1-e02e3]:main():gmm-align-compiled.cc:127) common_voice_lt_25160462
LOG (gmm-align-compiled[5.5.1182~1-e02e3]:main():gmm-align-compiled.cc:127) common_voice_lt_25160463
LOG (gmm-align-compiled[5.5.1182~1-e02e3]:main():gmm-align-compiled.cc:127) common_voice_lt_25160464
LOG (gmm-align-compiled[5.5.1182~1-e02e3]:main():gmm-align-compiled.cc:127) common_voice_lt_25160465
LOG (gmm-align-compiled[5.5.1182~1-e02e3]:main():gmm-align-compiled.cc:127) common_voice_lt_25160471
LOG (gmm-align-compiled[5.5.1182~1-e02e3]:main():gmm-align-compiled.cc:127) common_voice_lt_25160472
LOG (gmm-align-compiled[5.5.1182~1-e02e3]:main():gmm-align-compiled.cc:127) common_voice_lt_25160473
LOG (gmm-align-compiled[5.5.1182~1-e02e3]:main():gmm-align-compiled.cc:127) common_voice_lt_25160475
LOG (gmm-align-compiled[5.5.1182~1-e02e3]:main():gmm-align-compiled.cc:127) common_voice_lt_25160486
LOG (gmm-align-compiled[5.5.1182~1-e02e3]:main():gmm-align-compiled.cc:127) common_voice_lt_25160487
LOG (gmm-align-compiled[5.5.1182~1-e02e3]:main():gmm-align-compiled.cc:127) common_voice_lt_25160488
LOG (gmm-align-compiled[5.5.1182~1-e02e3]:main():gmm-align-compiled.cc:127) common_voice_lt_25160489
LOG (gmm-align-compiled[5.5.1182~1-e02e3]:main():gmm-align-compiled.cc:127) common_voice_lt_25160490
LOG (gmm-align-compiled[5.5.1182~1-e02e3]:main():gmm-align-compiled.cc:127) common_voice_lt_25160547
LOG (gmm-align-compiled[5.5.1182~1-e02e3]:main():gmm-align-compiled.cc:127) common_voice_lt_25160548
LOG (gmm-align-compiled[5.5.1182~1-e02e3]:main():gmm-align-compiled.cc:127) common_voice_lt_25160549
LOG (gmm-align-compiled[5.5.1182~1-e02e3]:main():gmm-align-compiled.cc:127) common_voice_lt_25160550
LOG (gmm-align-compiled[5.5.1182~1-e02e3]:main():gmm-align-compiled.cc:127) common_voice_lt_25160551
LOG (gmm-align-compiled[5.5.1182~1-e02e3]:main():gmm-align-compiled.cc:127) common_voice_lt_25160557
LOG (gmm-align-compiled[5.5.1182~1-e02e3]:main():gmm-align-compiled.cc:127) common_voice_lt_25160558
LOG (gmm-align-compiled[5.5.1182~1-e02e3]:main():gmm-align-compiled.cc:127) common_voice_lt_25160559
LOG (gmm-align-compiled[5.5.1182~1-e02e3]:main():gmm-align-compiled.cc:127) common_voice_lt_25160560
LOG (gmm-align-compiled[5.5.1182~1-e02e3]:main():gmm-align-compiled.cc:127) common_voice_lt_25160561
LOG (gmm-align-compiled[5.5.1182~1-e02e3]:main():gmm-align-compiled.cc:127) common_voice_lt_25160568
LOG (gmm-align-compiled[5.5.1182~1-e02e3]:main():gmm-align-compiled.cc:127) common_voice_lt_25160569
LOG (gmm-align-compiled[5.5.1182~1-e02e3]:main():gmm-align-compiled.cc:127) common_voice_lt_25160570
LOG (gmm-align-compiled[5.5.1182~1-e02e3]:main():gmm-align-compiled.cc:127) common_voice_lt_25160571
LOG (gmm-align-compiled[5.5.1182~1-e02e3]:main():gmm-align-compiled.cc:127) common_voice_lt_25160573
LOG (gmm-align-compiled[5.5.1182~1-e02e3]:main():gmm-align-compiled.cc:127) common_voice_lt_25160577
LOG (gmm-align-compiled[5.5.1182~1-e02e3]:main():gmm-align-compiled.cc:127) common_voice_lt_25160578
LOG (gmm-align-compiled[5.5.1182~1-e02e3]:main():gmm-align-compiled.cc:127) common_voice_lt_25160579
LOG (gmm-align-compiled[5.5.1182~1-e02e3]:main():gmm-align-compiled.cc:127) common_voice_lt_25160580
LOG (gmm-align-compiled[5.5.1182~1-e02e3]:main():gmm-align-compiled.cc:127) common_voice_lt_25160581
LOG (gmm-align-compiled[5.5.1182~1-e02e3]:main():gmm-align-compiled.cc:127) common_voice_lt_25160587
LOG (gmm-align-compiled[5.5.1182~1-e02e3]:main():gmm-align-compiled.cc:127) common_voice_lt_25160588
LOG (gmm-align-compiled[5.5.1182~1-e02e3]:main():gmm-align-compiled.cc:127) common_voice_lt_25160590
LOG (gmm-align-compiled[5.5.1182~1-e02e3]:main():gmm-align-compiled.cc:127) common_voice_lt_25160592
LOG (gmm-align-compiled[5.5.1182~1-e02e3]:main():gmm-align-compiled.cc:127) common_voice_lt_25160594
LOG (gmm-align-compiled[5.5.1182~1-e02e3]:main():gmm-align-compiled.cc:127) common_voice_lt_25160597
LOG (gmm-align-compiled[5.5.1182~1-e02e3]:main():gmm-align-compiled.cc:127) common_voice_lt_25160598
LOG (gmm-align-compiled[5.5.1182~1-e02e3]:main():gmm-align-compiled.cc:127) common_voice_lt_25160599
LOG (gmm-align-compiled[5.5.1182~1-e02e3]:main():gmm-align-compiled.cc:127) common_voice_lt_25160600
LOG (gmm-align-compiled[5.5.1182~1-e02e3]:main():gmm-align-compiled.cc:127) common_voice_lt_25160601
LOG (gmm-align-compiled[5.5.1182~1-e02e3]:main():gmm-align-compiled.cc:127) common_voice_lt_25160607
LOG (gmm-align-compiled[5.5.1182~1-e02e3]:main():gmm-align-compiled.cc:127) common_voice_lt_25160608
LOG (gmm-align-compiled[5.5.1182~1-e02e3]:main():gmm-align-compiled.cc:127) common_voice_lt_25160610
LOG (gmm-align-compiled[5.5.1182~1-e02e3]:main():gmm-align-compiled.cc:127) common_voice_lt_25160611
LOG (gmm-align-compiled[5.5.1182~1-e02e3]:main():gmm-align-compiled.cc:127) common_voice_lt_25160622
LOG (gmm-align-compiled[5.5.1182~1-e02e3]:main():gmm-align-compiled.cc:127) common_voice_lt_25160623
LOG (gmm-align-compiled[5.5.1182~1-e02e3]:main():gmm-align-compiled.cc:127) common_voice_lt_25160624
LOG (gmm-align-compiled[5.5.1182~1-e02e3]:main():gmm-align-compiled.cc:127) common_voice_lt_25160625
LOG (gmm-align-compiled[5.5.1182~1-e02e3]:main():gmm-align-compiled.cc:127) common_voice_lt_25160627
LOG (gmm-align-compiled[5.5.1182~1-e02e3]:main():gmm-align-compiled.cc:127) common_voice_lt_25160634
LOG (gmm-align-compiled[5.5.1182~1-e02e3]:main():gmm-align-compiled.cc:127) common_voice_lt_25160635
LOG (gmm-align-compiled[5.5.1182~1-e02e3]:main():gmm-align-compiled.cc:127) common_voice_lt_25160636
LOG (gmm-align-compiled[5.5.1182~1-e02e3]:main():gmm-align-compiled.cc:127) common_voice_lt_25160637
LOG (gmm-align-compiled[5.5.1182~1-e02e3]:main():gmm-align-compiled.cc:127) common_voice_lt_25160638
LOG (gmm-align-compiled[5.5.1182~1-e02e3]:main():gmm-align-compiled.cc:127) common_voice_lt_25160639
LOG (gmm-align-compiled[5.5.1182~1-e02e3]:main():gmm-align-compiled.cc:127) common_voice_lt_25160640
LOG (gmm-align-compiled[5.5.1182~1-e02e3]:main():gmm-align-compiled.cc:127) common_voice_lt_25160641
LOG (gmm-align-compiled[5.5.1182~1-e02e3]:main():gmm-align-compiled.cc:127) common_voice_lt_25160642
LOG (gmm-align-compiled[5.5.1182~1-e02e3]:main():gmm-align-compiled.cc:127) common_voice_lt_25160643
LOG (gmm-align-compiled[5.5.1182~1-e02e3]:main():gmm-align-compiled.cc:127) common_voice_lt_25160659
LOG (gmm-align-compiled[5.5.1182~1-e02e3]:main():gmm-align-compiled.cc:127) common_voice_lt_25160660
LOG (gmm-align-compiled[5.5.1182~1-e02e3]:main():gmm-align-compiled.cc:127) common_voice_lt_25160661
LOG (gmm-align-compiled[5.5.1182~1-e02e3]:main():gmm-align-compiled.cc:127) common_voice_lt_25160662
LOG (gmm-align-compiled[5.5.1182~1-e02e3]:main():gmm-align-compiled.cc:127) common_voice_lt_25160663
LOG (gmm-align-compiled[5.5.1182~1-e02e3]:main():gmm-align-compiled.cc:127) common_voice_lt_25160669
LOG (gmm-align-compiled[5.5.1182~1-e02e3]:main():gmm-align-compiled.cc:127) common_voice_lt_25160670
LOG (gmm-align-compiled[5.5.1182~1-e02e3]:main():gmm-align-compiled.cc:127) common_voice_lt_25160671
LOG (gmm-align-compiled[5.5.1182~1-e02e3]:main():gmm-align-compiled.cc:127) common_voice_lt_25160672
LOG (gmm-align-compiled[5.5.1182~1-e02e3]:main():gmm-align-compiled.cc:127) common_voice_lt_25160674
LOG (gmm-align-compiled[5.5.1182~1-e02e3]:main():gmm-align-compiled.cc:127) common_voice_lt_25160866
LOG (gmm-align-compiled[5.5.1182~1-e02e3]:main():gmm-align-compiled.cc:127) common_voice_lt_25160869
LOG (gmm-align-compiled[5.5.1182~1-e02e3]:main():gmm-align-compiled.cc:127) common_voice_lt_25160871
LOG (gmm-align-compiled[5.5.1182~1-e02e3]:main():gmm-align-compiled.cc:127) common_voice_lt_25160872
LOG (gmm-align-compiled[5.5.1182~1-e02e3]:main():gmm-align-compiled.cc:127) common_voice_lt_25160874
LOG (gmm-align-compiled[5.5.1182~1-e02e3]:main():gmm-align-compiled.cc:127) common_voice_lt_25160884
LOG (gmm-align-compiled[5.5.1182~1-e02e3]:main():gmm-align-compiled.cc:127) common_voice_lt_25160885
LOG (gmm-align-compiled[5.5.1182~1-e02e3]:main():gmm-align-compiled.cc:127) common_voice_lt_25160886
LOG (gmm-align-compiled[5.5.1182~1-e02e3]:main():gmm-align-compiled.cc:127) common_voice_lt_25160887
LOG (gmm-align-compiled[5.5.1182~1-e02e3]:main():gmm-align-compiled.cc:127) common_voice_lt_25160888
LOG (gmm-align-compiled[5.5.1182~1-e02e3]:main():gmm-align-compiled.cc:127) common_voice_lt_25160903
LOG (gmm-align-compiled[5.5.1182~1-e02e3]:main():gmm-align-compiled.cc:127) common_voice_lt_25160904
LOG (gmm-align-compiled[5.5.1182~1-e02e3]:main():gmm-align-compiled.cc:127) common_voice_lt_25160905
LOG (gmm-align-compiled[5.5.1182~1-e02e3]:main():gmm-align-compiled.cc:127) common_voice_lt_25160906
LOG (gmm-align-compiled[5.5.1182~1-e02e3]:main():gmm-align-compiled.cc:127) common_voice_lt_25160907
LOG (gmm-align-compiled[5.5.1182~1-e02e3]:main():gmm-align-compiled.cc:127) common_voice_lt_25160925
LOG (gmm-align-compiled[5.5.1182~1-e02e3]:main():gmm-align-compiled.cc:127) common_voice_lt_25160928
LOG (gmm-align-compiled[5.5.1182~1-e02e3]:main():gmm-align-compiled.cc:127) common_voice_lt_25160930
LOG (gmm-align-compiled[5.5.1182~1-e02e3]:main():gmm-align-compiled.cc:127) common_voice_lt_25160978
LOG (gmm-align-compiled[5.5.1182~1-e02e3]:main():gmm-align-compiled.cc:127) common_voice_lt_25160979
LOG (gmm-align-compiled[5.5.1182~1-e02e3]:main():gmm-align-compiled.cc:127) common_voice_lt_25160980
LOG (gmm-align-compiled[5.5.1182~1-e02e3]:main():gmm-align-compiled.cc:127) common_voice_lt_25160982
LOG (gmm-align-compiled[5.5.1182~1-e02e3]:main():gmm-align-compiled.cc:127) common_voice_lt_25160984
LOG (gmm-align-compiled[5.5.1182~1-e02e3]:main():gmm-align-compiled.cc:127) common_voice_lt_25160997
LOG (gmm-align-compiled[5.5.1182~1-e02e3]:main():gmm-align-compiled.cc:127) common_voice_lt_25160998
LOG (gmm-align-compiled[5.5.1182~1-e02e3]:main():gmm-align-compiled.cc:127) common_voice_lt_25160999
LOG (gmm-align-compiled[5.5.1182~1-e02e3]:main():gmm-align-compiled.cc:127) common_voice_lt_25161000
LOG (gmm-align-compiled[5.5.1182~1-e02e3]:main():gmm-align-compiled.cc:127) common_voice_lt_25161001
LOG (gmm-align-compiled[5.5.1182~1-e02e3]:main():gmm-align-compiled.cc:127) common_voice_lt_25161007
LOG (gmm-align-compiled[5.5.1182~1-e02e3]:main():gmm-align-compiled.cc:127) common_voice_lt_25161008
LOG (gmm-align-compiled[5.5.1182~1-e02e3]:main():gmm-align-compiled.cc:127) common_voice_lt_25161009
LOG (gmm-align-compiled[5.5.1182~1-e02e3]:main():gmm-align-compiled.cc:127) common_voice_lt_25161010
LOG (gmm-align-compiled[5.5.1182~1-e02e3]:main():gmm-align-compiled.cc:127) common_voice_lt_25161011
LOG (gmm-align-compiled[5.5.1182~1-e02e3]:main():gmm-align-compiled.cc:127) common_voice_lt_25161017
LOG (gmm-align-compiled[5.5.1182~1-e02e3]:main():gmm-align-compiled.cc:127) common_voice_lt_25161018
LOG (gmm-align-compiled[5.5.1182~1-e02e3]:main():gmm-align-compiled.cc:127) common_voice_lt_25161019
LOG (gmm-align-compiled[5.5.1182~1-e02e3]:main():gmm-align-compiled.cc:127) common_voice_lt_25161020
LOG (gmm-align-compiled[5.5.1182~1-e02e3]:main():gmm-align-compiled.cc:127) common_voice_lt_25161021
LOG (gmm-align-compiled[5.5.1182~1-e02e3]:main():gmm-align-compiled.cc:127) common_voice_lt_25161022
LOG (gmm-align-compiled[5.5.1182~1-e02e3]:main():gmm-align-compiled.cc:127) common_voice_lt_25161023
LOG (gmm-align-compiled[5.5.1182~1-e02e3]:main():gmm-align-compiled.cc:127) common_voice_lt_25161024
LOG (gmm-align-compiled[5.5.1182~1-e02e3]:main():gmm-align-compiled.cc:127) common_voice_lt_25161025
LOG (gmm-align-compiled[5.5.1182~1-e02e3]:main():gmm-align-compiled.cc:127) common_voice_lt_25161026
LOG (gmm-align-compiled[5.5.1182~1-e02e3]:main():gmm-align-compiled.cc:127) common_voice_lt_25161027
LOG (gmm-align-compiled[5.5.1182~1-e02e3]:main():gmm-align-compiled.cc:127) common_voice_lt_25161028
LOG (gmm-align-compiled[5.5.1182~1-e02e3]:main():gmm-align-compiled.cc:127) common_voice_lt_25161029
LOG (gmm-align-compiled[5.5.1182~1-e02e3]:main():gmm-align-compiled.cc:127) common_voice_lt_25161030
LOG (gmm-align-compiled[5.5.1182~1-e02e3]:main():gmm-align-compiled.cc:127) common_voice_lt_25161031
LOG (gmm-align-compiled[5.5.1182~1-e02e3]:main():gmm-align-compiled.cc:127) common_voice_lt_25161037
LOG (gmm-align-compiled[5.5.1182~1-e02e3]:main():gmm-align-compiled.cc:127) common_voice_lt_25161038
LOG (gmm-align-compiled[5.5.1182~1-e02e3]:main():gmm-align-compiled.cc:127) common_voice_lt_25161040
LOG (gmm-align-compiled[5.5.1182~1-e02e3]:main():gmm-align-compiled.cc:127) common_voice_lt_25161041
LOG (gmm-align-compiled[5.5.1182~1-e02e3]:main():gmm-align-compiled.cc:127) common_voice_lt_25161045
LOG (gmm-align-compiled[5.5.1182~1-e02e3]:main():gmm-align-compiled.cc:127) common_voice_lt_25161046
LOG (gmm-align-compiled[5.5.1182~1-e02e3]:main():gmm-align-compiled.cc:127) common_voice_lt_25161049
LOG (gmm-align-compiled[5.5.1182~1-e02e3]:main():gmm-align-compiled.cc:127) common_voice_lt_25161050
LOG (gmm-align-compiled[5.5.1182~1-e02e3]:main():gmm-align-compiled.cc:127) common_voice_lt_25161052
LOG (gmm-align-compiled[5.5.1182~1-e02e3]:main():gmm-align-compiled.cc:127) common_voice_lt_25161053
LOG (gmm-align-compiled[5.5.1182~1-e02e3]:main():gmm-align-compiled.cc:127) common_voice_lt_25161054
LOG (gmm-align-compiled[5.5.1182~1-e02e3]:main():gmm-align-compiled.cc:127) common_voice_lt_25161057
LOG (gmm-align-compiled[5.5.1182~1-e02e3]:main():gmm-align-compiled.cc:127) common_voice_lt_25161098
LOG (gmm-align-compiled[5.5.1182~1-e02e3]:main():gmm-align-compiled.cc:127) common_voice_lt_25161102
LOG (gmm-align-compiled[5.5.1182~1-e02e3]:main():gmm-align-compiled.cc:127) common_voice_lt_25161104
LOG (gmm-align-compiled[5.5.1182~1-e02e3]:main():gmm-align-compiled.cc:127) common_voice_lt_25161105
LOG (gmm-align-compiled[5.5.1182~1-e02e3]:main():gmm-align-compiled.cc:127) common_voice_lt_25161146
LOG (gmm-align-compiled[5.5.1182~1-e02e3]:main():gmm-align-compiled.cc:127) common_voice_lt_25161147
LOG (gmm-align-compiled[5.5.1182~1-e02e3]:main():gmm-align-compiled.cc:127) common_voice_lt_25161148
LOG (gmm-align-compiled[5.5.1182~1-e02e3]:main():gmm-align-compiled.cc:127) common_voice_lt_25161149
LOG (gmm-align-compiled[5.5.1182~1-e02e3]:main():gmm-align-compiled.cc:127) common_voice_lt_25161150
LOG (gmm-align-compiled[5.5.1182~1-e02e3]:main():gmm-align-compiled.cc:127) common_voice_lt_25161189
LOG (gmm-align-compiled[5.5.1182~1-e02e3]:main():gmm-align-compiled.cc:127) common_voice_lt_25161190
LOG (gmm-align-compiled[5.5.1182~1-e02e3]:main():gmm-align-compiled.cc:127) common_voice_lt_25161191
LOG (gmm-align-compiled[5.5.1182~1-e02e3]:main():gmm-align-compiled.cc:127) common_voice_lt_25161192
LOG (gmm-align-compiled[5.5.1182~1-e02e3]:main():gmm-align-compiled.cc:127) common_voice_lt_25161193
LOG (gmm-align-compiled[5.5.1182~1-e02e3]:main():gmm-align-compiled.cc:127) common_voice_lt_25161233
LOG (gmm-align-compiled[5.5.1182~1-e02e3]:main():gmm-align-compiled.cc:127) common_voice_lt_25161234
LOG (gmm-align-compiled[5.5.1182~1-e02e3]:main():gmm-align-compiled.cc:127) common_voice_lt_25161237
LOG (gmm-align-compiled[5.5.1182~1-e02e3]:main():gmm-align-compiled.cc:127) common_voice_lt_25161239
LOG (gmm-align-compiled[5.5.1182~1-e02e3]:main():gmm-align-compiled.cc:127) common_voice_lt_25161267
LOG (gmm-align-compiled[5.5.1182~1-e02e3]:main():gmm-align-compiled.cc:127) common_voice_lt_25161269
LOG (gmm-align-compiled[5.5.1182~1-e02e3]:main():gmm-align-compiled.cc:127) common_voice_lt_25161272
LOG (gmm-align-compiled[5.5.1182~1-e02e3]:main():gmm-align-compiled.cc:127) common_voice_lt_25161274
LOG (gmm-align-compiled[5.5.1182~1-e02e3]:main():gmm-align-compiled.cc:127) common_voice_lt_25161275
LOG (gmm-align-compiled[5.5.1182~1-e02e3]:main():gmm-align-compiled.cc:127) common_voice_lt_25161286
LOG (gmm-align-compiled[5.5.1182~1-e02e3]:main():gmm-align-compiled.cc:127) common_voice_lt_25161288
LOG (gmm-align-compiled[5.5.1182~1-e02e3]:main():gmm-align-compiled.cc:127) common_voice_lt_25161289
LOG (gmm-align-compiled[5.5.1182~1-e02e3]:main():gmm-align-compiled.cc:127) common_voice_lt_25161290
LOG (gmm-align-compiled[5.5.1182~1-e02e3]:main():gmm-align-compiled.cc:127) common_voice_lt_25161291
LOG (gmm-align-compiled[5.5.1182~1-e02e3]:main():gmm-align-compiled.cc:127) common_voice_lt_25161306
LOG (gmm-align-compiled[5.5.1182~1-e02e3]:main():gmm-align-compiled.cc:127) common_voice_lt_25161309
LOG (gmm-align-compiled[5.5.1182~1-e02e3]:main():gmm-align-compiled.cc:127) common_voice_lt_25161310
LOG (gmm-align-compiled[5.5.1182~1-e02e3]:main():gmm-align-compiled.cc:127) common_voice_lt_25161312
LOG (gmm-align-compiled[5.5.1182~1-e02e3]:main():gmm-align-compiled.cc:127) common_voice_lt_25161332
LOG (gmm-align-compiled[5.5.1182~1-e02e3]:main():gmm-align-compiled.cc:127) common_voice_lt_25161333
LOG (gmm-align-compiled[5.5.1182~1-e02e3]:main():gmm-align-compiled.cc:127) common_voice_lt_25161334
LOG (gmm-align-compiled[5.5.1182~1-e02e3]:main():gmm-align-compiled.cc:127) common_voice_lt_25161335
LOG (gmm-align-compiled[5.5.1182~1-e02e3]:main():gmm-align-compiled.cc:127) common_voice_lt_25161336
LOG (gmm-align-compiled[5.5.1182~1-e02e3]:main():gmm-align-compiled.cc:127) common_voice_lt_25161348
LOG (gmm-align-compiled[5.5.1182~1-e02e3]:main():gmm-align-compiled.cc:127) common_voice_lt_25161349
LOG (gmm-align-compiled[5.5.1182~1-e02e3]:main():gmm-align-compiled.cc:127) common_voice_lt_25161350
LOG (gmm-align-compiled[5.5.1182~1-e02e3]:main():gmm-align-compiled.cc:127) common_voice_lt_25161351
LOG (gmm-align-compiled[5.5.1182~1-e02e3]:main():gmm-align-compiled.cc:127) common_voice_lt_25161352
LOG (gmm-align-compiled[5.5.1182~1-e02e3]:main():gmm-align-compiled.cc:127) common_voice_lt_25161360
LOG (gmm-align-compiled[5.5.1182~1-e02e3]:main():gmm-align-compiled.cc:127) common_voice_lt_25161362
LOG (gmm-align-compiled[5.5.1182~1-e02e3]:main():gmm-align-compiled.cc:127) common_voice_lt_25161363
LOG (gmm-align-compiled[5.5.1182~1-e02e3]:main():gmm-align-compiled.cc:127) common_voice_lt_25161365
LOG (gmm-align-compiled[5.5.1182~1-e02e3]:main():gmm-align-compiled.cc:127) common_voice_lt_25161367
LOG (gmm-align-compiled[5.5.1182~1-e02e3]:main():gmm-align-compiled.cc:127) common_voice_lt_25161389
LOG (gmm-align-compiled[5.5.1182~1-e02e3]:main():gmm-align-compiled.cc:127) common_voice_lt_25161391
LOG (gmm-align-compiled[5.5.1182~1-e02e3]:main():gmm-align-compiled.cc:127) common_voice_lt_25161393
LOG (gmm-align-compiled[5.5.1182~1-e02e3]:main():gmm-align-compiled.cc:127) common_voice_lt_25161395
LOG (gmm-align-compiled[5.5.1182~1-e02e3]:main():gmm-align-compiled.cc:127) common_voice_lt_25161481
LOG (gmm-align-compiled[5.5.1182~1-e02e3]:main():gmm-align-compiled.cc:127) common_voice_lt_25161482
LOG (gmm-align-compiled[5.5.1182~1-e02e3]:main():gmm-align-compiled.cc:127) common_voice_lt_25161483
LOG (gmm-align-compiled[5.5.1182~1-e02e3]:main():gmm-align-compiled.cc:127) common_voice_lt_25161484
LOG (gmm-align-compiled[5.5.1182~1-e02e3]:main():gmm-align-compiled.cc:127) common_voice_lt_25161485
LOG (gmm-align-compiled[5.5.1182~1-e02e3]:main():gmm-align-compiled.cc:127) common_voice_lt_25161488
LOG (gmm-align-compiled[5.5.1182~1-e02e3]:main():gmm-align-compiled.cc:127) common_voice_lt_25161490
LOG (gmm-align-compiled[5.5.1182~1-e02e3]:main():gmm-align-compiled.cc:127) common_voice_lt_25161491
LOG (gmm-align-compiled[5.5.1182~1-e02e3]:main():gmm-align-compiled.cc:127) common_voice_lt_25161493
LOG (gmm-align-compiled[5.5.1182~1-e02e3]:main():gmm-align-compiled.cc:127) common_voice_lt_25161495
LOG (gmm-align-compiled[5.5.1182~1-e02e3]:main():gmm-align-compiled.cc:127) common_voice_lt_25161520
LOG (gmm-align-compiled[5.5.1182~1-e02e3]:main():gmm-align-compiled.cc:127) common_voice_lt_25161521
LOG (gmm-align-compiled[5.5.1182~1-e02e3]:main():gmm-align-compiled.cc:127) common_voice_lt_25161523
LOG (gmm-align-compiled[5.5.1182~1-e02e3]:main():gmm-align-compiled.cc:127) common_voice_lt_25161524
LOG (gmm-align-compiled[5.5.1182~1-e02e3]:main():gmm-align-compiled.cc:127) common_voice_lt_25161525
LOG (gmm-align-compiled[5.5.1182~1-e02e3]:main():gmm-align-compiled.cc:127) common_voice_lt_25161528
LOG (gmm-align-compiled[5.5.1182~1-e02e3]:main():gmm-align-compiled.cc:127) common_voice_lt_25161529
LOG (gmm-align-compiled[5.5.1182~1-e02e3]:main():gmm-align-compiled.cc:127) common_voice_lt_25161530
LOG (gmm-align-compiled[5.5.1182~1-e02e3]:main():gmm-align-compiled.cc:127) common_voice_lt_25161531
LOG (gmm-align-compiled[5.5.1182~1-e02e3]:main():gmm-align-compiled.cc:127) common_voice_lt_25161532
LOG (gmm-align-compiled[5.5.1182~1-e02e3]:main():gmm-align-compiled.cc:127) common_voice_lt_25161538
LOG (gmm-align-compiled[5.5.1182~1-e02e3]:main():gmm-align-compiled.cc:127) common_voice_lt_25161539
LOG (gmm-align-compiled[5.5.1182~1-e02e3]:main():gmm-align-compiled.cc:127) common_voice_lt_25161540
LOG (gmm-align-compiled[5.5.1182~1-e02e3]:main():gmm-align-compiled.cc:127) common_voice_lt_25161541
LOG (gmm-align-compiled[5.5.1182~1-e02e3]:main():gmm-align-compiled.cc:127) common_voice_lt_25161542
LOG (gmm-align-compiled[5.5.1182~1-e02e3]:main():gmm-align-compiled.cc:127) common_voice_lt_25161554
LOG (gmm-align-compiled[5.5.1182~1-e02e3]:main():gmm-align-compiled.cc:127) common_voice_lt_25161555
LOG (gmm-align-compiled[5.5.1182~1-e02e3]:main():gmm-align-compiled.cc:127) common_voice_lt_25161556
LOG (gmm-align-compiled[5.5.1182~1-e02e3]:main():gmm-align-compiled.cc:127) common_voice_lt_25161557
LOG (gmm-align-compiled[5.5.1182~1-e02e3]:main():gmm-align-compiled.cc:127) common_voice_lt_25161558
LOG (gmm-align-compiled[5.5.1182~1-e02e3]:main():gmm-align-compiled.cc:127) common_voice_lt_25161565
LOG (gmm-align-compiled[5.5.1182~1-e02e3]:main():gmm-align-compiled.cc:127) common_voice_lt_25161566
LOG (gmm-align-compiled[5.5.1182~1-e02e3]:main():gmm-align-compiled.cc:127) common_voice_lt_25161567
LOG (gmm-align-compiled[5.5.1182~1-e02e3]:main():gmm-align-compiled.cc:127) common_voice_lt_25161568
LOG (gmm-align-compiled[5.5.1182~1-e02e3]:main():gmm-align-compiled.cc:127) common_voice_lt_25161571
LOG (gmm-align-compiled[5.5.1182~1-e02e3]:main():gmm-align-compiled.cc:127) common_voice_lt_25161572
LOG (gmm-align-compiled[5.5.1182~1-e02e3]:main():gmm-align-compiled.cc:127) common_voice_lt_25161573
LOG (gmm-align-compiled[5.5.1182~1-e02e3]:main():gmm-align-compiled.cc:127) common_voice_lt_25161574
LOG (gmm-align-compiled[5.5.1182~1-e02e3]:main():gmm-align-compiled.cc:127) common_voice_lt_25161575
LOG (gmm-align-compiled[5.5.1182~1-e02e3]:main():gmm-align-compiled.cc:127) common_voice_lt_25161597
LOG (gmm-align-compiled[5.5.1182~1-e02e3]:main():gmm-align-compiled.cc:127) common_voice_lt_25161598
LOG (gmm-align-compiled[5.5.1182~1-e02e3]:main():gmm-align-compiled.cc:127) common_voice_lt_25161599
LOG (gmm-align-compiled[5.5.1182~1-e02e3]:main():gmm-align-compiled.cc:127) common_voice_lt_25161600
LOG (gmm-align-compiled[5.5.1182~1-e02e3]:main():gmm-align-compiled.cc:127) common_voice_lt_25161601
LOG (gmm-align-compiled[5.5.1182~1-e02e3]:main():gmm-align-compiled.cc:127) common_voice_lt_25161608
LOG (gmm-align-compiled[5.5.1182~1-e02e3]:main():gmm-align-compiled.cc:127) common_voice_lt_25161609
LOG (gmm-align-compiled[5.5.1182~1-e02e3]:main():gmm-align-compiled.cc:127) common_voice_lt_25161610
LOG (gmm-align-compiled[5.5.1182~1-e02e3]:main():gmm-align-compiled.cc:127) common_voice_lt_25161611
LOG (gmm-align-compiled[5.5.1182~1-e02e3]:main():gmm-align-compiled.cc:127) common_voice_lt_25161612
LOG (gmm-align-compiled[5.5.1182~1-e02e3]:main():gmm-align-compiled.cc:127) common_voice_lt_25161619
LOG (gmm-align-compiled[5.5.1182~1-e02e3]:main():gmm-align-compiled.cc:127) common_voice_lt_25161620
LOG (gmm-align-compiled[5.5.1182~1-e02e3]:main():gmm-align-compiled.cc:127) common_voice_lt_25161621
LOG (gmm-align-compiled[5.5.1182~1-e02e3]:main():gmm-align-compiled.cc:127) common_voice_lt_25161622
LOG (gmm-align-compiled[5.5.1182~1-e02e3]:main():gmm-align-compiled.cc:127) common_voice_lt_25161623
LOG (gmm-align-compiled[5.5.1182~1-e02e3]:main():gmm-align-compiled.cc:127) common_voice_lt_25161628
LOG (gmm-align-compiled[5.5.1182~1-e02e3]:main():gmm-align-compiled.cc:127) common_voice_lt_25161630
LOG (gmm-align-compiled[5.5.1182~1-e02e3]:main():gmm-align-compiled.cc:127) common_voice_lt_25161632
LOG (gmm-align-compiled[5.5.1182~1-e02e3]:main():gmm-align-compiled.cc:127) common_voice_lt_25161633
LOG (gmm-align-compiled[5.5.1182~1-e02e3]:main():gmm-align-compiled.cc:127) common_voice_lt_25161634
LOG (gmm-align-compiled[5.5.1182~1-e02e3]:main():gmm-align-compiled.cc:127) common_voice_lt_25162444
LOG (gmm-align-compiled[5.5.1182~1-e02e3]:main():gmm-align-compiled.cc:127) common_voice_lt_25162445
LOG (gmm-align-compiled[5.5.1182~1-e02e3]:main():gmm-align-compiled.cc:127) common_voice_lt_25162446
LOG (gmm-align-compiled[5.5.1182~1-e02e3]:main():gmm-align-compiled.cc:127) common_voice_lt_25162447
LOG (gmm-align-compiled[5.5.1182~1-e02e3]:main():gmm-align-compiled.cc:127) common_voice_lt_25162448
LOG (gmm-align-compiled[5.5.1182~1-e02e3]:main():gmm-align-compiled.cc:127) common_voice_lt_25162449
LOG (gmm-align-compiled[5.5.1182~1-e02e3]:main():gmm-align-compiled.cc:127) common_voice_lt_25162450
LOG (gmm-align-compiled[5.5.1182~1-e02e3]:main():gmm-align-compiled.cc:127) common_voice_lt_25162451
LOG (gmm-align-compiled[5.5.1182~1-e02e3]:main():gmm-align-compiled.cc:127) common_voice_lt_25162452
LOG (gmm-align-compiled[5.5.1182~1-e02e3]:main():gmm-align-compiled.cc:127) common_voice_lt_25162453
LOG (gmm-align-compiled[5.5.1182~1-e02e3]:main():gmm-align-compiled.cc:127) common_voice_lt_25162454
LOG (gmm-align-compiled[5.5.1182~1-e02e3]:main():gmm-align-compiled.cc:127) common_voice_lt_25162455
LOG (gmm-align-compiled[5.5.1182~1-e02e3]:main():gmm-align-compiled.cc:127) common_voice_lt_25162456
LOG (gmm-align-compiled[5.5.1182~1-e02e3]:main():gmm-align-compiled.cc:127) common_voice_lt_25162457
LOG (gmm-align-compiled[5.5.1182~1-e02e3]:main():gmm-align-compiled.cc:127) common_voice_lt_25162458
LOG (gmm-align-compiled[5.5.1182~1-e02e3]:main():gmm-align-compiled.cc:127) common_voice_lt_25162459
LOG (gmm-align-compiled[5.5.1182~1-e02e3]:main():gmm-align-compiled.cc:127) common_voice_lt_25162460
LOG (gmm-align-compiled[5.5.1182~1-e02e3]:main():gmm-align-compiled.cc:127) common_voice_lt_25162461
LOG (gmm-align-compiled[5.5.1182~1-e02e3]:main():gmm-align-compiled.cc:127) common_voice_lt_25162462
LOG (gmm-align-compiled[5.5.1182~1-e02e3]:main():gmm-align-compiled.cc:127) common_voice_lt_25162463
LOG (gmm-align-compiled[5.5.1182~1-e02e3]:main():gmm-align-compiled.cc:127) common_voice_lt_25162464
LOG (gmm-align-compiled[5.5.1182~1-e02e3]:main():gmm-align-compiled.cc:127) common_voice_lt_25162466
LOG (gmm-align-compiled[5.5.1182~1-e02e3]:main():gmm-align-compiled.cc:127) common_voice_lt_25162467
LOG (gmm-align-compiled[5.5.1182~1-e02e3]:main():gmm-align-compiled.cc:127) common_voice_lt_25162470
LOG (gmm-align-compiled[5.5.1182~1-e02e3]:main():gmm-align-compiled.cc:127) common_voice_lt_25162473
LOG (gmm-align-compiled[5.5.1182~1-e02e3]:main():gmm-align-compiled.cc:127) common_voice_lt_25162474
LOG (gmm-align-compiled[5.5.1182~1-e02e3]:main():gmm-align-compiled.cc:127) common_voice_lt_25162475
LOG (gmm-align-compiled[5.5.1182~1-e02e3]:main():gmm-align-compiled.cc:127) common_voice_lt_25162476
LOG (gmm-align-compiled[5.5.1182~1-e02e3]:main():gmm-align-compiled.cc:127) common_voice_lt_25162477
LOG (gmm-align-compiled[5.5.1182~1-e02e3]:main():gmm-align-compiled.cc:127) common_voice_lt_25162478
LOG (gmm-align-compiled[5.5.1182~1-e02e3]:main():gmm-align-compiled.cc:127) common_voice_lt_25162479
LOG (gmm-align-compiled[5.5.1182~1-e02e3]:main():gmm-align-compiled.cc:127) common_voice_lt_25162480
LOG (gmm-align-compiled[5.5.1182~1-e02e3]:main():gmm-align-compiled.cc:127) common_voice_lt_25162481
LOG (gmm-align-compiled[5.5.1182~1-e02e3]:main():gmm-align-compiled.cc:127) common_voice_lt_25162482
LOG (gmm-align-compiled[5.5.1182~1-e02e3]:main():gmm-align-compiled.cc:127) common_voice_lt_25162483
LOG (gmm-align-compiled[5.5.1182~1-e02e3]:main():gmm-align-compiled.cc:127) common_voice_lt_25162484
LOG (gmm-align-compiled[5.5.1182~1-e02e3]:main():gmm-align-compiled.cc:127) common_voice_lt_25162485
LOG (gmm-align-compiled[5.5.1182~1-e02e3]:main():gmm-align-compiled.cc:127) common_voice_lt_25162486
LOG (gmm-align-compiled[5.5.1182~1-e02e3]:main():gmm-align-compiled.cc:127) common_voice_lt_25162487
LOG (gmm-align-compiled[5.5.1182~1-e02e3]:main():gmm-align-compiled.cc:127) common_voice_lt_25162488
LOG (gmm-align-compiled[5.5.1182~1-e02e3]:main():gmm-align-compiled.cc:127) common_voice_lt_25162489
LOG (gmm-align-compiled[5.5.1182~1-e02e3]:main():gmm-align-compiled.cc:127) common_voice_lt_25162490
LOG (gmm-align-compiled[5.5.1182~1-e02e3]:main():gmm-align-compiled.cc:127) common_voice_lt_25162491
LOG (gmm-align-compiled[5.5.1182~1-e02e3]:main():gmm-align-compiled.cc:127) common_voice_lt_25162493
LOG (gmm-align-compiled[5.5.1182~1-e02e3]:main():gmm-align-compiled.cc:127) common_voice_lt_25162494
LOG (gmm-align-compiled[5.5.1182~1-e02e3]:main():gmm-align-compiled.cc:127) common_voice_lt_25162495
LOG (gmm-align-compiled[5.5.1182~1-e02e3]:main():gmm-align-compiled.cc:127) common_voice_lt_25162496
LOG (gmm-align-compiled[5.5.1182~1-e02e3]:main():gmm-align-compiled.cc:127) common_voice_lt_25162497
LOG (gmm-align-compiled[5.5.1182~1-e02e3]:main():gmm-align-compiled.cc:127) common_voice_lt_25162498
LOG (gmm-align-compiled[5.5.1182~1-e02e3]:main():gmm-align-compiled.cc:127) common_voice_lt_25162499
LOG (gmm-align-compiled[5.5.1182~1-e02e3]:main():gmm-align-compiled.cc:127) common_voice_lt_25162500
LOG (gmm-align-compiled[5.5.1182~1-e02e3]:main():gmm-align-compiled.cc:127) common_voice_lt_25162501
LOG (gmm-align-compiled[5.5.1182~1-e02e3]:main():gmm-align-compiled.cc:127) common_voice_lt_25162502
LOG (gmm-align-compiled[5.5.1182~1-e02e3]:main():gmm-align-compiled.cc:127) common_voice_lt_25162503
LOG (gmm-align-compiled[5.5.1182~1-e02e3]:main():gmm-align-compiled.cc:127) common_voice_lt_25162504
LOG (gmm-align-compiled[5.5.1182~1-e02e3]:main():gmm-align-compiled.cc:127) common_voice_lt_25162505
LOG (gmm-align-compiled[5.5.1182~1-e02e3]:main():gmm-align-compiled.cc:127) common_voice_lt_25162506
LOG (gmm-align-compiled[5.5.1182~1-e02e3]:main():gmm-align-compiled.cc:127) common_voice_lt_25162507
LOG (gmm-align-compiled[5.5.1182~1-e02e3]:main():gmm-align-compiled.cc:127) common_voice_lt_25162523
LOG (gmm-align-compiled[5.5.1182~1-e02e3]:main():gmm-align-compiled.cc:127) common_voice_lt_25162524
LOG (gmm-align-compiled[5.5.1182~1-e02e3]:main():gmm-align-compiled.cc:127) common_voice_lt_25162525
LOG (gmm-align-compiled[5.5.1182~1-e02e3]:main():gmm-align-compiled.cc:127) common_voice_lt_25162526
LOG (gmm-align-compiled[5.5.1182~1-e02e3]:main():gmm-align-compiled.cc:127) common_voice_lt_25162528
LOG (gmm-align-compiled[5.5.1182~1-e02e3]:main():gmm-align-compiled.cc:127) common_voice_lt_25162533
LOG (gmm-align-compiled[5.5.1182~1-e02e3]:main():gmm-align-compiled.cc:127) common_voice_lt_25162534
LOG (gmm-align-compiled[5.5.1182~1-e02e3]:main():gmm-align-compiled.cc:127) common_voice_lt_25162535
LOG (gmm-align-compiled[5.5.1182~1-e02e3]:main():gmm-align-compiled.cc:127) common_voice_lt_25162536
LOG (gmm-align-compiled[5.5.1182~1-e02e3]:main():gmm-align-compiled.cc:127) common_voice_lt_25162537
LOG (gmm-align-compiled[5.5.1182~1-e02e3]:main():gmm-align-compiled.cc:127) common_voice_lt_25162540
LOG (gmm-align-compiled[5.5.1182~1-e02e3]:main():gmm-align-compiled.cc:127) common_voice_lt_25162543
LOG (gmm-align-compiled[5.5.1182~1-e02e3]:main():gmm-align-compiled.cc:127) common_voice_lt_25162545
LOG (gmm-align-compiled[5.5.1182~1-e02e3]:main():gmm-align-compiled.cc:127) common_voice_lt_25162546
LOG (gmm-align-compiled[5.5.1182~1-e02e3]:main():gmm-align-compiled.cc:127) common_voice_lt_25162547
LOG (gmm-align-compiled[5.5.1182~1-e02e3]:main():gmm-align-compiled.cc:127) common_voice_lt_25162548
LOG (gmm-align-compiled[5.5.1182~1-e02e3]:main():gmm-align-compiled.cc:127) common_voice_lt_25162549
LOG (gmm-align-compiled[5.5.1182~1-e02e3]:main():gmm-align-compiled.cc:127) common_voice_lt_25162550
LOG (gmm-align-compiled[5.5.1182~1-e02e3]:main():gmm-align-compiled.cc:127) common_voice_lt_25162551
LOG (gmm-align-compiled[5.5.1182~1-e02e3]:main():gmm-align-compiled.cc:127) common_voice_lt_25162552
LOG (gmm-align-compiled[5.5.1182~1-e02e3]:main():gmm-align-compiled.cc:127) common_voice_lt_25162553
LOG (gmm-align-compiled[5.5.1182~1-e02e3]:main():gmm-align-compiled.cc:127) common_voice_lt_25162554
LOG (gmm-align-compiled[5.5.1182~1-e02e3]:main():gmm-align-compiled.cc:127) common_voice_lt_25162555
LOG (gmm-align-compiled[5.5.1182~1-e02e3]:main():gmm-align-compiled.cc:127) common_voice_lt_25162556
LOG (gmm-align-compiled[5.5.1182~1-e02e3]:main():gmm-align-compiled.cc:127) common_voice_lt_25162557
LOG (gmm-align-compiled[5.5.1182~1-e02e3]:main():gmm-align-compiled.cc:127) common_voice_lt_25162561
LOG (gmm-align-compiled[5.5.1182~1-e02e3]:main():gmm-align-compiled.cc:127) common_voice_lt_25162562
LOG (gmm-align-compiled[5.5.1182~1-e02e3]:main():gmm-align-compiled.cc:127) common_voice_lt_25162564
LOG (gmm-align-compiled[5.5.1182~1-e02e3]:main():gmm-align-compiled.cc:127) common_voice_lt_25162565
LOG (gmm-align-compiled[5.5.1182~1-e02e3]:main():gmm-align-compiled.cc:127) common_voice_lt_25162568
LOG (gmm-align-compiled[5.5.1182~1-e02e3]:main():gmm-align-compiled.cc:127) common_voice_lt_25162569
LOG (gmm-align-compiled[5.5.1182~1-e02e3]:main():gmm-align-compiled.cc:127) common_voice_lt_25162570
LOG (gmm-align-compiled[5.5.1182~1-e02e3]:main():gmm-align-compiled.cc:127) common_voice_lt_25162571
LOG (gmm-align-compiled[5.5.1182~1-e02e3]:main():gmm-align-compiled.cc:127) common_voice_lt_25162572
LOG (gmm-align-compiled[5.5.1182~1-e02e3]:main():gmm-align-compiled.cc:127) common_voice_lt_25162573
LOG (gmm-align-compiled[5.5.1182~1-e02e3]:main():gmm-align-compiled.cc:127) common_voice_lt_25162574
LOG (gmm-align-compiled[5.5.1182~1-e02e3]:main():gmm-align-compiled.cc:127) common_voice_lt_25162575
LOG (gmm-align-compiled[5.5.1182~1-e02e3]:main():gmm-align-compiled.cc:127) common_voice_lt_25162576
LOG (gmm-align-compiled[5.5.1182~1-e02e3]:main():gmm-align-compiled.cc:127) common_voice_lt_25162577
LOG (gmm-align-compiled[5.5.1182~1-e02e3]:main():gmm-align-compiled.cc:127) common_voice_lt_25162583
LOG (gmm-align-compiled[5.5.1182~1-e02e3]:main():gmm-align-compiled.cc:127) common_voice_lt_25162584
LOG (gmm-align-compiled[5.5.1182~1-e02e3]:main():gmm-align-compiled.cc:127) common_voice_lt_25162585
LOG (gmm-align-compiled[5.5.1182~1-e02e3]:main():gmm-align-compiled.cc:127) common_voice_lt_25162586
LOG (gmm-align-compiled[5.5.1182~1-e02e3]:main():gmm-align-compiled.cc:127) common_voice_lt_25162587
LOG (gmm-align-compiled[5.5.1182~1-e02e3]:main():gmm-align-compiled.cc:127) common_voice_lt_25162588
LOG (gmm-align-compiled[5.5.1182~1-e02e3]:main():gmm-align-compiled.cc:127) common_voice_lt_25162589
LOG (gmm-align-compiled[5.5.1182~1-e02e3]:main():gmm-align-compiled.cc:127) common_voice_lt_25162590
LOG (gmm-align-compiled[5.5.1182~1-e02e3]:main():gmm-align-compiled.cc:127) common_voice_lt_25162591
LOG (gmm-align-compiled[5.5.1182~1-e02e3]:main():gmm-align-compiled.cc:127) common_voice_lt_25162592
LOG (gmm-align-compiled[5.5.1182~1-e02e3]:main():gmm-align-compiled.cc:127) common_voice_lt_25162593
LOG (gmm-align-compiled[5.5.1182~1-e02e3]:main():gmm-align-compiled.cc:127) common_voice_lt_25162594
LOG (gmm-align-compiled[5.5.1182~1-e02e3]:main():gmm-align-compiled.cc:127) common_voice_lt_25162595
LOG (gmm-align-compiled[5.5.1182~1-e02e3]:main():gmm-align-compiled.cc:127) common_voice_lt_25162596
LOG (gmm-align-compiled[5.5.1182~1-e02e3]:main():gmm-align-compiled.cc:127) common_voice_lt_25162597
LOG (gmm-align-compiled[5.5.1182~1-e02e3]:main():gmm-align-compiled.cc:127) common_voice_lt_25162598
LOG (gmm-align-compiled[5.5.1182~1-e02e3]:main():gmm-align-compiled.cc:127) common_voice_lt_25162599
LOG (gmm-align-compiled[5.5.1182~1-e02e3]:main():gmm-align-compiled.cc:127) common_voice_lt_25162600
LOG (gmm-align-compiled[5.5.1182~1-e02e3]:main():gmm-align-compiled.cc:127) common_voice_lt_25162601
LOG (gmm-align-compiled[5.5.1182~1-e02e3]:main():gmm-align-compiled.cc:127) common_voice_lt_25162602
LOG (gmm-align-compiled[5.5.1182~1-e02e3]:main():gmm-align-compiled.cc:127) common_voice_lt_25162608
LOG (gmm-align-compiled[5.5.1182~1-e02e3]:main():gmm-align-compiled.cc:127) common_voice_lt_25162609
LOG (gmm-align-compiled[5.5.1182~1-e02e3]:main():gmm-align-compiled.cc:127) common_voice_lt_25162610
LOG (gmm-align-compiled[5.5.1182~1-e02e3]:main():gmm-align-compiled.cc:127) common_voice_lt_25162611
LOG (gmm-align-compiled[5.5.1182~1-e02e3]:main():gmm-align-compiled.cc:127) common_voice_lt_25162612
LOG (gmm-align-compiled[5.5.1182~1-e02e3]:main():gmm-align-compiled.cc:127) common_voice_lt_25162613
LOG (gmm-align-compiled[5.5.1182~1-e02e3]:main():gmm-align-compiled.cc:127) common_voice_lt_25162614
LOG (gmm-align-compiled[5.5.1182~1-e02e3]:main():gmm-align-compiled.cc:127) common_voice_lt_25162615
LOG (gmm-align-compiled[5.5.1182~1-e02e3]:main():gmm-align-compiled.cc:127) common_voice_lt_25162616
LOG (gmm-align-compiled[5.5.1182~1-e02e3]:main():gmm-align-compiled.cc:127) common_voice_lt_25162617
LOG (gmm-align-compiled[5.5.1182~1-e02e3]:main():gmm-align-compiled.cc:127) common_voice_lt_25170558
LOG (gmm-align-compiled[5.5.1182~1-e02e3]:main():gmm-align-compiled.cc:127) common_voice_lt_25170559
LOG (gmm-align-compiled[5.5.1182~1-e02e3]:main():gmm-align-compiled.cc:127) common_voice_lt_25170560
LOG (gmm-align-compiled[5.5.1182~1-e02e3]:main():gmm-align-compiled.cc:127) common_voice_lt_25170561
LOG (gmm-align-compiled[5.5.1182~1-e02e3]:main():gmm-align-compiled.cc:127) common_voice_lt_25170562
LOG (gmm-align-compiled[5.5.1182~1-e02e3]:main():gmm-align-compiled.cc:127) common_voice_lt_25170588
LOG (gmm-align-compiled[5.5.1182~1-e02e3]:main():gmm-align-compiled.cc:127) common_voice_lt_25170589
LOG (gmm-align-compiled[5.5.1182~1-e02e3]:main():gmm-align-compiled.cc:127) common_voice_lt_25170590
LOG (gmm-align-compiled[5.5.1182~1-e02e3]:main():gmm-align-compiled.cc:127) common_voice_lt_25170591
LOG (gmm-align-compiled[5.5.1182~1-e02e3]:main():gmm-align-compiled.cc:127) common_voice_lt_25170592
LOG (gmm-align-compiled[5.5.1182~1-e02e3]:main():gmm-align-compiled.cc:127) common_voice_lt_25170598
LOG (gmm-align-compiled[5.5.1182~1-e02e3]:main():gmm-align-compiled.cc:127) common_voice_lt_25170599
LOG (gmm-align-compiled[5.5.1182~1-e02e3]:main():gmm-align-compiled.cc:127) common_voice_lt_25170600
LOG (gmm-align-compiled[5.5.1182~1-e02e3]:main():gmm-align-compiled.cc:127) common_voice_lt_25170601
LOG (gmm-align-compiled[5.5.1182~1-e02e3]:main():gmm-align-compiled.cc:127) common_voice_lt_25170602
LOG (gmm-align-compiled[5.5.1182~1-e02e3]:main():gmm-align-compiled.cc:127) common_voice_lt_25170626
LOG (gmm-align-compiled[5.5.1182~1-e02e3]:main():gmm-align-compiled.cc:127) common_voice_lt_25170627
LOG (gmm-align-compiled[5.5.1182~1-e02e3]:main():gmm-align-compiled.cc:127) common_voice_lt_25170628
LOG (gmm-align-compiled[5.5.1182~1-e02e3]:main():gmm-align-compiled.cc:127) common_voice_lt_25170629
LOG (gmm-align-compiled[5.5.1182~1-e02e3]:main():gmm-align-compiled.cc:127) common_voice_lt_25170645
LOG (gmm-align-compiled[5.5.1182~1-e02e3]:main():gmm-align-compiled.cc:127) common_voice_lt_25170646
LOG (gmm-align-compiled[5.5.1182~1-e02e3]:main():gmm-align-compiled.cc:127) common_voice_lt_25170647
LOG (gmm-align-compiled[5.5.1182~1-e02e3]:main():gmm-align-compiled.cc:127) common_voice_lt_25170648
LOG (gmm-align-compiled[5.5.1182~1-e02e3]:main():gmm-align-compiled.cc:127) common_voice_lt_25170649
LOG (gmm-align-compiled[5.5.1182~1-e02e3]:main():gmm-align-compiled.cc:127) common_voice_lt_25170660
LOG (gmm-align-compiled[5.5.1182~1-e02e3]:main():gmm-align-compiled.cc:127) common_voice_lt_25170661
LOG (gmm-align-compiled[5.5.1182~1-e02e3]:main():gmm-align-compiled.cc:127) common_voice_lt_25170662
LOG (gmm-align-compiled[5.5.1182~1-e02e3]:main():gmm-align-compiled.cc:127) common_voice_lt_25170663
LOG (gmm-align-compiled[5.5.1182~1-e02e3]:main():gmm-align-compiled.cc:127) common_voice_lt_25170664
LOG (gmm-align-compiled[5.5.1182~1-e02e3]:main():gmm-align-compiled.cc:127) common_voice_lt_25170675
LOG (gmm-align-compiled[5.5.1182~1-e02e3]:main():gmm-align-compiled.cc:127) common_voice_lt_25170676
LOG (gmm-align-compiled[5.5.1182~1-e02e3]:main():gmm-align-compiled.cc:127) common_voice_lt_25170677
LOG (gmm-align-compiled[5.5.1182~1-e02e3]:main():gmm-align-compiled.cc:127) common_voice_lt_25170678
LOG (gmm-align-compiled[5.5.1182~1-e02e3]:main():gmm-align-compiled.cc:127) common_voice_lt_25170679
LOG (gmm-align-compiled[5.5.1182~1-e02e3]:main():gmm-align-compiled.cc:127) common_voice_lt_25170710
LOG (gmm-align-compiled[5.5.1182~1-e02e3]:main():gmm-align-compiled.cc:127) common_voice_lt_25170711
LOG (gmm-align-compiled[5.5.1182~1-e02e3]:main():gmm-align-compiled.cc:127) common_voice_lt_25170712
LOG (gmm-align-compiled[5.5.1182~1-e02e3]:main():gmm-align-compiled.cc:127) common_voice_lt_25170713
LOG (gmm-align-compiled[5.5.1182~1-e02e3]:main():gmm-align-compiled.cc:127) common_voice_lt_25170714
LOG (gmm-align-compiled[5.5.1182~1-e02e3]:main():gmm-align-compiled.cc:127) common_voice_lt_25170725
LOG (gmm-align-compiled[5.5.1182~1-e02e3]:main():gmm-align-compiled.cc:127) common_voice_lt_25170726
LOG (gmm-align-compiled[5.5.1182~1-e02e3]:main():gmm-align-compiled.cc:127) common_voice_lt_25170727
LOG (gmm-align-compiled[5.5.1182~1-e02e3]:main():gmm-align-compiled.cc:127) common_voice_lt_25170728
LOG (gmm-align-compiled[5.5.1182~1-e02e3]:main():gmm-align-compiled.cc:127) common_voice_lt_25170729
LOG (gmm-align-compiled[5.5.1182~1-e02e3]:main():gmm-align-compiled.cc:127) common_voice_lt_25170745
LOG (gmm-align-compiled[5.5.1182~1-e02e3]:main():gmm-align-compiled.cc:127) common_voice_lt_25170746
LOG (gmm-align-compiled[5.5.1182~1-e02e3]:main():gmm-align-compiled.cc:127) common_voice_lt_25170747
LOG (gmm-align-compiled[5.5.1182~1-e02e3]:main():gmm-align-compiled.cc:127) common_voice_lt_25170748
LOG (gmm-align-compiled[5.5.1182~1-e02e3]:main():gmm-align-compiled.cc:127) common_voice_lt_25170749
LOG (gmm-align-compiled[5.5.1182~1-e02e3]:main():gmm-align-compiled.cc:127) common_voice_lt_25170760
LOG (gmm-align-compiled[5.5.1182~1-e02e3]:main():gmm-align-compiled.cc:127) common_voice_lt_25170761
LOG (gmm-align-compiled[5.5.1182~1-e02e3]:main():gmm-align-compiled.cc:127) common_voice_lt_25170762
LOG (gmm-align-compiled[5.5.1182~1-e02e3]:main():gmm-align-compiled.cc:127) common_voice_lt_25170763
LOG (gmm-align-compiled[5.5.1182~1-e02e3]:main():gmm-align-compiled.cc:127) common_voice_lt_25170765
LOG (gmm-align-compiled[5.5.1182~1-e02e3]:main():gmm-align-compiled.cc:127) common_voice_lt_25170775
LOG (gmm-align-compiled[5.5.1182~1-e02e3]:main():gmm-align-compiled.cc:127) common_voice_lt_25170776
LOG (gmm-align-compiled[5.5.1182~1-e02e3]:main():gmm-align-compiled.cc:127) common_voice_lt_25170777
LOG (gmm-align-compiled[5.5.1182~1-e02e3]:main():gmm-align-compiled.cc:127) common_voice_lt_25170778
LOG (gmm-align-compiled[5.5.1182~1-e02e3]:main():gmm-align-compiled.cc:127) common_voice_lt_25170779
LOG (gmm-align-compiled[5.5.1182~1-e02e3]:main():gmm-align-compiled.cc:127) common_voice_lt_25170785
LOG (gmm-align-compiled[5.5.1182~1-e02e3]:main():gmm-align-compiled.cc:127) common_voice_lt_25170786
LOG (gmm-align-compiled[5.5.1182~1-e02e3]:main():gmm-align-compiled.cc:127) common_voice_lt_25170787
LOG (gmm-align-compiled[5.5.1182~1-e02e3]:main():gmm-align-compiled.cc:127) common_voice_lt_25170788
LOG (gmm-align-compiled[5.5.1182~1-e02e3]:main():gmm-align-compiled.cc:127) common_voice_lt_25170789
LOG (gmm-align-compiled[5.5.1182~1-e02e3]:main():gmm-align-compiled.cc:127) common_voice_lt_25170795
LOG (gmm-align-compiled[5.5.1182~1-e02e3]:main():gmm-align-compiled.cc:127) common_voice_lt_25170796
LOG (gmm-align-compiled[5.5.1182~1-e02e3]:main():gmm-align-compiled.cc:127) common_voice_lt_25170797
LOG (gmm-align-compiled[5.5.1182~1-e02e3]:main():gmm-align-compiled.cc:127) common_voice_lt_25170798
LOG (gmm-align-compiled[5.5.1182~1-e02e3]:main():gmm-align-compiled.cc:127) common_voice_lt_25170799
LOG (gmm-align-compiled[5.5.1182~1-e02e3]:main():gmm-align-compiled.cc:127) common_voice_lt_25170813
LOG (gmm-align-compiled[5.5.1182~1-e02e3]:main():gmm-align-compiled.cc:127) common_voice_lt_25170814
LOG (gmm-align-compiled[5.5.1182~1-e02e3]:main():gmm-align-compiled.cc:127) common_voice_lt_25170827
LOG (gmm-align-compiled[5.5.1182~1-e02e3]:main():gmm-align-compiled.cc:127) common_voice_lt_25170828
LOG (gmm-align-compiled[5.5.1182~1-e02e3]:main():gmm-align-compiled.cc:127) common_voice_lt_25170829
LOG (gmm-align-compiled[5.5.1182~1-e02e3]:main():gmm-align-compiled.cc:127) common_voice_lt_25170830
LOG (gmm-align-compiled[5.5.1182~1-e02e3]:main():gmm-align-compiled.cc:127) common_voice_lt_25170831
LOG (gmm-align-compiled[5.5.1182~1-e02e3]:main():gmm-align-compiled.cc:127) common_voice_lt_25170857
LOG (gmm-align-compiled[5.5.1182~1-e02e3]:main():gmm-align-compiled.cc:127) common_voice_lt_25170858
LOG (gmm-align-compiled[5.5.1182~1-e02e3]:main():gmm-align-compiled.cc:127) common_voice_lt_25170859
LOG (gmm-align-compiled[5.5.1182~1-e02e3]:main():gmm-align-compiled.cc:127) common_voice_lt_25170860
LOG (gmm-align-compiled[5.5.1182~1-e02e3]:main():gmm-align-compiled.cc:127) common_voice_lt_25170861
LOG (gmm-align-compiled[5.5.1182~1-e02e3]:main():gmm-align-compiled.cc:127) common_voice_lt_25170862
LOG (gmm-align-compiled[5.5.1182~1-e02e3]:main():gmm-align-compiled.cc:127) common_voice_lt_25170863
LOG (gmm-align-compiled[5.5.1182~1-e02e3]:main():gmm-align-compiled.cc:127) common_voice_lt_25170865
LOG (gmm-align-compiled[5.5.1182~1-e02e3]:main():gmm-align-compiled.cc:127) common_voice_lt_25170866
LOG (gmm-align-compiled[5.5.1182~1-e02e3]:main():gmm-align-compiled.cc:127) common_voice_lt_25170867
LOG (gmm-align-compiled[5.5.1182~1-e02e3]:main():gmm-align-compiled.cc:127) common_voice_lt_25170868
LOG (gmm-align-compiled[5.5.1182~1-e02e3]:main():gmm-align-compiled.cc:127) common_voice_lt_25170869
LOG (gmm-align-compiled[5.5.1182~1-e02e3]:main():gmm-align-compiled.cc:127) common_voice_lt_25170870
LOG (gmm-align-compiled[5.5.1182~1-e02e3]:main():gmm-align-compiled.cc:127) common_voice_lt_25170871
LOG (gmm-align-compiled[5.5.1182~1-e02e3]:main():gmm-align-compiled.cc:127) common_voice_lt_25170872
LOG (gmm-align-compiled[5.5.1182~1-e02e3]:main():gmm-align-compiled.cc:127) common_voice_lt_25170873
LOG (gmm-align-compiled[5.5.1182~1-e02e3]:main():gmm-align-compiled.cc:127) common_voice_lt_25170874
LOG (gmm-align-compiled[5.5.1182~1-e02e3]:main():gmm-align-compiled.cc:127) common_voice_lt_25170875
LOG (gmm-align-compiled[5.5.1182~1-e02e3]:main():gmm-align-compiled.cc:127) common_voice_lt_25170876
LOG (gmm-align-compiled[5.5.1182~1-e02e3]:main():gmm-align-compiled.cc:127) common_voice_lt_25170882
LOG (gmm-align-compiled[5.5.1182~1-e02e3]:main():gmm-align-compiled.cc:127) common_voice_lt_25170884
LOG (gmm-align-compiled[5.5.1182~1-e02e3]:main():gmm-align-compiled.cc:127) common_voice_lt_25170885
LOG (gmm-align-compiled[5.5.1182~1-e02e3]:main():gmm-align-compiled.cc:127) common_voice_lt_25170886
LOG (gmm-align-compiled[5.5.1182~1-e02e3]:main():gmm-align-compiled.cc:127) common_voice_lt_25170897
LOG (gmm-align-compiled[5.5.1182~1-e02e3]:main():gmm-align-compiled.cc:127) common_voice_lt_25170898
LOG (gmm-align-compiled[5.5.1182~1-e02e3]:main():gmm-align-compiled.cc:127) common_voice_lt_25170899
LOG (gmm-align-compiled[5.5.1182~1-e02e3]:main():gmm-align-compiled.cc:127) common_voice_lt_25170900
LOG (gmm-align-compiled[5.5.1182~1-e02e3]:main():gmm-align-compiled.cc:127) common_voice_lt_25170901
LOG (gmm-align-compiled[5.5.1182~1-e02e3]:main():gmm-align-compiled.cc:127) common_voice_lt_25170907
LOG (gmm-align-compiled[5.5.1182~1-e02e3]:main():gmm-align-compiled.cc:127) common_voice_lt_25170908
LOG (gmm-align-compiled[5.5.1182~1-e02e3]:main():gmm-align-compiled.cc:127) common_voice_lt_25170909
LOG (gmm-align-compiled[5.5.1182~1-e02e3]:main():gmm-align-compiled.cc:127) common_voice_lt_25170910
LOG (gmm-align-compiled[5.5.1182~1-e02e3]:main():gmm-align-compiled.cc:127) common_voice_lt_25170911
LOG (gmm-align-compiled[5.5.1182~1-e02e3]:main():gmm-align-compiled.cc:127) common_voice_lt_25170912
LOG (gmm-align-compiled[5.5.1182~1-e02e3]:main():gmm-align-compiled.cc:127) common_voice_lt_25170913
LOG (gmm-align-compiled[5.5.1182~1-e02e3]:main():gmm-align-compiled.cc:127) common_voice_lt_25170914
LOG (gmm-align-compiled[5.5.1182~1-e02e3]:main():gmm-align-compiled.cc:127) common_voice_lt_25170915
LOG (gmm-align-compiled[5.5.1182~1-e02e3]:main():gmm-align-compiled.cc:127) common_voice_lt_25170916
LOG (gmm-align-compiled[5.5.1182~1-e02e3]:main():gmm-align-compiled.cc:127) common_voice_lt_25170922
LOG (gmm-align-compiled[5.5.1182~1-e02e3]:main():gmm-align-compiled.cc:127) common_voice_lt_25170923
LOG (gmm-align-compiled[5.5.1182~1-e02e3]:main():gmm-align-compiled.cc:127) common_voice_lt_25170924
LOG (gmm-align-compiled[5.5.1182~1-e02e3]:main():gmm-align-compiled.cc:127) common_voice_lt_25170925
LOG (gmm-align-compiled[5.5.1182~1-e02e3]:main():gmm-align-compiled.cc:127) common_voice_lt_25170926
LOG (gmm-align-compiled[5.5.1182~1-e02e3]:main():gmm-align-compiled.cc:127) common_voice_lt_25170932
LOG (gmm-align-compiled[5.5.1182~1-e02e3]:main():gmm-align-compiled.cc:127) common_voice_lt_25170933
LOG (gmm-align-compiled[5.5.1182~1-e02e3]:main():gmm-align-compiled.cc:127) common_voice_lt_25170934
LOG (gmm-align-compiled[5.5.1182~1-e02e3]:main():gmm-align-compiled.cc:127) common_voice_lt_25170935
LOG (gmm-align-compiled[5.5.1182~1-e02e3]:main():gmm-align-compiled.cc:127) common_voice_lt_25170936
LOG (gmm-align-compiled[5.5.1182~1-e02e3]:main():gmm-align-compiled.cc:127) common_voice_lt_25170942
LOG (gmm-align-compiled[5.5.1182~1-e02e3]:main():gmm-align-compiled.cc:127) common_voice_lt_25170943
LOG (gmm-align-compiled[5.5.1182~1-e02e3]:main():gmm-align-compiled.cc:127) common_voice_lt_25170944
LOG (gmm-align-compiled[5.5.1182~1-e02e3]:main():gmm-align-compiled.cc:127) common_voice_lt_25170945
LOG (gmm-align-compiled[5.5.1182~1-e02e3]:main():gmm-align-compiled.cc:127) common_voice_lt_25170946
LOG (gmm-align-compiled[5.5.1182~1-e02e3]:main():gmm-align-compiled.cc:127) common_voice_lt_25170947
LOG (gmm-align-compiled[5.5.1182~1-e02e3]:main():gmm-align-compiled.cc:127) common_voice_lt_25170948
LOG (gmm-align-compiled[5.5.1182~1-e02e3]:main():gmm-align-compiled.cc:127) common_voice_lt_25170950
LOG (gmm-align-compiled[5.5.1182~1-e02e3]:main():gmm-align-compiled.cc:127) common_voice_lt_25170951
LOG (gmm-align-compiled[5.5.1182~1-e02e3]:main():gmm-align-compiled.cc:127) common_voice_lt_25170962
LOG (gmm-align-compiled[5.5.1182~1-e02e3]:main():gmm-align-compiled.cc:127) common_voice_lt_25170963
LOG (gmm-align-compiled[5.5.1182~1-e02e3]:main():gmm-align-compiled.cc:127) common_voice_lt_25170964
LOG (gmm-align-compiled[5.5.1182~1-e02e3]:main():gmm-align-compiled.cc:127) common_voice_lt_25170965
LOG (gmm-align-compiled[5.5.1182~1-e02e3]:main():gmm-align-compiled.cc:127) common_voice_lt_25170966
LOG (gmm-align-compiled[5.5.1182~1-e02e3]:main():gmm-align-compiled.cc:127) common_voice_lt_25170968
LOG (gmm-align-compiled[5.5.1182~1-e02e3]:main():gmm-align-compiled.cc:127) common_voice_lt_25170969
LOG (gmm-align-compiled[5.5.1182~1-e02e3]:main():gmm-align-compiled.cc:127) common_voice_lt_25170970
LOG (gmm-align-compiled[5.5.1182~1-e02e3]:main():gmm-align-compiled.cc:127) common_voice_lt_25170971
LOG (gmm-align-compiled[5.5.1182~1-e02e3]:main():gmm-align-compiled.cc:127) common_voice_lt_25170972
LOG (gmm-align-compiled[5.5.1182~1-e02e3]:main():gmm-align-compiled.cc:127) common_voice_lt_25180044
LOG (gmm-align-compiled[5.5.1182~1-e02e3]:main():gmm-align-compiled.cc:127) common_voice_lt_25180046
LOG (gmm-align-compiled[5.5.1182~1-e02e3]:main():gmm-align-compiled.cc:127) common_voice_lt_25180048
LOG (gmm-align-compiled[5.5.1182~1-e02e3]:main():gmm-align-compiled.cc:127) common_voice_lt_25180049
LOG (gmm-align-compiled[5.5.1182~1-e02e3]:main():gmm-align-compiled.cc:127) common_voice_lt_25236337
LOG (gmm-align-compiled[5.5.1182~1-e02e3]:main():gmm-align-compiled.cc:127) common_voice_lt_25236338
LOG (gmm-align-compiled[5.5.1182~1-e02e3]:main():gmm-align-compiled.cc:127) common_voice_lt_25236339
LOG (gmm-align-compiled[5.5.1182~1-e02e3]:main():gmm-align-compiled.cc:127) common_voice_lt_25236340
LOG (gmm-align-compiled[5.5.1182~1-e02e3]:main():gmm-align-compiled.cc:127) common_voice_lt_25236341
LOG (gmm-align-compiled[5.5.1182~1-e02e3]:main():gmm-align-compiled.cc:127) common_voice_lt_25236349
LOG (gmm-align-compiled[5.5.1182~1-e02e3]:main():gmm-align-compiled.cc:127) common_voice_lt_25236350
LOG (gmm-align-compiled[5.5.1182~1-e02e3]:main():gmm-align-compiled.cc:127) common_voice_lt_25236351
LOG (gmm-align-compiled[5.5.1182~1-e02e3]:main():gmm-align-compiled.cc:127) common_voice_lt_25236353
LOG (gmm-align-compiled[5.5.1182~1-e02e3]:main():gmm-align-compiled.cc:127) common_voice_lt_25236354
LOG (gmm-align-compiled[5.5.1182~1-e02e3]:main():gmm-align-compiled.cc:127) common_voice_lt_25236355
LOG (gmm-align-compiled[5.5.1182~1-e02e3]:main():gmm-align-compiled.cc:127) common_voice_lt_25236356
LOG (gmm-align-compiled[5.5.1182~1-e02e3]:main():gmm-align-compiled.cc:127) common_voice_lt_25236357
LOG (gmm-align-compiled[5.5.1182~1-e02e3]:main():gmm-align-compiled.cc:127) common_voice_lt_25236358
LOG (gmm-align-compiled[5.5.1182~1-e02e3]:main():gmm-align-compiled.cc:127) common_voice_lt_25236362
LOG (gmm-align-compiled[5.5.1182~1-e02e3]:main():gmm-align-compiled.cc:127) common_voice_lt_25236363
LOG (gmm-align-compiled[5.5.1182~1-e02e3]:main():gmm-align-compiled.cc:127) common_voice_lt_25236365
LOG (gmm-align-compiled[5.5.1182~1-e02e3]:main():gmm-align-compiled.cc:127) common_voice_lt_25236366
LOG (gmm-align-compiled[5.5.1182~1-e02e3]:main():gmm-align-compiled.cc:127) common_voice_lt_25236368
LOG (gmm-align-compiled[5.5.1182~1-e02e3]:main():gmm-align-compiled.cc:127) common_voice_lt_25236369
LOG (gmm-align-compiled[5.5.1182~1-e02e3]:main():gmm-align-compiled.cc:127) common_voice_lt_25236370
LOG (gmm-align-compiled[5.5.1182~1-e02e3]:main():gmm-align-compiled.cc:127) common_voice_lt_25236371
LOG (gmm-align-compiled[5.5.1182~1-e02e3]:main():gmm-align-compiled.cc:127) common_voice_lt_25236373
LOG (gmm-align-compiled[5.5.1182~1-e02e3]:main():gmm-align-compiled.cc:127) common_voice_lt_25236374
LOG (gmm-align-compiled[5.5.1182~1-e02e3]:main():gmm-align-compiled.cc:127) common_voice_lt_25236381
LOG (gmm-align-compiled[5.5.1182~1-e02e3]:main():gmm-align-compiled.cc:127) common_voice_lt_25236382
LOG (apply-cmvn[5.5.1182~1-e02e3]:main():apply-cmvn.cc:162) Applied cepstral mean normalization to 604 utterances, errors on 0
LOG (gmm-align-compiled[5.5.1182~1-e02e3]:main():gmm-align-compiled.cc:127) common_voice_lt_25236383
LOG (compile-train-graphs[5.5.1182~1-e02e3]:main():compile-train-graphs.cc:147) compile-train-graphs: succeeded for 604 graphs, failed for 0
LOG (gmm-align-compiled[5.5.1182~1-e02e3]:main():gmm-align-compiled.cc:127) common_voice_lt_25236384
LOG (gmm-align-compiled[5.5.1182~1-e02e3]:main():gmm-align-compiled.cc:127) common_voice_lt_25236388
LOG (gmm-align-compiled[5.5.1182~1-e02e3]:main():gmm-align-compiled.cc:127) common_voice_lt_25236389
LOG (gmm-align-compiled[5.5.1182~1-e02e3]:main():gmm-align-compiled.cc:127) common_voice_lt_25236390
LOG (gmm-align-compiled[5.5.1182~1-e02e3]:main():gmm-align-compiled.cc:135) Overall log-likelihood per frame is -100.715 over 281257 frames.
LOG (gmm-align-compiled[5.5.1182~1-e02e3]:main():gmm-align-compiled.cc:137) Retried 0 out of 604 utterances.
LOG (gmm-align-compiled[5.5.1182~1-e02e3]:main():gmm-align-compiled.cc:139) Done 604, errors on 0
# Accounting: time=4 threads=1
# Ended (code 0) at Wed Jan 14 11:38:06 EET 2026, elapsed time 4 seconds
